<?xml version="1.0" encoding="ISO-8859-1" ?>
<link_info>
   <banner>MSP430 Linker PC v20.2.5.LTS</banner>
   <copyright>Copyright (c) 2003-2018 Texas Instruments Incorporated</copyright>
   <link_time>0x61f01995</link_time>
   <link_errors>0x0</link_errors>
   <output_file>Lab7_Template.out</output_file>
   <entry_point>
      <name>_c_int00_noargs</name>
      <address>0x4000</address>
   </entry_point>
   <input_file_list>
      <input_file id="fl-2">
         <path>.\</path>
         <kind>object</kind>
         <file>lab7_template.obj</file>
         <name>lab7_template.obj</name>
      </input_file>
      <input_file id="fl-3">
         <path>.\GrLib\fonts\</path>
         <kind>object</kind>
         <file>fontcm12.obj</file>
         <name>fontcm12.obj</name>
      </input_file>
      <input_file id="fl-4">
         <path>.\GrLib\fonts\</path>
         <kind>object</kind>
         <file>fontcm12b.obj</file>
         <name>fontcm12b.obj</name>
      </input_file>
      <input_file id="fl-5">
         <path>.\GrLib\fonts\</path>
         <kind>object</kind>
         <file>fontcm12i.obj</file>
         <name>fontcm12i.obj</name>
      </input_file>
      <input_file id="fl-6">
         <path>.\GrLib\fonts\</path>
         <kind>object</kind>
         <file>fontcm14.obj</file>
         <name>fontcm14.obj</name>
      </input_file>
      <input_file id="fl-7">
         <path>.\GrLib\fonts\</path>
         <kind>object</kind>
         <file>fontcm14b.obj</file>
         <name>fontcm14b.obj</name>
      </input_file>
      <input_file id="fl-8">
         <path>.\GrLib\fonts\</path>
         <kind>object</kind>
         <file>fontcm14i.obj</file>
         <name>fontcm14i.obj</name>
      </input_file>
      <input_file id="fl-9">
         <path>.\GrLib\fonts\</path>
         <kind>object</kind>
         <file>fontcm16.obj</file>
         <name>fontcm16.obj</name>
      </input_file>
      <input_file id="fl-a">
         <path>.\GrLib\fonts\</path>
         <kind>object</kind>
         <file>fontcm16b.obj</file>
         <name>fontcm16b.obj</name>
      </input_file>
      <input_file id="fl-b">
         <path>.\GrLib\fonts\</path>
         <kind>object</kind>
         <file>fontcm16i.obj</file>
         <name>fontcm16i.obj</name>
      </input_file>
      <input_file id="fl-c">
         <path>.\GrLib\fonts\</path>
         <kind>object</kind>
         <file>fontcm18.obj</file>
         <name>fontcm18.obj</name>
      </input_file>
      <input_file id="fl-d">
         <path>.\GrLib\fonts\</path>
         <kind>object</kind>
         <file>fontcm18b.obj</file>
         <name>fontcm18b.obj</name>
      </input_file>
      <input_file id="fl-e">
         <path>.\GrLib\fonts\</path>
         <kind>object</kind>
         <file>fontcm18i.obj</file>
         <name>fontcm18i.obj</name>
      </input_file>
      <input_file id="fl-f">
         <path>.\GrLib\fonts\</path>
         <kind>object</kind>
         <file>fontcm20.obj</file>
         <name>fontcm20.obj</name>
      </input_file>
      <input_file id="fl-10">
         <path>.\GrLib\fonts\</path>
         <kind>object</kind>
         <file>fontcm20b.obj</file>
         <name>fontcm20b.obj</name>
      </input_file>
      <input_file id="fl-11">
         <path>.\GrLib\fonts\</path>
         <kind>object</kind>
         <file>fontcm20i.obj</file>
         <name>fontcm20i.obj</name>
      </input_file>
      <input_file id="fl-12">
         <path>.\GrLib\fonts\</path>
         <kind>object</kind>
         <file>fontcm22.obj</file>
         <name>fontcm22.obj</name>
      </input_file>
      <input_file id="fl-13">
         <path>.\GrLib\fonts\</path>
         <kind>object</kind>
         <file>fontcm22b.obj</file>
         <name>fontcm22b.obj</name>
      </input_file>
      <input_file id="fl-14">
         <path>.\GrLib\fonts\</path>
         <kind>object</kind>
         <file>fontcm22i.obj</file>
         <name>fontcm22i.obj</name>
      </input_file>
      <input_file id="fl-15">
         <path>.\GrLib\fonts\</path>
         <kind>object</kind>
         <file>fontcm24.obj</file>
         <name>fontcm24.obj</name>
      </input_file>
      <input_file id="fl-16">
         <path>.\GrLib\fonts\</path>
         <kind>object</kind>
         <file>fontcm24b.obj</file>
         <name>fontcm24b.obj</name>
      </input_file>
      <input_file id="fl-17">
         <path>.\GrLib\fonts\</path>
         <kind>object</kind>
         <file>fontcm24i.obj</file>
         <name>fontcm24i.obj</name>
      </input_file>
      <input_file id="fl-18">
         <path>.\GrLib\fonts\</path>
         <kind>object</kind>
         <file>fontcm26.obj</file>
         <name>fontcm26.obj</name>
      </input_file>
      <input_file id="fl-19">
         <path>.\GrLib\fonts\</path>
         <kind>object</kind>
         <file>fontcm26b.obj</file>
         <name>fontcm26b.obj</name>
      </input_file>
      <input_file id="fl-1a">
         <path>.\GrLib\fonts\</path>
         <kind>object</kind>
         <file>fontcm26i.obj</file>
         <name>fontcm26i.obj</name>
      </input_file>
      <input_file id="fl-1b">
         <path>.\GrLib\fonts\</path>
         <kind>object</kind>
         <file>fontcm28.obj</file>
         <name>fontcm28.obj</name>
      </input_file>
      <input_file id="fl-1c">
         <path>.\GrLib\fonts\</path>
         <kind>object</kind>
         <file>fontcm28b.obj</file>
         <name>fontcm28b.obj</name>
      </input_file>
      <input_file id="fl-1d">
         <path>.\GrLib\fonts\</path>
         <kind>object</kind>
         <file>fontcm28i.obj</file>
         <name>fontcm28i.obj</name>
      </input_file>
      <input_file id="fl-1e">
         <path>.\GrLib\fonts\</path>
         <kind>object</kind>
         <file>fontcm30.obj</file>
         <name>fontcm30.obj</name>
      </input_file>
      <input_file id="fl-1f">
         <path>.\GrLib\fonts\</path>
         <kind>object</kind>
         <file>fontcm30b.obj</file>
         <name>fontcm30b.obj</name>
      </input_file>
      <input_file id="fl-20">
         <path>.\GrLib\fonts\</path>
         <kind>object</kind>
         <file>fontcm30i.obj</file>
         <name>fontcm30i.obj</name>
      </input_file>
      <input_file id="fl-21">
         <path>.\GrLib\fonts\</path>
         <kind>object</kind>
         <file>fontcm32.obj</file>
         <name>fontcm32.obj</name>
      </input_file>
      <input_file id="fl-22">
         <path>.\GrLib\fonts\</path>
         <kind>object</kind>
         <file>fontcm32b.obj</file>
         <name>fontcm32b.obj</name>
      </input_file>
      <input_file id="fl-23">
         <path>.\GrLib\fonts\</path>
         <kind>object</kind>
         <file>fontcm32i.obj</file>
         <name>fontcm32i.obj</name>
      </input_file>
      <input_file id="fl-24">
         <path>.\GrLib\fonts\</path>
         <kind>object</kind>
         <file>fontcm34.obj</file>
         <name>fontcm34.obj</name>
      </input_file>
      <input_file id="fl-25">
         <path>.\GrLib\fonts\</path>
         <kind>object</kind>
         <file>fontcm34b.obj</file>
         <name>fontcm34b.obj</name>
      </input_file>
      <input_file id="fl-26">
         <path>.\GrLib\fonts\</path>
         <kind>object</kind>
         <file>fontcm34i.obj</file>
         <name>fontcm34i.obj</name>
      </input_file>
      <input_file id="fl-27">
         <path>.\GrLib\fonts\</path>
         <kind>object</kind>
         <file>fontcm36.obj</file>
         <name>fontcm36.obj</name>
      </input_file>
      <input_file id="fl-28">
         <path>.\GrLib\fonts\</path>
         <kind>object</kind>
         <file>fontcm36b.obj</file>
         <name>fontcm36b.obj</name>
      </input_file>
      <input_file id="fl-29">
         <path>.\GrLib\fonts\</path>
         <kind>object</kind>
         <file>fontcm36i.obj</file>
         <name>fontcm36i.obj</name>
      </input_file>
      <input_file id="fl-2a">
         <path>.\GrLib\fonts\</path>
         <kind>object</kind>
         <file>fontcm38.obj</file>
         <name>fontcm38.obj</name>
      </input_file>
      <input_file id="fl-2b">
         <path>.\GrLib\fonts\</path>
         <kind>object</kind>
         <file>fontcm38b.obj</file>
         <name>fontcm38b.obj</name>
      </input_file>
      <input_file id="fl-2c">
         <path>.\GrLib\fonts\</path>
         <kind>object</kind>
         <file>fontcm38i.obj</file>
         <name>fontcm38i.obj</name>
      </input_file>
      <input_file id="fl-2d">
         <path>.\GrLib\fonts\</path>
         <kind>object</kind>
         <file>fontcm40.obj</file>
         <name>fontcm40.obj</name>
      </input_file>
      <input_file id="fl-2e">
         <path>.\GrLib\fonts\</path>
         <kind>object</kind>
         <file>fontcm40b.obj</file>
         <name>fontcm40b.obj</name>
      </input_file>
      <input_file id="fl-2f">
         <path>.\GrLib\fonts\</path>
         <kind>object</kind>
         <file>fontcm40i.obj</file>
         <name>fontcm40i.obj</name>
      </input_file>
      <input_file id="fl-30">
         <path>.\GrLib\fonts\</path>
         <kind>object</kind>
         <file>fontcm42.obj</file>
         <name>fontcm42.obj</name>
      </input_file>
      <input_file id="fl-31">
         <path>.\GrLib\fonts\</path>
         <kind>object</kind>
         <file>fontcm42b.obj</file>
         <name>fontcm42b.obj</name>
      </input_file>
      <input_file id="fl-32">
         <path>.\GrLib\fonts\</path>
         <kind>object</kind>
         <file>fontcm42i.obj</file>
         <name>fontcm42i.obj</name>
      </input_file>
      <input_file id="fl-33">
         <path>.\GrLib\fonts\</path>
         <kind>object</kind>
         <file>fontcm44.obj</file>
         <name>fontcm44.obj</name>
      </input_file>
      <input_file id="fl-34">
         <path>.\GrLib\fonts\</path>
         <kind>object</kind>
         <file>fontcm44b.obj</file>
         <name>fontcm44b.obj</name>
      </input_file>
      <input_file id="fl-35">
         <path>.\GrLib\fonts\</path>
         <kind>object</kind>
         <file>fontcm44i.obj</file>
         <name>fontcm44i.obj</name>
      </input_file>
      <input_file id="fl-36">
         <path>.\GrLib\fonts\</path>
         <kind>object</kind>
         <file>fontcm46.obj</file>
         <name>fontcm46.obj</name>
      </input_file>
      <input_file id="fl-37">
         <path>.\GrLib\fonts\</path>
         <kind>object</kind>
         <file>fontcm46b.obj</file>
         <name>fontcm46b.obj</name>
      </input_file>
      <input_file id="fl-38">
         <path>.\GrLib\fonts\</path>
         <kind>object</kind>
         <file>fontcm46i.obj</file>
         <name>fontcm46i.obj</name>
      </input_file>
      <input_file id="fl-39">
         <path>.\GrLib\fonts\</path>
         <kind>object</kind>
         <file>fontcm48.obj</file>
         <name>fontcm48.obj</name>
      </input_file>
      <input_file id="fl-3a">
         <path>.\GrLib\fonts\</path>
         <kind>object</kind>
         <file>fontcm48b.obj</file>
         <name>fontcm48b.obj</name>
      </input_file>
      <input_file id="fl-3b">
         <path>.\GrLib\fonts\</path>
         <kind>object</kind>
         <file>fontcm48i.obj</file>
         <name>fontcm48i.obj</name>
      </input_file>
      <input_file id="fl-3c">
         <path>.\GrLib\fonts\</path>
         <kind>object</kind>
         <file>fontcmsc12.obj</file>
         <name>fontcmsc12.obj</name>
      </input_file>
      <input_file id="fl-3d">
         <path>.\GrLib\fonts\</path>
         <kind>object</kind>
         <file>fontcmsc14.obj</file>
         <name>fontcmsc14.obj</name>
      </input_file>
      <input_file id="fl-3e">
         <path>.\GrLib\fonts\</path>
         <kind>object</kind>
         <file>fontcmsc16.obj</file>
         <name>fontcmsc16.obj</name>
      </input_file>
      <input_file id="fl-3f">
         <path>.\GrLib\fonts\</path>
         <kind>object</kind>
         <file>fontcmsc18.obj</file>
         <name>fontcmsc18.obj</name>
      </input_file>
      <input_file id="fl-40">
         <path>.\GrLib\fonts\</path>
         <kind>object</kind>
         <file>fontcmsc20.obj</file>
         <name>fontcmsc20.obj</name>
      </input_file>
      <input_file id="fl-41">
         <path>.\GrLib\fonts\</path>
         <kind>object</kind>
         <file>fontcmsc22.obj</file>
         <name>fontcmsc22.obj</name>
      </input_file>
      <input_file id="fl-42">
         <path>.\GrLib\fonts\</path>
         <kind>object</kind>
         <file>fontcmsc24.obj</file>
         <name>fontcmsc24.obj</name>
      </input_file>
      <input_file id="fl-43">
         <path>.\GrLib\fonts\</path>
         <kind>object</kind>
         <file>fontcmsc26.obj</file>
         <name>fontcmsc26.obj</name>
      </input_file>
      <input_file id="fl-44">
         <path>.\GrLib\fonts\</path>
         <kind>object</kind>
         <file>fontcmsc28.obj</file>
         <name>fontcmsc28.obj</name>
      </input_file>
      <input_file id="fl-45">
         <path>.\GrLib\fonts\</path>
         <kind>object</kind>
         <file>fontcmsc30.obj</file>
         <name>fontcmsc30.obj</name>
      </input_file>
      <input_file id="fl-46">
         <path>.\GrLib\fonts\</path>
         <kind>object</kind>
         <file>fontcmsc32.obj</file>
         <name>fontcmsc32.obj</name>
      </input_file>
      <input_file id="fl-47">
         <path>.\GrLib\fonts\</path>
         <kind>object</kind>
         <file>fontcmsc34.obj</file>
         <name>fontcmsc34.obj</name>
      </input_file>
      <input_file id="fl-48">
         <path>.\GrLib\fonts\</path>
         <kind>object</kind>
         <file>fontcmsc36.obj</file>
         <name>fontcmsc36.obj</name>
      </input_file>
      <input_file id="fl-49">
         <path>.\GrLib\fonts\</path>
         <kind>object</kind>
         <file>fontcmsc38.obj</file>
         <name>fontcmsc38.obj</name>
      </input_file>
      <input_file id="fl-4a">
         <path>.\GrLib\fonts\</path>
         <kind>object</kind>
         <file>fontcmsc40.obj</file>
         <name>fontcmsc40.obj</name>
      </input_file>
      <input_file id="fl-4b">
         <path>.\GrLib\fonts\</path>
         <kind>object</kind>
         <file>fontcmsc42.obj</file>
         <name>fontcmsc42.obj</name>
      </input_file>
      <input_file id="fl-4c">
         <path>.\GrLib\fonts\</path>
         <kind>object</kind>
         <file>fontcmsc44.obj</file>
         <name>fontcmsc44.obj</name>
      </input_file>
      <input_file id="fl-4d">
         <path>.\GrLib\fonts\</path>
         <kind>object</kind>
         <file>fontcmsc46.obj</file>
         <name>fontcmsc46.obj</name>
      </input_file>
      <input_file id="fl-4e">
         <path>.\GrLib\fonts\</path>
         <kind>object</kind>
         <file>fontcmsc48.obj</file>
         <name>fontcmsc48.obj</name>
      </input_file>
      <input_file id="fl-4f">
         <path>.\GrLib\fonts\</path>
         <kind>object</kind>
         <file>fontcmss12.obj</file>
         <name>fontcmss12.obj</name>
      </input_file>
      <input_file id="fl-50">
         <path>.\GrLib\fonts\</path>
         <kind>object</kind>
         <file>fontcmss12b.obj</file>
         <name>fontcmss12b.obj</name>
      </input_file>
      <input_file id="fl-51">
         <path>.\GrLib\fonts\</path>
         <kind>object</kind>
         <file>fontcmss12i.obj</file>
         <name>fontcmss12i.obj</name>
      </input_file>
      <input_file id="fl-52">
         <path>.\GrLib\fonts\</path>
         <kind>object</kind>
         <file>fontcmss14.obj</file>
         <name>fontcmss14.obj</name>
      </input_file>
      <input_file id="fl-53">
         <path>.\GrLib\fonts\</path>
         <kind>object</kind>
         <file>fontcmss14b.obj</file>
         <name>fontcmss14b.obj</name>
      </input_file>
      <input_file id="fl-54">
         <path>.\GrLib\fonts\</path>
         <kind>object</kind>
         <file>fontcmss14i.obj</file>
         <name>fontcmss14i.obj</name>
      </input_file>
      <input_file id="fl-55">
         <path>.\GrLib\fonts\</path>
         <kind>object</kind>
         <file>fontcmss16.obj</file>
         <name>fontcmss16.obj</name>
      </input_file>
      <input_file id="fl-56">
         <path>.\GrLib\fonts\</path>
         <kind>object</kind>
         <file>fontcmss16b.obj</file>
         <name>fontcmss16b.obj</name>
      </input_file>
      <input_file id="fl-57">
         <path>.\GrLib\fonts\</path>
         <kind>object</kind>
         <file>fontcmss16i.obj</file>
         <name>fontcmss16i.obj</name>
      </input_file>
      <input_file id="fl-58">
         <path>.\GrLib\fonts\</path>
         <kind>object</kind>
         <file>fontcmss18.obj</file>
         <name>fontcmss18.obj</name>
      </input_file>
      <input_file id="fl-59">
         <path>.\GrLib\fonts\</path>
         <kind>object</kind>
         <file>fontcmss18b.obj</file>
         <name>fontcmss18b.obj</name>
      </input_file>
      <input_file id="fl-5a">
         <path>.\GrLib\fonts\</path>
         <kind>object</kind>
         <file>fontcmss18i.obj</file>
         <name>fontcmss18i.obj</name>
      </input_file>
      <input_file id="fl-5b">
         <path>.\GrLib\fonts\</path>
         <kind>object</kind>
         <file>fontcmss20.obj</file>
         <name>fontcmss20.obj</name>
      </input_file>
      <input_file id="fl-5c">
         <path>.\GrLib\fonts\</path>
         <kind>object</kind>
         <file>fontcmss20b.obj</file>
         <name>fontcmss20b.obj</name>
      </input_file>
      <input_file id="fl-5d">
         <path>.\GrLib\fonts\</path>
         <kind>object</kind>
         <file>fontcmss20i.obj</file>
         <name>fontcmss20i.obj</name>
      </input_file>
      <input_file id="fl-5e">
         <path>.\GrLib\fonts\</path>
         <kind>object</kind>
         <file>fontcmss22.obj</file>
         <name>fontcmss22.obj</name>
      </input_file>
      <input_file id="fl-5f">
         <path>.\GrLib\fonts\</path>
         <kind>object</kind>
         <file>fontcmss22b.obj</file>
         <name>fontcmss22b.obj</name>
      </input_file>
      <input_file id="fl-60">
         <path>.\GrLib\fonts\</path>
         <kind>object</kind>
         <file>fontcmss22i.obj</file>
         <name>fontcmss22i.obj</name>
      </input_file>
      <input_file id="fl-61">
         <path>.\GrLib\fonts\</path>
         <kind>object</kind>
         <file>fontcmss24.obj</file>
         <name>fontcmss24.obj</name>
      </input_file>
      <input_file id="fl-62">
         <path>.\GrLib\fonts\</path>
         <kind>object</kind>
         <file>fontcmss24b.obj</file>
         <name>fontcmss24b.obj</name>
      </input_file>
      <input_file id="fl-63">
         <path>.\GrLib\fonts\</path>
         <kind>object</kind>
         <file>fontcmss24i.obj</file>
         <name>fontcmss24i.obj</name>
      </input_file>
      <input_file id="fl-64">
         <path>.\GrLib\fonts\</path>
         <kind>object</kind>
         <file>fontcmss26.obj</file>
         <name>fontcmss26.obj</name>
      </input_file>
      <input_file id="fl-65">
         <path>.\GrLib\fonts\</path>
         <kind>object</kind>
         <file>fontcmss26b.obj</file>
         <name>fontcmss26b.obj</name>
      </input_file>
      <input_file id="fl-66">
         <path>.\GrLib\fonts\</path>
         <kind>object</kind>
         <file>fontcmss26i.obj</file>
         <name>fontcmss26i.obj</name>
      </input_file>
      <input_file id="fl-67">
         <path>.\GrLib\fonts\</path>
         <kind>object</kind>
         <file>fontcmss28.obj</file>
         <name>fontcmss28.obj</name>
      </input_file>
      <input_file id="fl-68">
         <path>.\GrLib\fonts\</path>
         <kind>object</kind>
         <file>fontcmss28b.obj</file>
         <name>fontcmss28b.obj</name>
      </input_file>
      <input_file id="fl-69">
         <path>.\GrLib\fonts\</path>
         <kind>object</kind>
         <file>fontcmss28i.obj</file>
         <name>fontcmss28i.obj</name>
      </input_file>
      <input_file id="fl-6a">
         <path>.\GrLib\fonts\</path>
         <kind>object</kind>
         <file>fontcmss30.obj</file>
         <name>fontcmss30.obj</name>
      </input_file>
      <input_file id="fl-6b">
         <path>.\GrLib\fonts\</path>
         <kind>object</kind>
         <file>fontcmss30b.obj</file>
         <name>fontcmss30b.obj</name>
      </input_file>
      <input_file id="fl-6c">
         <path>.\GrLib\fonts\</path>
         <kind>object</kind>
         <file>fontcmss30i.obj</file>
         <name>fontcmss30i.obj</name>
      </input_file>
      <input_file id="fl-6d">
         <path>.\GrLib\fonts\</path>
         <kind>object</kind>
         <file>fontcmss32.obj</file>
         <name>fontcmss32.obj</name>
      </input_file>
      <input_file id="fl-6e">
         <path>.\GrLib\fonts\</path>
         <kind>object</kind>
         <file>fontcmss32b.obj</file>
         <name>fontcmss32b.obj</name>
      </input_file>
      <input_file id="fl-6f">
         <path>.\GrLib\fonts\</path>
         <kind>object</kind>
         <file>fontcmss32i.obj</file>
         <name>fontcmss32i.obj</name>
      </input_file>
      <input_file id="fl-70">
         <path>.\GrLib\fonts\</path>
         <kind>object</kind>
         <file>fontcmss34.obj</file>
         <name>fontcmss34.obj</name>
      </input_file>
      <input_file id="fl-71">
         <path>.\GrLib\fonts\</path>
         <kind>object</kind>
         <file>fontcmss34b.obj</file>
         <name>fontcmss34b.obj</name>
      </input_file>
      <input_file id="fl-72">
         <path>.\GrLib\fonts\</path>
         <kind>object</kind>
         <file>fontcmss34i.obj</file>
         <name>fontcmss34i.obj</name>
      </input_file>
      <input_file id="fl-73">
         <path>.\GrLib\fonts\</path>
         <kind>object</kind>
         <file>fontcmss36.obj</file>
         <name>fontcmss36.obj</name>
      </input_file>
      <input_file id="fl-74">
         <path>.\GrLib\fonts\</path>
         <kind>object</kind>
         <file>fontcmss36b.obj</file>
         <name>fontcmss36b.obj</name>
      </input_file>
      <input_file id="fl-75">
         <path>.\GrLib\fonts\</path>
         <kind>object</kind>
         <file>fontcmss36i.obj</file>
         <name>fontcmss36i.obj</name>
      </input_file>
      <input_file id="fl-76">
         <path>.\GrLib\fonts\</path>
         <kind>object</kind>
         <file>fontcmss38.obj</file>
         <name>fontcmss38.obj</name>
      </input_file>
      <input_file id="fl-77">
         <path>.\GrLib\fonts\</path>
         <kind>object</kind>
         <file>fontcmss38b.obj</file>
         <name>fontcmss38b.obj</name>
      </input_file>
      <input_file id="fl-78">
         <path>.\GrLib\fonts\</path>
         <kind>object</kind>
         <file>fontcmss38i.obj</file>
         <name>fontcmss38i.obj</name>
      </input_file>
      <input_file id="fl-79">
         <path>.\GrLib\fonts\</path>
         <kind>object</kind>
         <file>fontcmss40.obj</file>
         <name>fontcmss40.obj</name>
      </input_file>
      <input_file id="fl-7a">
         <path>.\GrLib\fonts\</path>
         <kind>object</kind>
         <file>fontcmss40b.obj</file>
         <name>fontcmss40b.obj</name>
      </input_file>
      <input_file id="fl-7b">
         <path>.\GrLib\fonts\</path>
         <kind>object</kind>
         <file>fontcmss40i.obj</file>
         <name>fontcmss40i.obj</name>
      </input_file>
      <input_file id="fl-7c">
         <path>.\GrLib\fonts\</path>
         <kind>object</kind>
         <file>fontcmss42.obj</file>
         <name>fontcmss42.obj</name>
      </input_file>
      <input_file id="fl-7d">
         <path>.\GrLib\fonts\</path>
         <kind>object</kind>
         <file>fontcmss42b.obj</file>
         <name>fontcmss42b.obj</name>
      </input_file>
      <input_file id="fl-7e">
         <path>.\GrLib\fonts\</path>
         <kind>object</kind>
         <file>fontcmss42i.obj</file>
         <name>fontcmss42i.obj</name>
      </input_file>
      <input_file id="fl-7f">
         <path>.\GrLib\fonts\</path>
         <kind>object</kind>
         <file>fontcmss44.obj</file>
         <name>fontcmss44.obj</name>
      </input_file>
      <input_file id="fl-80">
         <path>.\GrLib\fonts\</path>
         <kind>object</kind>
         <file>fontcmss44b.obj</file>
         <name>fontcmss44b.obj</name>
      </input_file>
      <input_file id="fl-81">
         <path>.\GrLib\fonts\</path>
         <kind>object</kind>
         <file>fontcmss44i.obj</file>
         <name>fontcmss44i.obj</name>
      </input_file>
      <input_file id="fl-82">
         <path>.\GrLib\fonts\</path>
         <kind>object</kind>
         <file>fontcmss46.obj</file>
         <name>fontcmss46.obj</name>
      </input_file>
      <input_file id="fl-83">
         <path>.\GrLib\fonts\</path>
         <kind>object</kind>
         <file>fontcmss46b.obj</file>
         <name>fontcmss46b.obj</name>
      </input_file>
      <input_file id="fl-84">
         <path>.\GrLib\fonts\</path>
         <kind>object</kind>
         <file>fontcmss46i.obj</file>
         <name>fontcmss46i.obj</name>
      </input_file>
      <input_file id="fl-85">
         <path>.\GrLib\fonts\</path>
         <kind>object</kind>
         <file>fontcmss48.obj</file>
         <name>fontcmss48.obj</name>
      </input_file>
      <input_file id="fl-86">
         <path>.\GrLib\fonts\</path>
         <kind>object</kind>
         <file>fontcmss48b.obj</file>
         <name>fontcmss48b.obj</name>
      </input_file>
      <input_file id="fl-87">
         <path>.\GrLib\fonts\</path>
         <kind>object</kind>
         <file>fontcmss48i.obj</file>
         <name>fontcmss48i.obj</name>
      </input_file>
      <input_file id="fl-88">
         <path>.\GrLib\fonts\</path>
         <kind>object</kind>
         <file>fontcmtt12.obj</file>
         <name>fontcmtt12.obj</name>
      </input_file>
      <input_file id="fl-89">
         <path>.\GrLib\fonts\</path>
         <kind>object</kind>
         <file>fontcmtt14.obj</file>
         <name>fontcmtt14.obj</name>
      </input_file>
      <input_file id="fl-8a">
         <path>.\GrLib\fonts\</path>
         <kind>object</kind>
         <file>fontcmtt16.obj</file>
         <name>fontcmtt16.obj</name>
      </input_file>
      <input_file id="fl-8b">
         <path>.\GrLib\fonts\</path>
         <kind>object</kind>
         <file>fontcmtt18.obj</file>
         <name>fontcmtt18.obj</name>
      </input_file>
      <input_file id="fl-8c">
         <path>.\GrLib\fonts\</path>
         <kind>object</kind>
         <file>fontcmtt20.obj</file>
         <name>fontcmtt20.obj</name>
      </input_file>
      <input_file id="fl-8d">
         <path>.\GrLib\fonts\</path>
         <kind>object</kind>
         <file>fontcmtt22.obj</file>
         <name>fontcmtt22.obj</name>
      </input_file>
      <input_file id="fl-8e">
         <path>.\GrLib\fonts\</path>
         <kind>object</kind>
         <file>fontcmtt24.obj</file>
         <name>fontcmtt24.obj</name>
      </input_file>
      <input_file id="fl-8f">
         <path>.\GrLib\fonts\</path>
         <kind>object</kind>
         <file>fontcmtt26.obj</file>
         <name>fontcmtt26.obj</name>
      </input_file>
      <input_file id="fl-90">
         <path>.\GrLib\fonts\</path>
         <kind>object</kind>
         <file>fontcmtt28.obj</file>
         <name>fontcmtt28.obj</name>
      </input_file>
      <input_file id="fl-91">
         <path>.\GrLib\fonts\</path>
         <kind>object</kind>
         <file>fontcmtt30.obj</file>
         <name>fontcmtt30.obj</name>
      </input_file>
      <input_file id="fl-92">
         <path>.\GrLib\fonts\</path>
         <kind>object</kind>
         <file>fontcmtt32.obj</file>
         <name>fontcmtt32.obj</name>
      </input_file>
      <input_file id="fl-93">
         <path>.\GrLib\fonts\</path>
         <kind>object</kind>
         <file>fontcmtt34.obj</file>
         <name>fontcmtt34.obj</name>
      </input_file>
      <input_file id="fl-94">
         <path>.\GrLib\fonts\</path>
         <kind>object</kind>
         <file>fontcmtt36.obj</file>
         <name>fontcmtt36.obj</name>
      </input_file>
      <input_file id="fl-95">
         <path>.\GrLib\fonts\</path>
         <kind>object</kind>
         <file>fontcmtt38.obj</file>
         <name>fontcmtt38.obj</name>
      </input_file>
      <input_file id="fl-96">
         <path>.\GrLib\fonts\</path>
         <kind>object</kind>
         <file>fontcmtt40.obj</file>
         <name>fontcmtt40.obj</name>
      </input_file>
      <input_file id="fl-97">
         <path>.\GrLib\fonts\</path>
         <kind>object</kind>
         <file>fontcmtt42.obj</file>
         <name>fontcmtt42.obj</name>
      </input_file>
      <input_file id="fl-98">
         <path>.\GrLib\fonts\</path>
         <kind>object</kind>
         <file>fontcmtt44.obj</file>
         <name>fontcmtt44.obj</name>
      </input_file>
      <input_file id="fl-99">
         <path>.\GrLib\fonts\</path>
         <kind>object</kind>
         <file>fontcmtt46.obj</file>
         <name>fontcmtt46.obj</name>
      </input_file>
      <input_file id="fl-9a">
         <path>.\GrLib\fonts\</path>
         <kind>object</kind>
         <file>fontcmtt48.obj</file>
         <name>fontcmtt48.obj</name>
      </input_file>
      <input_file id="fl-9b">
         <path>.\GrLib\fonts\</path>
         <kind>object</kind>
         <file>fontfixed6x8.obj</file>
         <name>fontfixed6x8.obj</name>
      </input_file>
      <input_file id="fl-9c">
         <path>.\GrLib\grlib\</path>
         <kind>object</kind>
         <file>button.obj</file>
         <name>button.obj</name>
      </input_file>
      <input_file id="fl-9d">
         <path>.\GrLib\grlib\</path>
         <kind>object</kind>
         <file>checkbox.obj</file>
         <name>checkbox.obj</name>
      </input_file>
      <input_file id="fl-9e">
         <path>.\GrLib\grlib\</path>
         <kind>object</kind>
         <file>circle.obj</file>
         <name>circle.obj</name>
      </input_file>
      <input_file id="fl-9f">
         <path>.\GrLib\grlib\</path>
         <kind>object</kind>
         <file>context.obj</file>
         <name>context.obj</name>
      </input_file>
      <input_file id="fl-a0">
         <path>.\GrLib\grlib\</path>
         <kind>object</kind>
         <file>display.obj</file>
         <name>display.obj</name>
      </input_file>
      <input_file id="fl-a1">
         <path>.\GrLib\grlib\</path>
         <kind>object</kind>
         <file>image.obj</file>
         <name>image.obj</name>
      </input_file>
      <input_file id="fl-a2">
         <path>.\GrLib\grlib\</path>
         <kind>object</kind>
         <file>imageButton.obj</file>
         <name>imageButton.obj</name>
      </input_file>
      <input_file id="fl-a3">
         <path>.\GrLib\grlib\</path>
         <kind>object</kind>
         <file>line.obj</file>
         <name>line.obj</name>
      </input_file>
      <input_file id="fl-a4">
         <path>.\GrLib\grlib\</path>
         <kind>object</kind>
         <file>radioButton.obj</file>
         <name>radioButton.obj</name>
      </input_file>
      <input_file id="fl-a5">
         <path>.\GrLib\grlib\</path>
         <kind>object</kind>
         <file>rectangle.obj</file>
         <name>rectangle.obj</name>
      </input_file>
      <input_file id="fl-a6">
         <path>.\GrLib\grlib\</path>
         <kind>object</kind>
         <file>string.obj</file>
         <name>string.obj</name>
      </input_file>
      <input_file id="fl-a7">
         <path>.\LcdDrivermsp430\</path>
         <kind>object</kind>
         <file>Crystalfontz128x128_ST7735.obj</file>
         <name>Crystalfontz128x128_ST7735.obj</name>
      </input_file>
      <input_file id="fl-a8">
         <path>.\LcdDrivermsp430\</path>
         <kind>object</kind>
         <file>HAL_MSP_EXP430FR5994_Crystalfontz128x128_ST7735.obj</file>
         <name>HAL_MSP_EXP430FR5994_Crystalfontz128x128_ST7735.obj</name>
      </input_file>
      <input_file id="fl-a9">
         <path>.\driverlib\MSP430FR5xx_6xx\</path>
         <kind>object</kind>
         <file>adc12_b.obj</file>
         <name>adc12_b.obj</name>
      </input_file>
      <input_file id="fl-aa">
         <path>.\driverlib\MSP430FR5xx_6xx\</path>
         <kind>object</kind>
         <file>aes256.obj</file>
         <name>aes256.obj</name>
      </input_file>
      <input_file id="fl-ab">
         <path>.\driverlib\MSP430FR5xx_6xx\</path>
         <kind>object</kind>
         <file>comp_e.obj</file>
         <name>comp_e.obj</name>
      </input_file>
      <input_file id="fl-ac">
         <path>.\driverlib\MSP430FR5xx_6xx\</path>
         <kind>object</kind>
         <file>crc.obj</file>
         <name>crc.obj</name>
      </input_file>
      <input_file id="fl-ad">
         <path>.\driverlib\MSP430FR5xx_6xx\</path>
         <kind>object</kind>
         <file>crc32.obj</file>
         <name>crc32.obj</name>
      </input_file>
      <input_file id="fl-ae">
         <path>.\driverlib\MSP430FR5xx_6xx\</path>
         <kind>object</kind>
         <file>cs.obj</file>
         <name>cs.obj</name>
      </input_file>
      <input_file id="fl-af">
         <path>.\driverlib\MSP430FR5xx_6xx\</path>
         <kind>object</kind>
         <file>dma.obj</file>
         <name>dma.obj</name>
      </input_file>
      <input_file id="fl-b0">
         <path>.\driverlib\MSP430FR5xx_6xx\</path>
         <kind>object</kind>
         <file>esi.obj</file>
         <name>esi.obj</name>
      </input_file>
      <input_file id="fl-b1">
         <path>.\driverlib\MSP430FR5xx_6xx\</path>
         <kind>object</kind>
         <file>eusci_a_spi.obj</file>
         <name>eusci_a_spi.obj</name>
      </input_file>
      <input_file id="fl-b2">
         <path>.\driverlib\MSP430FR5xx_6xx\</path>
         <kind>object</kind>
         <file>eusci_a_uart.obj</file>
         <name>eusci_a_uart.obj</name>
      </input_file>
      <input_file id="fl-b3">
         <path>.\driverlib\MSP430FR5xx_6xx\</path>
         <kind>object</kind>
         <file>eusci_b_i2c.obj</file>
         <name>eusci_b_i2c.obj</name>
      </input_file>
      <input_file id="fl-b4">
         <path>.\driverlib\MSP430FR5xx_6xx\</path>
         <kind>object</kind>
         <file>eusci_b_spi.obj</file>
         <name>eusci_b_spi.obj</name>
      </input_file>
      <input_file id="fl-b5">
         <path>.\driverlib\MSP430FR5xx_6xx\</path>
         <kind>object</kind>
         <file>framctl.obj</file>
         <name>framctl.obj</name>
      </input_file>
      <input_file id="fl-b6">
         <path>.\driverlib\MSP430FR5xx_6xx\</path>
         <kind>object</kind>
         <file>framctl_a.obj</file>
         <name>framctl_a.obj</name>
      </input_file>
      <input_file id="fl-b7">
         <path>.\driverlib\MSP430FR5xx_6xx\</path>
         <kind>object</kind>
         <file>gpio.obj</file>
         <name>gpio.obj</name>
      </input_file>
      <input_file id="fl-b8">
         <path>.\driverlib\MSP430FR5xx_6xx\</path>
         <kind>object</kind>
         <file>hspll.obj</file>
         <name>hspll.obj</name>
      </input_file>
      <input_file id="fl-b9">
         <path>.\driverlib\MSP430FR5xx_6xx\</path>
         <kind>object</kind>
         <file>lcd_c.obj</file>
         <name>lcd_c.obj</name>
      </input_file>
      <input_file id="fl-ba">
         <path>.\driverlib\MSP430FR5xx_6xx\</path>
         <kind>object</kind>
         <file>mpu.obj</file>
         <name>mpu.obj</name>
      </input_file>
      <input_file id="fl-bb">
         <path>.\driverlib\MSP430FR5xx_6xx\</path>
         <kind>object</kind>
         <file>mpy32.obj</file>
         <name>mpy32.obj</name>
      </input_file>
      <input_file id="fl-bc">
         <path>.\driverlib\MSP430FR5xx_6xx\</path>
         <kind>object</kind>
         <file>mtif.obj</file>
         <name>mtif.obj</name>
      </input_file>
      <input_file id="fl-bd">
         <path>.\driverlib\MSP430FR5xx_6xx\</path>
         <kind>object</kind>
         <file>pmm.obj</file>
         <name>pmm.obj</name>
      </input_file>
      <input_file id="fl-be">
         <path>.\driverlib\MSP430FR5xx_6xx\</path>
         <kind>object</kind>
         <file>ram.obj</file>
         <name>ram.obj</name>
      </input_file>
      <input_file id="fl-bf">
         <path>.\driverlib\MSP430FR5xx_6xx\</path>
         <kind>object</kind>
         <file>ref_a.obj</file>
         <name>ref_a.obj</name>
      </input_file>
      <input_file id="fl-c0">
         <path>.\driverlib\MSP430FR5xx_6xx\</path>
         <kind>object</kind>
         <file>rtc_b.obj</file>
         <name>rtc_b.obj</name>
      </input_file>
      <input_file id="fl-c1">
         <path>.\driverlib\MSP430FR5xx_6xx\</path>
         <kind>object</kind>
         <file>rtc_c.obj</file>
         <name>rtc_c.obj</name>
      </input_file>
      <input_file id="fl-c2">
         <path>.\driverlib\MSP430FR5xx_6xx\</path>
         <kind>object</kind>
         <file>saph.obj</file>
         <name>saph.obj</name>
      </input_file>
      <input_file id="fl-c3">
         <path>.\driverlib\MSP430FR5xx_6xx\</path>
         <kind>object</kind>
         <file>saph_a.obj</file>
         <name>saph_a.obj</name>
      </input_file>
      <input_file id="fl-c4">
         <path>.\driverlib\MSP430FR5xx_6xx\</path>
         <kind>object</kind>
         <file>sdhs.obj</file>
         <name>sdhs.obj</name>
      </input_file>
      <input_file id="fl-c5">
         <path>.\driverlib\MSP430FR5xx_6xx\</path>
         <kind>object</kind>
         <file>sfr.obj</file>
         <name>sfr.obj</name>
      </input_file>
      <input_file id="fl-c6">
         <path>.\driverlib\MSP430FR5xx_6xx\</path>
         <kind>object</kind>
         <file>sysctl.obj</file>
         <name>sysctl.obj</name>
      </input_file>
      <input_file id="fl-c7">
         <path>.\driverlib\MSP430FR5xx_6xx\</path>
         <kind>object</kind>
         <file>timer_a.obj</file>
         <name>timer_a.obj</name>
      </input_file>
      <input_file id="fl-c8">
         <path>.\driverlib\MSP430FR5xx_6xx\</path>
         <kind>object</kind>
         <file>timer_b.obj</file>
         <name>timer_b.obj</name>
      </input_file>
      <input_file id="fl-c9">
         <path>.\driverlib\MSP430FR5xx_6xx\</path>
         <kind>object</kind>
         <file>tlv.obj</file>
         <name>tlv.obj</name>
      </input_file>
      <input_file id="fl-ca">
         <path>.\driverlib\MSP430FR5xx_6xx\</path>
         <kind>object</kind>
         <file>uups.obj</file>
         <name>uups.obj</name>
      </input_file>
      <input_file id="fl-cb">
         <path>.\driverlib\MSP430FR5xx_6xx\</path>
         <kind>object</kind>
         <file>wdt_a.obj</file>
         <name>wdt_a.obj</name>
      </input_file>
      <input_file id="fl-d1">
         <kind>object</kind>
         <file>&lt;internal&gt;</file>
         <name>&lt;internal&gt;</name>
      </input_file>
      <input_file id="fl-ec">
         <path>C:\ti\ccs1040\ccs\tools\compiler\ti-cgt-msp430_20.2.5.LTS\lib\</path>
         <kind>archive</kind>
         <file>rts430x_lc_rd_eabi.lib</file>
         <name>copy_decompress_lzss.c.obj</name>
      </input_file>
      <input_file id="fl-ed">
         <path>C:\ti\ccs1040\ccs\tools\compiler\ti-cgt-msp430_20.2.5.LTS\lib\</path>
         <kind>archive</kind>
         <file>rts430x_lc_rd_eabi.lib</file>
         <name>copy_decompress_none.c.obj</name>
      </input_file>
      <input_file id="fl-ee">
         <path>C:\ti\ccs1040\ccs\tools\compiler\ti-cgt-msp430_20.2.5.LTS\lib\</path>
         <kind>archive</kind>
         <file>rts430x_lc_rd_eabi.lib</file>
         <name>int18.asm.obj</name>
      </input_file>
      <input_file id="fl-ef">
         <path>C:\ti\ccs1040\ccs\tools\compiler\ti-cgt-msp430_20.2.5.LTS\lib\</path>
         <kind>archive</kind>
         <file>rts430x_lc_rd_eabi.lib</file>
         <name>isr_trap.asm.obj</name>
      </input_file>
      <input_file id="fl-f0">
         <path>C:\ti\ccs1040\ccs\tools\compiler\ti-cgt-msp430_20.2.5.LTS\lib\</path>
         <kind>archive</kind>
         <file>rts430x_lc_rd_eabi.lib</file>
         <name>int19.asm.obj</name>
      </input_file>
      <input_file id="fl-f1">
         <path>C:\ti\ccs1040\ccs\tools\compiler\ti-cgt-msp430_20.2.5.LTS\lib\</path>
         <kind>archive</kind>
         <file>rts430x_lc_rd_eabi.lib</file>
         <name>int20.asm.obj</name>
      </input_file>
      <input_file id="fl-f2">
         <path>C:\ti\ccs1040\ccs\tools\compiler\ti-cgt-msp430_20.2.5.LTS\lib\</path>
         <kind>archive</kind>
         <file>rts430x_lc_rd_eabi.lib</file>
         <name>int21.asm.obj</name>
      </input_file>
      <input_file id="fl-f3">
         <path>C:\ti\ccs1040\ccs\tools\compiler\ti-cgt-msp430_20.2.5.LTS\lib\</path>
         <kind>archive</kind>
         <file>rts430x_lc_rd_eabi.lib</file>
         <name>int22.asm.obj</name>
      </input_file>
      <input_file id="fl-f4">
         <path>C:\ti\ccs1040\ccs\tools\compiler\ti-cgt-msp430_20.2.5.LTS\lib\</path>
         <kind>archive</kind>
         <file>rts430x_lc_rd_eabi.lib</file>
         <name>int23.asm.obj</name>
      </input_file>
      <input_file id="fl-f5">
         <path>C:\ti\ccs1040\ccs\tools\compiler\ti-cgt-msp430_20.2.5.LTS\lib\</path>
         <kind>archive</kind>
         <file>rts430x_lc_rd_eabi.lib</file>
         <name>int24.asm.obj</name>
      </input_file>
      <input_file id="fl-f6">
         <path>C:\ti\ccs1040\ccs\tools\compiler\ti-cgt-msp430_20.2.5.LTS\lib\</path>
         <kind>archive</kind>
         <file>rts430x_lc_rd_eabi.lib</file>
         <name>int25.asm.obj</name>
      </input_file>
      <input_file id="fl-f7">
         <path>C:\ti\ccs1040\ccs\tools\compiler\ti-cgt-msp430_20.2.5.LTS\lib\</path>
         <kind>archive</kind>
         <file>rts430x_lc_rd_eabi.lib</file>
         <name>int26.asm.obj</name>
      </input_file>
      <input_file id="fl-f8">
         <path>C:\ti\ccs1040\ccs\tools\compiler\ti-cgt-msp430_20.2.5.LTS\lib\</path>
         <kind>archive</kind>
         <file>rts430x_lc_rd_eabi.lib</file>
         <name>int27.asm.obj</name>
      </input_file>
      <input_file id="fl-f9">
         <path>C:\ti\ccs1040\ccs\tools\compiler\ti-cgt-msp430_20.2.5.LTS\lib\</path>
         <kind>archive</kind>
         <file>rts430x_lc_rd_eabi.lib</file>
         <name>int28.asm.obj</name>
      </input_file>
      <input_file id="fl-fa">
         <path>C:\ti\ccs1040\ccs\tools\compiler\ti-cgt-msp430_20.2.5.LTS\lib\</path>
         <kind>archive</kind>
         <file>rts430x_lc_rd_eabi.lib</file>
         <name>int29.asm.obj</name>
      </input_file>
      <input_file id="fl-fb">
         <path>C:\ti\ccs1040\ccs\tools\compiler\ti-cgt-msp430_20.2.5.LTS\lib\</path>
         <kind>archive</kind>
         <file>rts430x_lc_rd_eabi.lib</file>
         <name>int30.asm.obj</name>
      </input_file>
      <input_file id="fl-fc">
         <path>C:\ti\ccs1040\ccs\tools\compiler\ti-cgt-msp430_20.2.5.LTS\lib\</path>
         <kind>archive</kind>
         <file>rts430x_lc_rd_eabi.lib</file>
         <name>int31.asm.obj</name>
      </input_file>
      <input_file id="fl-fd">
         <path>C:\ti\ccs1040\ccs\tools\compiler\ti-cgt-msp430_20.2.5.LTS\lib\</path>
         <kind>archive</kind>
         <file>rts430x_lc_rd_eabi.lib</file>
         <name>int32.asm.obj</name>
      </input_file>
      <input_file id="fl-fe">
         <path>C:\ti\ccs1040\ccs\tools\compiler\ti-cgt-msp430_20.2.5.LTS\lib\</path>
         <kind>archive</kind>
         <file>rts430x_lc_rd_eabi.lib</file>
         <name>int33.asm.obj</name>
      </input_file>
      <input_file id="fl-ff">
         <path>C:\ti\ccs1040\ccs\tools\compiler\ti-cgt-msp430_20.2.5.LTS\lib\</path>
         <kind>archive</kind>
         <file>rts430x_lc_rd_eabi.lib</file>
         <name>int34.asm.obj</name>
      </input_file>
      <input_file id="fl-100">
         <path>C:\ti\ccs1040\ccs\tools\compiler\ti-cgt-msp430_20.2.5.LTS\lib\</path>
         <kind>archive</kind>
         <file>rts430x_lc_rd_eabi.lib</file>
         <name>int35.asm.obj</name>
      </input_file>
      <input_file id="fl-101">
         <path>C:\ti\ccs1040\ccs\tools\compiler\ti-cgt-msp430_20.2.5.LTS\lib\</path>
         <kind>archive</kind>
         <file>rts430x_lc_rd_eabi.lib</file>
         <name>int36.asm.obj</name>
      </input_file>
      <input_file id="fl-102">
         <path>C:\ti\ccs1040\ccs\tools\compiler\ti-cgt-msp430_20.2.5.LTS\lib\</path>
         <kind>archive</kind>
         <file>rts430x_lc_rd_eabi.lib</file>
         <name>int37.asm.obj</name>
      </input_file>
      <input_file id="fl-103">
         <path>C:\ti\ccs1040\ccs\tools\compiler\ti-cgt-msp430_20.2.5.LTS\lib\</path>
         <kind>archive</kind>
         <file>rts430x_lc_rd_eabi.lib</file>
         <name>int38.asm.obj</name>
      </input_file>
      <input_file id="fl-104">
         <path>C:\ti\ccs1040\ccs\tools\compiler\ti-cgt-msp430_20.2.5.LTS\lib\</path>
         <kind>archive</kind>
         <file>rts430x_lc_rd_eabi.lib</file>
         <name>int39.asm.obj</name>
      </input_file>
      <input_file id="fl-105">
         <path>C:\ti\ccs1040\ccs\tools\compiler\ti-cgt-msp430_20.2.5.LTS\lib\</path>
         <kind>archive</kind>
         <file>rts430x_lc_rd_eabi.lib</file>
         <name>int40.asm.obj</name>
      </input_file>
      <input_file id="fl-106">
         <path>C:\ti\ccs1040\ccs\tools\compiler\ti-cgt-msp430_20.2.5.LTS\lib\</path>
         <kind>archive</kind>
         <file>rts430x_lc_rd_eabi.lib</file>
         <name>int41.asm.obj</name>
      </input_file>
      <input_file id="fl-107">
         <path>C:\ti\ccs1040\ccs\tools\compiler\ti-cgt-msp430_20.2.5.LTS\lib\</path>
         <kind>archive</kind>
         <file>rts430x_lc_rd_eabi.lib</file>
         <name>int42.asm.obj</name>
      </input_file>
      <input_file id="fl-108">
         <path>C:\ti\ccs1040\ccs\tools\compiler\ti-cgt-msp430_20.2.5.LTS\lib\</path>
         <kind>archive</kind>
         <file>rts430x_lc_rd_eabi.lib</file>
         <name>int43.asm.obj</name>
      </input_file>
      <input_file id="fl-109">
         <path>C:\ti\ccs1040\ccs\tools\compiler\ti-cgt-msp430_20.2.5.LTS\lib\</path>
         <kind>archive</kind>
         <file>rts430x_lc_rd_eabi.lib</file>
         <name>int44.asm.obj</name>
      </input_file>
      <input_file id="fl-10a">
         <path>C:\ti\ccs1040\ccs\tools\compiler\ti-cgt-msp430_20.2.5.LTS\lib\</path>
         <kind>archive</kind>
         <file>rts430x_lc_rd_eabi.lib</file>
         <name>int45.asm.obj</name>
      </input_file>
      <input_file id="fl-10b">
         <path>C:\ti\ccs1040\ccs\tools\compiler\ti-cgt-msp430_20.2.5.LTS\lib\</path>
         <kind>archive</kind>
         <file>rts430x_lc_rd_eabi.lib</file>
         <name>int46.asm.obj</name>
      </input_file>
      <input_file id="fl-10c">
         <path>C:\ti\ccs1040\ccs\tools\compiler\ti-cgt-msp430_20.2.5.LTS\lib\</path>
         <kind>archive</kind>
         <file>rts430x_lc_rd_eabi.lib</file>
         <name>int47.asm.obj</name>
      </input_file>
      <input_file id="fl-10d">
         <path>C:\ti\ccs1040\ccs\tools\compiler\ti-cgt-msp430_20.2.5.LTS\lib\</path>
         <kind>archive</kind>
         <file>rts430x_lc_rd_eabi.lib</file>
         <name>int48.asm.obj</name>
      </input_file>
      <input_file id="fl-10e">
         <path>C:\ti\ccs1040\ccs\tools\compiler\ti-cgt-msp430_20.2.5.LTS\lib\</path>
         <kind>archive</kind>
         <file>rts430x_lc_rd_eabi.lib</file>
         <name>int49.asm.obj</name>
      </input_file>
      <input_file id="fl-10f">
         <path>C:\ti\ccs1040\ccs\tools\compiler\ti-cgt-msp430_20.2.5.LTS\lib\</path>
         <kind>archive</kind>
         <file>rts430x_lc_rd_eabi.lib</file>
         <name>int50.asm.obj</name>
      </input_file>
      <input_file id="fl-110">
         <path>C:\ti\ccs1040\ccs\tools\compiler\ti-cgt-msp430_20.2.5.LTS\lib\</path>
         <kind>archive</kind>
         <file>rts430x_lc_rd_eabi.lib</file>
         <name>int51.asm.obj</name>
      </input_file>
      <input_file id="fl-111">
         <path>C:\ti\ccs1040\ccs\tools\compiler\ti-cgt-msp430_20.2.5.LTS\lib\</path>
         <kind>archive</kind>
         <file>rts430x_lc_rd_eabi.lib</file>
         <name>int52.asm.obj</name>
      </input_file>
      <input_file id="fl-112">
         <path>C:\ti\ccs1040\ccs\tools\compiler\ti-cgt-msp430_20.2.5.LTS\lib\</path>
         <kind>archive</kind>
         <file>rts430x_lc_rd_eabi.lib</file>
         <name>int53.asm.obj</name>
      </input_file>
      <input_file id="fl-113">
         <path>C:\ti\ccs1040\ccs\tools\compiler\ti-cgt-msp430_20.2.5.LTS\lib\</path>
         <kind>archive</kind>
         <file>rts430x_lc_rd_eabi.lib</file>
         <name>int54.asm.obj</name>
      </input_file>
      <input_file id="fl-114">
         <path>C:\ti\ccs1040\ccs\tools\compiler\ti-cgt-msp430_20.2.5.LTS\lib\</path>
         <kind>archive</kind>
         <file>rts430x_lc_rd_eabi.lib</file>
         <name>copy_zero_init.c.obj</name>
      </input_file>
      <input_file id="fl-115">
         <path>C:\ti\ccs1040\ccs\tools\compiler\ti-cgt-msp430_20.2.5.LTS\lib\</path>
         <kind>archive</kind>
         <file>rts430x_lc_rd_eabi.lib</file>
         <name>div16s.asm.obj</name>
      </input_file>
      <input_file id="fl-116">
         <path>C:\ti\ccs1040\ccs\tools\compiler\ti-cgt-msp430_20.2.5.LTS\lib\</path>
         <kind>archive</kind>
         <file>rts430x_lc_rd_eabi.lib</file>
         <name>div32s.asm.obj</name>
      </input_file>
      <input_file id="fl-117">
         <path>C:\ti\ccs1040\ccs\tools\compiler\ti-cgt-msp430_20.2.5.LTS\lib\</path>
         <kind>archive</kind>
         <file>rts430x_lc_rd_eabi.lib</file>
         <name>div16u.asm.obj</name>
      </input_file>
      <input_file id="fl-118">
         <path>C:\ti\ccs1040\ccs\tools\compiler\ti-cgt-msp430_20.2.5.LTS\lib\</path>
         <kind>archive</kind>
         <file>rts430x_lc_rd_eabi.lib</file>
         <name>div32u.asm.obj</name>
      </input_file>
      <input_file id="fl-119">
         <path>C:\ti\ccs1040\ccs\tools\compiler\ti-cgt-msp430_20.2.5.LTS\lib\</path>
         <kind>archive</kind>
         <file>rts430x_lc_rd_eabi.lib</file>
         <name>mult16.asm.obj</name>
      </input_file>
      <input_file id="fl-11a">
         <path>C:\ti\ccs1040\ccs\tools\compiler\ti-cgt-msp430_20.2.5.LTS\lib\</path>
         <kind>archive</kind>
         <file>rts430x_lc_rd_eabi.lib</file>
         <name>mult16_f5hw.asm.obj</name>
      </input_file>
      <input_file id="fl-11b">
         <path>C:\ti\ccs1040\ccs\tools\compiler\ti-cgt-msp430_20.2.5.LTS\lib\</path>
         <kind>archive</kind>
         <file>rts430x_lc_rd_eabi.lib</file>
         <name>mult32.asm.obj</name>
      </input_file>
      <input_file id="fl-11c">
         <path>C:\ti\ccs1040\ccs\tools\compiler\ti-cgt-msp430_20.2.5.LTS\lib\</path>
         <kind>archive</kind>
         <file>rts430x_lc_rd_eabi.lib</file>
         <name>mult32_f5hw.asm.obj</name>
      </input_file>
      <input_file id="fl-11d">
         <path>C:\ti\ccs1040\ccs\tools\compiler\ti-cgt-msp430_20.2.5.LTS\lib\</path>
         <kind>archive</kind>
         <file>rts430x_lc_rd_eabi.lib</file>
         <name>mult64_f5hw.asm.obj</name>
      </input_file>
      <input_file id="fl-11e">
         <path>C:\ti\ccs1040\ccs\tools\compiler\ti-cgt-msp430_20.2.5.LTS\lib\</path>
         <kind>archive</kind>
         <file>rts430x_lc_rd_eabi.lib</file>
         <name>mult1632_f5hw.asm.obj</name>
      </input_file>
      <input_file id="fl-11f">
         <path>C:\ti\ccs1040\ccs\tools\compiler\ti-cgt-msp430_20.2.5.LTS\lib\</path>
         <kind>archive</kind>
         <file>rts430x_lc_rd_eabi.lib</file>
         <name>mult3264_f5hw.asm.obj</name>
      </input_file>
      <input_file id="fl-120">
         <path>C:\ti\ccs1040\ccs\tools\compiler\ti-cgt-msp430_20.2.5.LTS\lib\</path>
         <kind>archive</kind>
         <file>rts430x_lc_rd_eabi.lib</file>
         <name>lsl16.asm.obj</name>
      </input_file>
      <input_file id="fl-121">
         <path>C:\ti\ccs1040\ccs\tools\compiler\ti-cgt-msp430_20.2.5.LTS\lib\</path>
         <kind>archive</kind>
         <file>rts430x_lc_rd_eabi.lib</file>
         <name>asr16.asm.obj</name>
      </input_file>
      <input_file id="fl-122">
         <path>C:\ti\ccs1040\ccs\tools\compiler\ti-cgt-msp430_20.2.5.LTS\lib\</path>
         <kind>archive</kind>
         <file>rts430x_lc_rd_eabi.lib</file>
         <name>lsr16.asm.obj</name>
      </input_file>
      <input_file id="fl-123">
         <path>C:\ti\ccs1040\ccs\tools\compiler\ti-cgt-msp430_20.2.5.LTS\lib\</path>
         <kind>archive</kind>
         <file>rts430x_lc_rd_eabi.lib</file>
         <name>lsr32.asm.obj</name>
      </input_file>
      <input_file id="fl-124">
         <path>C:\ti\ccs1040\ccs\tools\compiler\ti-cgt-msp430_20.2.5.LTS\lib\</path>
         <kind>archive</kind>
         <file>rts430x_lc_rd_eabi.lib</file>
         <name>boot.c.obj</name>
      </input_file>
      <input_file id="fl-125">
         <path>C:\ti\ccs1040\ccs\tools\compiler\ti-cgt-msp430_20.2.5.LTS\lib\</path>
         <kind>archive</kind>
         <file>rts430x_lc_rd_eabi.lib</file>
         <name>mpu_init.c.obj</name>
      </input_file>
      <input_file id="fl-126">
         <path>C:\ti\ccs1040\ccs\tools\compiler\ti-cgt-msp430_20.2.5.LTS\lib\</path>
         <kind>archive</kind>
         <file>rts430x_lc_rd_eabi.lib</file>
         <name>args_main.c.obj</name>
      </input_file>
      <input_file id="fl-127">
         <path>C:\ti\ccs1040\ccs\tools\compiler\ti-cgt-msp430_20.2.5.LTS\lib\</path>
         <kind>archive</kind>
         <file>rts430x_lc_rd_eabi.lib</file>
         <name>autoinit.c.obj</name>
      </input_file>
      <input_file id="fl-128">
         <path>C:\ti\ccs1040\ccs\tools\compiler\ti-cgt-msp430_20.2.5.LTS\lib\</path>
         <kind>archive</kind>
         <file>rts430x_lc_rd_eabi.lib</file>
         <name>startup.c.obj</name>
      </input_file>
      <input_file id="fl-129">
         <path>C:\ti\ccs1040\ccs\tools\compiler\ti-cgt-msp430_20.2.5.LTS\lib\</path>
         <kind>archive</kind>
         <file>rts430x_lc_rd_eabi.lib</file>
         <name>pre_init.c.obj</name>
      </input_file>
      <input_file id="fl-12a">
         <path>C:\ti\ccs1040\ccs\tools\compiler\ti-cgt-msp430_20.2.5.LTS\lib\</path>
         <kind>archive</kind>
         <file>rts430x_lc_rd_eabi.lib</file>
         <name>cpy_tbl.c.obj</name>
      </input_file>
      <input_file id="fl-12b">
         <path>C:\ti\ccs1040\ccs\tools\compiler\ti-cgt-msp430_20.2.5.LTS\lib\</path>
         <kind>archive</kind>
         <file>rts430x_lc_rd_eabi.lib</file>
         <name>exit.c.obj</name>
      </input_file>
      <input_file id="fl-12c">
         <path>C:\ti\ccs1040\ccs\tools\compiler\ti-cgt-msp430_20.2.5.LTS\lib\</path>
         <kind>archive</kind>
         <file>rts430x_lc_rd_eabi.lib</file>
         <name>exit_gvars.c.obj</name>
      </input_file>
      <input_file id="fl-12d">
         <path>C:\ti\ccs1040\ccs\tools\compiler\ti-cgt-msp430_20.2.5.LTS\lib\</path>
         <kind>archive</kind>
         <file>rts430x_lc_rd_eabi.lib</file>
         <name>_lock.c.obj</name>
      </input_file>
      <input_file id="fl-12e">
         <path>C:\ti\ccs1040\ccs\tools\compiler\ti-cgt-msp430_20.2.5.LTS\lib\</path>
         <kind>archive</kind>
         <file>rts430x_lc_rd_eabi.lib</file>
         <name>memcpy.c.obj</name>
      </input_file>
      <input_file id="fl-12f">
         <path>C:\ti\ccs1040\ccs\tools\compiler\ti-cgt-msp430_20.2.5.LTS\lib\</path>
         <kind>archive</kind>
         <file>rts430x_lc_rd_eabi.lib</file>
         <name>sprintf.c.obj</name>
      </input_file>
      <input_file id="fl-130">
         <path>C:\ti\ccs1040\ccs\tools\compiler\ti-cgt-msp430_20.2.5.LTS\lib\</path>
         <kind>archive</kind>
         <file>rts430x_lc_rd_eabi.lib</file>
         <name>_printfi_nf.c.obj</name>
      </input_file>
      <input_file id="fl-131">
         <path>C:\ti\ccs1040\ccs\tools\compiler\ti-cgt-msp430_20.2.5.LTS\lib\</path>
         <kind>archive</kind>
         <file>rts430x_lc_rd_eabi.lib</file>
         <name>div64u.c.obj</name>
      </input_file>
      <input_file id="fl-132">
         <path>C:\ti\ccs1040\ccs\tools\compiler\ti-cgt-msp430_20.2.5.LTS\lib\</path>
         <kind>archive</kind>
         <file>rts430x_lc_rd_eabi.lib</file>
         <name>lsl64.c.obj</name>
      </input_file>
      <input_file id="fl-133">
         <path>C:\ti\ccs1040\ccs\tools\compiler\ti-cgt-msp430_20.2.5.LTS\lib\</path>
         <kind>archive</kind>
         <file>rts430x_lc_rd_eabi.lib</file>
         <name>lsr64.c.obj</name>
      </input_file>
      <input_file id="fl-134">
         <path>C:\ti\ccs1040\ccs\tools\compiler\ti-cgt-msp430_20.2.5.LTS\lib\</path>
         <kind>archive</kind>
         <file>rts430x_lc_rd_eabi.lib</file>
         <name>atoi.c.obj</name>
      </input_file>
      <input_file id="fl-135">
         <path>C:\ti\ccs1040\ccs\tools\compiler\ti-cgt-msp430_20.2.5.LTS\lib\</path>
         <kind>archive</kind>
         <file>rts430x_lc_rd_eabi.lib</file>
         <name>ctype.c.obj</name>
      </input_file>
      <input_file id="fl-136">
         <path>C:\ti\ccs1040\ccs\tools\compiler\ti-cgt-msp430_20.2.5.LTS\lib\</path>
         <kind>archive</kind>
         <file>rts430x_lc_rd_eabi.lib</file>
         <name>errno.c.obj</name>
      </input_file>
      <input_file id="fl-137">
         <path>C:\ti\ccs1040\ccs\tools\compiler\ti-cgt-msp430_20.2.5.LTS\lib\</path>
         <kind>archive</kind>
         <file>rts430x_lc_rd_eabi.lib</file>
         <name>memccpy.c.obj</name>
      </input_file>
      <input_file id="fl-138">
         <path>C:\ti\ccs1040\ccs\tools\compiler\ti-cgt-msp430_20.2.5.LTS\lib\</path>
         <kind>archive</kind>
         <file>rts430x_lc_rd_eabi.lib</file>
         <name>memset.c.obj</name>
      </input_file>
      <input_file id="fl-139">
         <path>C:\ti\ccs1040\ccs\tools\compiler\ti-cgt-msp430_20.2.5.LTS\lib\</path>
         <kind>archive</kind>
         <file>rts430x_lc_rd_eabi.lib</file>
         <name>strlen.c.obj</name>
      </input_file>
      <input_file id="fl-13a">
         <path>C:\ti\ccs1040\ccs\tools\compiler\ti-cgt-msp430_20.2.5.LTS\lib\</path>
         <kind>archive</kind>
         <file>rts430x_lc_rd_eabi.lib</file>
         <name>wcslen.c.obj</name>
      </input_file>
   </input_file_list>
   <object_component_list>
      <object_component id="oc-bad">
         <name>__TI_handler_table</name>
         <load_address>0x45cc</load_address>
         <run_address>0x45cc</run_address>
         <size>0xc</size>
      </object_component>
      <object_component id="oc-baf">
         <name>.cinit..bss.load</name>
         <load_address>0x45d8</load_address>
         <run_address>0x45d8</run_address>
         <size>0x6</size>
      </object_component>
      <object_component id="oc-bb0">
         <name>.cinit..data.load</name>
         <load_address>0x45de</load_address>
         <run_address>0x45de</run_address>
         <size>0x6</size>
      </object_component>
      <object_component id="oc-bae">
         <name>__TI_cinit_table</name>
         <load_address>0x45e4</load_address>
         <run_address>0x45e4</run_address>
         <size>0x10</size>
      </object_component>
      <object_component id="oc-b3c">
         <name>.binit</name>
         <load_address>0x4000</load_address>
         <run_address>0x4000</run_address>
         <size>0x0</size>
      </object_component>
      <object_component id="oc-6f4">
         <name>.text:_isr:_c_int00_noargs</name>
         <load_address>0x4000</load_address>
         <run_address>0x4000</run_address>
         <size>0x1c</size>
         <input_file_ref idref="fl-124"/>
      </object_component>
      <object_component id="oc-6dd">
         <name>.text:_isr:__TI_ISR_TRAP</name>
         <load_address>0x401c</load_address>
         <run_address>0x401c</run_address>
         <size>0x8</size>
         <input_file_ref idref="fl-ef"/>
      </object_component>
      <object_component id="oc-984">
         <name>.const:.string:g_pucFontFixed6x8Data</name>
         <load_address>0x4024</load_address>
         <run_address>0x4024</run_address>
         <size>0x2f8</size>
         <input_file_ref idref="fl-9b"/>
      </object_component>
      <object_component id="oc-acf">
         <name>.const:.string:_ctypes_</name>
         <load_address>0x431c</load_address>
         <run_address>0x431c</run_address>
         <size>0x101</size>
         <input_file_ref idref="fl-135"/>
      </object_component>
      <object_component id="oc-850">
         <name>.const:g_sFontFixed6x8</name>
         <load_address>0x441e</load_address>
         <run_address>0x441e</run_address>
         <size>0xc8</size>
         <input_file_ref idref="fl-9b"/>
      </object_component>
      <object_component id="oc-784">
         <name>.const:.string</name>
         <load_address>0x44e6</load_address>
         <run_address>0x44e6</run_address>
         <size>0x40</size>
         <input_file_ref idref="fl-2"/>
      </object_component>
      <object_component id="oc-83b">
         <name>.const:g_sCrystalfontz128x128</name>
         <load_address>0x4526</load_address>
         <run_address>0x4526</run_address>
         <size>0x2c</size>
         <input_file_ref idref="fl-a7"/>
      </object_component>
      <object_component id="oc-a7b">
         <name>.const:.string</name>
         <load_address>0x4552</load_address>
         <run_address>0x4552</run_address>
         <size>0x26</size>
         <input_file_ref idref="fl-130"/>
      </object_component>
      <object_component id="oc-904">
         <name>.const:GPIO_PORT_TO_BASE</name>
         <load_address>0x4578</load_address>
         <run_address>0x4578</run_address>
         <size>0x1c</size>
         <input_file_ref idref="fl-b7"/>
      </object_component>
      <object_component id="oc-a26">
         <name>.const:$P$T0$1</name>
         <load_address>0x4594</load_address>
         <run_address>0x4594</run_address>
         <size>0x12</size>
         <input_file_ref idref="fl-a8"/>
      </object_component>
      <object_component id="oc-808">
         <name>.const:$P$T0$1</name>
         <load_address>0x45a6</load_address>
         <run_address>0x45a6</run_address>
         <size>0xa</size>
         <input_file_ref idref="fl-2"/>
      </object_component>
      <object_component id="oc-81d">
         <name>.const:$P$T1$2</name>
         <load_address>0x45b0</load_address>
         <run_address>0x45b0</run_address>
         <size>0xa</size>
         <input_file_ref idref="fl-2"/>
      </object_component>
      <object_component id="oc-826">
         <name>.const:$P$T2$3</name>
         <load_address>0x45ba</load_address>
         <run_address>0x45ba</run_address>
         <size>0xa</size>
         <input_file_ref idref="fl-2"/>
      </object_component>
      <object_component id="oc-a5f">
         <name>.const:$P$T0$1</name>
         <load_address>0x45c4</load_address>
         <run_address>0x45c4</run_address>
         <size>0x8</size>
         <input_file_ref idref="fl-a7"/>
      </object_component>
      <object_component id="oc-89a">
         <name>.text:Graphics_drawString</name>
         <load_address>0x10000</load_address>
         <run_address>0x10000</run_address>
         <size>0x810</size>
         <input_file_ref idref="fl-a6"/>
      </object_component>
      <object_component id="oc-b02">
         <name>.text:__mspabi_divull</name>
         <load_address>0x10810</load_address>
         <run_address>0x10810</run_address>
         <size>0x34e</size>
         <input_file_ref idref="fl-131"/>
      </object_component>
      <object_component id="oc-86c">
         <name>.text:__TI_printfi_nofloat</name>
         <load_address>0x10b5e</load_address>
         <run_address>0x10b5e</run_address>
         <size>0x298</size>
         <input_file_ref idref="fl-130"/>
      </object_component>
      <object_component id="oc-9a0">
         <name>.text:_setfield</name>
         <load_address>0x10df6</load_address>
         <run_address>0x10df6</run_address>
         <size>0x230</size>
         <input_file_ref idref="fl-130"/>
      </object_component>
      <object_component id="oc-ad6">
         <name>.text:_getarg_diouxp</name>
         <load_address>0x11026</load_address>
         <run_address>0x11026</run_address>
         <size>0x20c</size>
         <input_file_ref idref="fl-130"/>
      </object_component>
      <object_component id="oc-73e">
         <name>.text:main</name>
         <load_address>0x11232</load_address>
         <run_address>0x11232</run_address>
         <size>0x14c</size>
         <input_file_ref idref="fl-2"/>
      </object_component>
      <object_component id="oc-a7c">
         <name>.text:_pproc_diouxp</name>
         <load_address>0x1137e</load_address>
         <run_address>0x1137e</run_address>
         <size>0x148</size>
         <input_file_ref idref="fl-130"/>
      </object_component>
      <object_component id="oc-94e">
         <name>.text:Crystalfontz128x128_PixelDrawMultiple</name>
         <load_address>0x114c6</load_address>
         <run_address>0x114c6</run_address>
         <size>0x13e</size>
         <input_file_ref idref="fl-a7"/>
      </object_component>
      <object_component id="oc-adc">
         <name>.text:_ltostr</name>
         <load_address>0x11604</load_address>
         <run_address>0x11604</run_address>
         <size>0x128</size>
         <input_file_ref idref="fl-130"/>
      </object_component>
      <object_component id="oc-82f">
         <name>.text:Crystalfontz128x128_Init</name>
         <load_address>0x1172c</load_address>
         <run_address>0x1172c</run_address>
         <size>0x122</size>
         <input_file_ref idref="fl-a7"/>
      </object_component>
      <object_component id="oc-99a">
         <name>.text:_pproc_fwp</name>
         <load_address>0x1184e</load_address>
         <run_address>0x1184e</run_address>
         <size>0xea</size>
         <input_file_ref idref="fl-130"/>
      </object_component>
      <object_component id="oc-9d2">
         <name>.text:Graphics_drawLineH</name>
         <load_address>0x11938</load_address>
         <run_address>0x11938</run_address>
         <size>0xdc</size>
         <input_file_ref idref="fl-a3"/>
      </object_component>
      <object_component id="oc-778">
         <name>.text:ADC_init</name>
         <load_address>0x11a14</load_address>
         <run_address>0x11a14</run_address>
         <size>0xd0</size>
         <input_file_ref idref="fl-2"/>
      </object_component>
      <object_component id="oc-9ac">
         <name>.text:_pproc_wstr</name>
         <load_address>0x11ae4</load_address>
         <run_address>0x11ae4</run_address>
         <size>0xc8</size>
         <input_file_ref idref="fl-130"/>
      </object_component>
      <object_component id="oc-88f">
         <name>.text:Graphics_getStringWidth</name>
         <load_address>0x11bac</load_address>
         <run_address>0x11bac</run_address>
         <size>0xc2</size>
         <input_file_ref idref="fl-a6"/>
      </object_component>
      <object_component id="oc-93f">
         <name>.text:Crystalfontz128x128_SetDrawFrame</name>
         <load_address>0x11c6e</load_address>
         <run_address>0x11c6e</run_address>
         <size>0xa8</size>
         <input_file_ref idref="fl-a7"/>
      </object_component>
      <object_component id="oc-9a6">
         <name>.text:_pproc_str</name>
         <load_address>0x11d16</load_address>
         <run_address>0x11d16</run_address>
         <size>0xa6</size>
         <input_file_ref idref="fl-130"/>
      </object_component>
      <object_component id="oc-80b">
         <name>.text:ADC12_B_init</name>
         <load_address>0x11dbc</load_address>
         <run_address>0x11dbc</run_address>
         <size>0x98</size>
         <input_file_ref idref="fl-a9"/>
      </object_component>
      <object_component id="oc-8b3">
         <name>.text:Timer_A_initUpMode</name>
         <load_address>0x11e54</load_address>
         <run_address>0x11e54</run_address>
         <size>0x7c</size>
         <input_file_ref idref="fl-c7"/>
      </object_component>
      <object_component id="oc-78e">
         <name>.text:Graphics_drawStringCentered</name>
         <load_address>0x11ed0</load_address>
         <run_address>0x11ed0</run_address>
         <size>0x78</size>
         <input_file_ref idref="fl-a6"/>
      </object_component>
      <object_component id="oc-84">
         <name>.text:decompress:lzss:__TI_decompress_lzss</name>
         <load_address>0x11f48</load_address>
         <run_address>0x11f48</run_address>
         <size>0x76</size>
         <input_file_ref idref="fl-ec"/>
      </object_component>
      <object_component id="oc-800">
         <name>.text:GPIO_setAsPeripheralModuleFunctionInputPin</name>
         <load_address>0x11fbe</load_address>
         <run_address>0x11fbe</run_address>
         <size>0x72</size>
         <input_file_ref idref="fl-b7"/>
      </object_component>
      <object_component id="oc-a19">
         <name>.text:GPIO_setAsPeripheralModuleFunctionOutputPin</name>
         <load_address>0x12030</load_address>
         <run_address>0x12030</run_address>
         <size>0x72</size>
         <input_file_ref idref="fl-b7"/>
      </object_component>
      <object_component id="oc-a6e">
         <name>.text:atoi</name>
         <load_address>0x120a2</load_address>
         <run_address>0x120a2</run_address>
         <size>0x62</size>
         <input_file_ref idref="fl-134"/>
      </object_component>
      <object_component id="oc-960">
         <name>.text:Crystalfontz128x128_RectFill</name>
         <load_address>0x12104</load_address>
         <run_address>0x12104</run_address>
         <size>0x5a</size>
         <input_file_ref idref="fl-a7"/>
      </object_component>
      <object_component id="oc-9c1">
         <name>.text</name>
         <load_address>0x1215e</load_address>
         <run_address>0x1215e</run_address>
         <size>0x58</size>
         <input_file_ref idref="fl-118"/>
      </object_component>
      <object_component id="oc-a29">
         <name>.text:EUSCI_B_SPI_initMaster</name>
         <load_address>0x121b6</load_address>
         <run_address>0x121b6</run_address>
         <size>0x56</size>
         <input_file_ref idref="fl-b4"/>
      </object_component>
      <object_component id="oc-7df">
         <name>.text:__TI_auto_init_nobinit_nopinit_hold_wdt:__TI_auto_init_nobinit_nopinit_hold_wdt</name>
         <load_address>0x1220c</load_address>
         <run_address>0x1220c</run_address>
         <size>0x54</size>
         <input_file_ref idref="fl-127"/>
      </object_component>
      <object_component id="oc-820">
         <name>.text:ADC12_B_configureMemory</name>
         <load_address>0x12260</load_address>
         <run_address>0x12260</run_address>
         <size>0x50</size>
         <input_file_ref idref="fl-a9"/>
      </object_component>
      <object_component id="oc-9cc">
         <name>.text:Graphics_getNumberOfLeadingZeros</name>
         <load_address>0x122b0</load_address>
         <run_address>0x122b0</run_address>
         <size>0x4a</size>
         <input_file_ref idref="fl-a6"/>
      </object_component>
      <object_component id="oc-835">
         <name>.text:Crystalfontz128x128_SetOrientation</name>
         <load_address>0x122fa</load_address>
         <run_address>0x122fa</run_address>
         <size>0x46</size>
         <input_file_ref idref="fl-a7"/>
      </object_component>
      <object_component id="oc-77e">
         <name>.text:LCD_init</name>
         <load_address>0x12340</load_address>
         <run_address>0x12340</run_address>
         <size>0x46</size>
         <input_file_ref idref="fl-2"/>
      </object_component>
      <object_component id="oc-785">
         <name>.text:sprintf</name>
         <load_address>0x12386</load_address>
         <run_address>0x12386</run_address>
         <size>0x44</size>
         <input_file_ref idref="fl-12f"/>
      </object_component>
      <object_component id="oc-966">
         <name>.text:Crystalfontz128x128_ColorTranslate</name>
         <load_address>0x123ca</load_address>
         <run_address>0x123ca</run_address>
         <size>0x42</size>
         <input_file_ref idref="fl-a7"/>
      </object_component>
      <object_component id="oc-895">
         <name>.text</name>
         <load_address>0x1240c</load_address>
         <run_address>0x1240c</run_address>
         <size>0x40</size>
         <input_file_ref idref="fl-116"/>
      </object_component>
      <object_component id="oc-794">
         <name>.text:ADC12_B_startConversion</name>
         <load_address>0x1244c</load_address>
         <run_address>0x1244c</run_address>
         <size>0x3e</size>
         <input_file_ref idref="fl-a9"/>
      </object_component>
      <object_component id="oc-a58">
         <name>.text:l_lsr_const</name>
         <load_address>0x1248a</load_address>
         <run_address>0x1248a</run_address>
         <size>0x3e</size>
         <input_file_ref idref="fl-123"/>
      </object_component>
      <object_component id="oc-95a">
         <name>.text:Crystalfontz128x128_LineDrawV</name>
         <load_address>0x124c8</load_address>
         <run_address>0x124c8</run_address>
         <size>0x3c</size>
         <input_file_ref idref="fl-a7"/>
      </object_component>
      <object_component id="oc-83e">
         <name>.text:Graphics_initContext</name>
         <load_address>0x12504</load_address>
         <run_address>0x12504</run_address>
         <size>0x3c</size>
         <input_file_ref idref="fl-9f"/>
      </object_component>
      <object_component id="oc-954">
         <name>.text:Crystalfontz128x128_LineDrawH</name>
         <load_address>0x12540</load_address>
         <run_address>0x12540</run_address>
         <size>0x3a</size>
         <input_file_ref idref="fl-a7"/>
      </object_component>
      <object_component id="oc-919">
         <name>.text:HAL_LCD_SpiInit</name>
         <load_address>0x1257a</load_address>
         <run_address>0x1257a</run_address>
         <size>0x3a</size>
         <input_file_ref idref="fl-a8"/>
      </object_component>
      <object_component id="oc-92b">
         <name>.text:HAL_LCD_writeCommand</name>
         <load_address>0x125b4</load_address>
         <run_address>0x125b4</run_address>
         <size>0x3a</size>
         <input_file_ref idref="fl-a8"/>
      </object_component>
      <object_component id="oc-b24">
         <name>.text:__mspabi_sllll</name>
         <load_address>0x125ee</load_address>
         <run_address>0x125ee</run_address>
         <size>0x3a</size>
         <input_file_ref idref="fl-132"/>
      </object_component>
      <object_component id="oc-b0d">
         <name>.text:__mspabi_srlll</name>
         <load_address>0x12628</load_address>
         <run_address>0x12628</run_address>
         <size>0x3a</size>
         <input_file_ref idref="fl-133"/>
      </object_component>
      <object_component id="oc-a1f">
         <name>.text:GPIO_setAsOutputPin</name>
         <load_address>0x12662</load_address>
         <run_address>0x12662</run_address>
         <size>0x34</size>
         <input_file_ref idref="fl-b7"/>
      </object_component>
      <object_component id="oc-913">
         <name>.text:HAL_LCD_PortInit</name>
         <load_address>0x12696</load_address>
         <run_address>0x12696</run_address>
         <size>0x34</size>
         <input_file_ref idref="fl-a8"/>
      </object_component>
      <object_component id="oc-7b4">
         <name>.text:myTimerADelay</name>
         <load_address>0x126ca</load_address>
         <run_address>0x126ca</run_address>
         <size>0x34</size>
         <input_file_ref idref="fl-2"/>
      </object_component>
      <object_component id="oc-948">
         <name>.text:Crystalfontz128x128_PixelDraw</name>
         <load_address>0x126fe</load_address>
         <run_address>0x126fe</run_address>
         <size>0x2e</size>
         <input_file_ref idref="fl-a7"/>
      </object_component>
      <object_component id="oc-972">
         <name>.text:Crystalfontz128x128_ClearScreen</name>
         <load_address>0x1272c</load_address>
         <run_address>0x1272c</run_address>
         <size>0x2c</size>
         <input_file_ref idref="fl-a7"/>
      </object_component>
      <object_component id="oc-931">
         <name>.text:HAL_LCD_writeData</name>
         <load_address>0x12758</load_address>
         <run_address>0x12758</run_address>
         <size>0x2a</size>
         <input_file_ref idref="fl-a8"/>
      </object_component>
      <object_component id="oc-817">
         <name>.text:ADC12_B_setupSamplingTimer</name>
         <load_address>0x12782</load_address>
         <run_address>0x12782</run_address>
         <size>0x26</size>
         <input_file_ref idref="fl-a9"/>
      </object_component>
      <object_component id="oc-a82">
         <name>.text:memccpy</name>
         <load_address>0x127a8</load_address>
         <run_address>0x127a8</run_address>
         <size>0x26</size>
         <input_file_ref idref="fl-137"/>
      </object_component>
      <object_component id="oc-6e2">
         <name>.text:decompress:ZI:__TI_zero_init_nomemset:__TI_zero_init_nomemset</name>
         <load_address>0x127ce</load_address>
         <run_address>0x127ce</run_address>
         <size>0x24</size>
         <input_file_ref idref="fl-114"/>
      </object_component>
      <object_component id="oc-860">
         <name>.text:_outs</name>
         <load_address>0x127f2</load_address>
         <run_address>0x127f2</run_address>
         <size>0x20</size>
         <input_file_ref idref="fl-12f"/>
      </object_component>
      <object_component id="oc-925">
         <name>.text:GPIO_setOutputHighOnPin</name>
         <load_address>0x12812</load_address>
         <run_address>0x12812</run_address>
         <size>0x1c</size>
         <input_file_ref idref="fl-b7"/>
      </object_component>
      <object_component id="oc-91f">
         <name>.text:GPIO_setOutputLowOnPin</name>
         <load_address>0x1282e</load_address>
         <run_address>0x1282e</run_address>
         <size>0x1c</size>
         <input_file_ref idref="fl-b7"/>
      </object_component>
      <object_component id="oc-76c">
         <name>.text:joyStick_init</name>
         <load_address>0x1284a</load_address>
         <run_address>0x1284a</run_address>
         <size>0x1c</size>
         <input_file_ref idref="fl-2"/>
      </object_component>
      <object_component id="oc-aa3">
         <name>.text:Graphics_drawHorizontalLineOnDisplay</name>
         <load_address>0x12866</load_address>
         <run_address>0x12866</run_address>
         <size>0x1a</size>
         <input_file_ref idref="fl-a0"/>
      </object_component>
      <object_component id="oc-84a">
         <name>.text:Graphics_setBackgroundColor</name>
         <load_address>0x12880</load_address>
         <run_address>0x12880</run_address>
         <size>0x18</size>
         <input_file_ref idref="fl-9f"/>
      </object_component>
      <object_component id="oc-844">
         <name>.text:Graphics_setForegroundColor</name>
         <load_address>0x12898</load_address>
         <run_address>0x12898</run_address>
         <size>0x18</size>
         <input_file_ref idref="fl-9f"/>
      </object_component>
      <object_component id="oc-8ac">
         <name>.text:configTimerA</name>
         <load_address>0x128b0</load_address>
         <run_address>0x128b0</run_address>
         <size>0x18</size>
         <input_file_ref idref="fl-2"/>
[...]
         <value>0x10000</value>
         <object_component_ref idref="oc-89a"/>
      </symbol>
      <symbol id="sm-891">
         <name>Graphics_getStringWidth</name>
         <value>0x11bac</value>
         <object_component_ref idref="oc-88f"/>
      </symbol>
      <symbol id="sm-918">
         <name>Lcd_Orientation</name>
         <value>0x1c36</value>
      </symbol>
      <symbol id="sm-919">
         <name>Lcd_ScreenWidth</name>
         <value>0x1c30</value>
      </symbol>
      <symbol id="sm-91a">
         <name>Lcd_ScreenHeigth</name>
         <value>0x1c2e</value>
      </symbol>
      <symbol id="sm-91b">
         <name>Lcd_PenSolid</name>
         <value>0x1c37</value>
      </symbol>
      <symbol id="sm-91c">
         <name>Lcd_FontSolid</name>
         <value>0x1c35</value>
      </symbol>
      <symbol id="sm-91d">
         <name>Lcd_FlagRead</name>
         <value>0x1c34</value>
      </symbol>
      <symbol id="sm-91e">
         <name>Lcd_TouchTrim</name>
         <value>0x1c32</value>
      </symbol>
      <symbol id="sm-91f">
         <name>Crystalfontz128x128_SetDrawFrame</name>
         <value>0x11c6e</value>
         <object_component_ref idref="oc-93f"/>
      </symbol>
      <symbol id="sm-920">
         <name>Crystalfontz128x128_SetOrientation</name>
         <value>0x122fa</value>
         <object_component_ref idref="oc-835"/>
      </symbol>
      <symbol id="sm-921">
         <name>g_sCrystalfontz128x128</name>
         <value>0x4526</value>
         <object_component_ref idref="oc-83b"/>
      </symbol>
      <symbol id="sm-922">
         <name>Crystalfontz128x128_Init</name>
         <value>0x1172c</value>
         <object_component_ref idref="oc-82f"/>
      </symbol>
      <symbol id="sm-94d">
         <name>HAL_LCD_writeData</name>
         <value>0x12758</value>
         <object_component_ref idref="oc-931"/>
      </symbol>
      <symbol id="sm-94e">
         <name>HAL_LCD_SpiInit</name>
         <value>0x1257a</value>
         <object_component_ref idref="oc-919"/>
      </symbol>
      <symbol id="sm-94f">
         <name>HAL_LCD_PortInit</name>
         <value>0x12696</value>
         <object_component_ref idref="oc-913"/>
      </symbol>
      <symbol id="sm-950">
         <name>HAL_LCD_writeCommand</name>
         <value>0x125b4</value>
         <object_component_ref idref="oc-92b"/>
      </symbol>
      <symbol id="sm-98e">
         <name>ADC12_B_configureMemory</name>
         <value>0x12260</value>
         <object_component_ref idref="oc-820"/>
      </symbol>
      <symbol id="sm-98f">
         <name>ADC12_B_init</name>
         <value>0x11dbc</value>
         <object_component_ref idref="oc-80b"/>
      </symbol>
      <symbol id="sm-990">
         <name>ADC12_B_enable</name>
         <value>0x129fe</value>
         <object_component_ref idref="oc-811"/>
      </symbol>
      <symbol id="sm-991">
         <name>ADC12_B_clearInterrupt</name>
         <value>0x12938</value>
         <object_component_ref idref="oc-7a8"/>
      </symbol>
      <symbol id="sm-992">
         <name>ADC12_B_setupSamplingTimer</name>
         <value>0x12782</value>
         <object_component_ref idref="oc-817"/>
      </symbol>
      <symbol id="sm-993">
         <name>ADC12_B_getResults</name>
         <value>0x129b8</value>
         <object_component_ref idref="oc-7a0"/>
      </symbol>
      <symbol id="sm-994">
         <name>ADC12_B_getInterruptStatus</name>
         <value>0x12974</value>
         <object_component_ref idref="oc-79a"/>
      </symbol>
      <symbol id="sm-995">
         <name>ADC12_B_startConversion</name>
         <value>0x1244c</value>
         <object_component_ref idref="oc-794"/>
      </symbol>
      <symbol id="sm-9c0">
         <name>EUSCI_B_SPI_isBusy</name>
         <value>0x12a22</value>
         <object_component_ref idref="oc-a3d"/>
      </symbol>
      <symbol id="sm-9c1">
         <name>EUSCI_B_SPI_enable</name>
         <value>0x12a48</value>
         <object_component_ref idref="oc-a2f"/>
      </symbol>
      <symbol id="sm-9c2">
         <name>EUSCI_B_SPI_transmitData</name>
         <value>0x12a0a</value>
         <object_component_ref idref="oc-a43"/>
      </symbol>
      <symbol id="sm-9c3">
         <name>EUSCI_B_SPI_initMaster</name>
         <value>0x121b6</value>
         <object_component_ref idref="oc-a29"/>
      </symbol>
      <symbol id="sm-9fe">
         <name>GPIO_setOutputHighOnPin</name>
         <value>0x12812</value>
         <object_component_ref idref="oc-925"/>
      </symbol>
      <symbol id="sm-9ff">
         <name>GPIO_setAsOutputPin</name>
         <value>0x12662</value>
         <object_component_ref idref="oc-a1f"/>
      </symbol>
      <symbol id="sm-a00">
         <name>GPIO_setOutputLowOnPin</name>
         <value>0x1282e</value>
         <object_component_ref idref="oc-91f"/>
      </symbol>
      <symbol id="sm-a01">
         <name>GPIO_setAsPeripheralModuleFunctionOutputPin</name>
         <value>0x12030</value>
         <object_component_ref idref="oc-a19"/>
      </symbol>
      <symbol id="sm-a02">
         <name>GPIO_setAsPeripheralModuleFunctionInputPin</name>
         <value>0x11fbe</value>
         <object_component_ref idref="oc-800"/>
      </symbol>
      <symbol id="sm-a10">
         <name>PMM_unlockLPM5</name>
         <value>0x12a54</value>
         <object_component_ref idref="oc-772"/>
      </symbol>
      <symbol id="sm-a3d">
         <name>Timer_A_initUpMode</name>
         <value>0x11e54</value>
         <object_component_ref idref="oc-8b3"/>
      </symbol>
      <symbol id="sm-a3e">
         <name>Timer_A_startCounter</name>
         <value>0x12a16</value>
         <object_component_ref idref="oc-8b9"/>
      </symbol>
      <symbol id="sm-a3f">
         <name>Timer_A_stop</name>
         <value>0x12a40</value>
         <object_component_ref idref="oc-8bf"/>
      </symbol>
      <symbol id="sm-a40">
         <name>Timer_A_clearTimerInterrupt</name>
         <value>0x12a5a</value>
         <object_component_ref idref="oc-8c5"/>
      </symbol>
      <symbol id="sm-a4c">
         <name>WDT_A_hold</name>
         <value>0x128e0</value>
         <object_component_ref idref="oc-766"/>
      </symbol>
      <symbol id="sm-a6f">
         <name>__TI_decompress_lzss</name>
         <value>0x11f48</value>
         <object_component_ref idref="oc-84"/>
      </symbol>
      <symbol id="sm-a80">
         <name>__TI_decompress_none</name>
         <value>0x12986</value>
         <object_component_ref idref="oc-8a"/>
      </symbol>
      <symbol id="sm-a83">
         <name>__TI_int18</name>
         <value>0xffb4</value>
         <object_component_ref idref="oc-90"/>
      </symbol>
      <symbol id="sm-a8b">
         <name>__TI_ISR_TRAP</name>
         <value>0x401c</value>
         <object_component_ref idref="oc-6dd"/>
      </symbol>
      <symbol id="sm-a8e">
         <name>__TI_int19</name>
         <value>0xffb6</value>
         <object_component_ref idref="oc-91"/>
      </symbol>
      <symbol id="sm-a91">
         <name>__TI_int20</name>
         <value>0xffb8</value>
         <object_component_ref idref="oc-92"/>
      </symbol>
      <symbol id="sm-a94">
         <name>__TI_int21</name>
         <value>0xffba</value>
         <object_component_ref idref="oc-93"/>
      </symbol>
      <symbol id="sm-a97">
         <name>__TI_int22</name>
         <value>0xffbc</value>
         <object_component_ref idref="oc-94"/>
      </symbol>
      <symbol id="sm-a9a">
         <name>__TI_int23</name>
         <value>0xffbe</value>
         <object_component_ref idref="oc-95"/>
      </symbol>
      <symbol id="sm-a9d">
         <name>__TI_int24</name>
         <value>0xffc0</value>
         <object_component_ref idref="oc-96"/>
      </symbol>
      <symbol id="sm-aa0">
         <name>__TI_int25</name>
         <value>0xffc2</value>
         <object_component_ref idref="oc-97"/>
      </symbol>
      <symbol id="sm-aa3">
         <name>__TI_int26</name>
         <value>0xffc4</value>
         <object_component_ref idref="oc-98"/>
      </symbol>
      <symbol id="sm-aa6">
         <name>__TI_int27</name>
         <value>0xffc6</value>
         <object_component_ref idref="oc-99"/>
      </symbol>
      <symbol id="sm-aa9">
         <name>__TI_int28</name>
         <value>0xffc8</value>
         <object_component_ref idref="oc-9a"/>
      </symbol>
      <symbol id="sm-aac">
         <name>__TI_int29</name>
         <value>0xffca</value>
         <object_component_ref idref="oc-9b"/>
      </symbol>
      <symbol id="sm-aaf">
         <name>__TI_int30</name>
         <value>0xffcc</value>
         <object_component_ref idref="oc-9c"/>
      </symbol>
      <symbol id="sm-ab2">
         <name>__TI_int31</name>
         <value>0xffce</value>
         <object_component_ref idref="oc-9d"/>
      </symbol>
      <symbol id="sm-ab5">
         <name>__TI_int32</name>
         <value>0xffd0</value>
         <object_component_ref idref="oc-9e"/>
      </symbol>
      <symbol id="sm-ab8">
         <name>__TI_int33</name>
         <value>0xffd2</value>
         <object_component_ref idref="oc-9f"/>
      </symbol>
      <symbol id="sm-abb">
         <name>__TI_int34</name>
         <value>0xffd4</value>
         <object_component_ref idref="oc-a0"/>
      </symbol>
      <symbol id="sm-abe">
         <name>__TI_int35</name>
         <value>0xffd6</value>
         <object_component_ref idref="oc-a1"/>
      </symbol>
      <symbol id="sm-ac1">
         <name>__TI_int36</name>
         <value>0xffd8</value>
         <object_component_ref idref="oc-a2"/>
      </symbol>
      <symbol id="sm-ac4">
         <name>__TI_int37</name>
         <value>0xffda</value>
         <object_component_ref idref="oc-a3"/>
      </symbol>
      <symbol id="sm-ac7">
         <name>__TI_int38</name>
         <value>0xffdc</value>
         <object_component_ref idref="oc-a4"/>
      </symbol>
      <symbol id="sm-aca">
         <name>__TI_int39</name>
         <value>0xffde</value>
         <object_component_ref idref="oc-a5"/>
      </symbol>
      <symbol id="sm-acd">
         <name>__TI_int40</name>
         <value>0xffe0</value>
         <object_component_ref idref="oc-a6"/>
      </symbol>
      <symbol id="sm-ad0">
         <name>__TI_int41</name>
         <value>0xffe2</value>
         <object_component_ref idref="oc-a7"/>
      </symbol>
      <symbol id="sm-ad3">
         <name>__TI_int42</name>
         <value>0xffe4</value>
         <object_component_ref idref="oc-a8"/>
      </symbol>
      <symbol id="sm-ad6">
         <name>__TI_int43</name>
         <value>0xffe6</value>
         <object_component_ref idref="oc-a9"/>
      </symbol>
      <symbol id="sm-ad9">
         <name>__TI_int44</name>
         <value>0xffe8</value>
         <object_component_ref idref="oc-aa"/>
      </symbol>
      <symbol id="sm-adc">
         <name>__TI_int45</name>
         <value>0xffea</value>
         <object_component_ref idref="oc-ab"/>
      </symbol>
      <symbol id="sm-adf">
         <name>__TI_int46</name>
         <value>0xffec</value>
         <object_component_ref idref="oc-ac"/>
      </symbol>
      <symbol id="sm-ae2">
         <name>__TI_int47</name>
         <value>0xffee</value>
         <object_component_ref idref="oc-ad"/>
      </symbol>
      <symbol id="sm-ae5">
         <name>__TI_int48</name>
         <value>0xfff0</value>
         <object_component_ref idref="oc-ae"/>
      </symbol>
      <symbol id="sm-ae8">
         <name>__TI_int49</name>
         <value>0xfff2</value>
         <object_component_ref idref="oc-af"/>
      </symbol>
      <symbol id="sm-aeb">
         <name>__TI_int50</name>
         <value>0xfff4</value>
         <object_component_ref idref="oc-b0"/>
      </symbol>
      <symbol id="sm-aee">
         <name>__TI_int51</name>
         <value>0xfff6</value>
         <object_component_ref idref="oc-b1"/>
      </symbol>
      <symbol id="sm-af1">
         <name>__TI_int52</name>
         <value>0xfff8</value>
         <object_component_ref idref="oc-b2"/>
      </symbol>
      <symbol id="sm-af4">
         <name>__TI_int53</name>
         <value>0xfffa</value>
         <object_component_ref idref="oc-b3"/>
      </symbol>
      <symbol id="sm-af7">
         <name>__TI_int54</name>
         <value>0xfffc</value>
         <object_component_ref idref="oc-b4"/>
      </symbol>
      <symbol id="sm-b0a">
         <name>__TI_zero_init_nomemset</name>
         <value>0x127ce</value>
         <object_component_ref idref="oc-6e2"/>
      </symbol>
      <symbol id="sm-b17">
         <name>__mspabi_remli</name>
         <value>0x1240c</value>
         <object_component_ref idref="oc-895"/>
      </symbol>
      <symbol id="sm-b18">
         <name>__mspabi_divli</name>
         <value>0x1240c</value>
         <object_component_ref idref="oc-895"/>
      </symbol>
      <symbol id="sm-b22">
         <name>__mspabi_remu</name>
         <value>0x1290c</value>
         <object_component_ref idref="oc-b08"/>
      </symbol>
      <symbol id="sm-b23">
         <name>__mspabi_divu</name>
         <value>0x1290c</value>
         <object_component_ref idref="oc-b08"/>
      </symbol>
      <symbol id="sm-b31">
         <name>__mspabi_remul</name>
         <value>0x1215e</value>
         <object_component_ref idref="oc-9c1"/>
      </symbol>
      <symbol id="sm-b32">
         <name>__mspabi_divul</name>
         <value>0x1215e</value>
         <object_component_ref idref="oc-9c1"/>
      </symbol>
      <symbol id="sm-b3b">
         <name>__mspabi_mpyi_f5hw</name>
         <value>0x128c8</value>
         <object_component_ref idref="oc-a08"/>
      </symbol>
      <symbol id="sm-b49">
         <name>__mspabi_slli</name>
         <value>0x12a2c</value>
         <object_component_ref idref="oc-9c7"/>
      </symbol>
      <symbol id="sm-b53">
         <name>__mspabi_srli</name>
         <value>0x12a36</value>
         <object_component_ref idref="oc-a4f"/>
      </symbol>
      <symbol id="sm-b63">
         <name>__mspabi_srll_8</name>
         <value>0x124a6</value>
         <object_component_ref idref="oc-a58"/>
      </symbol>
      <symbol id="sm-b64">
         <name>__mspabi_srll_9</name>
         <value>0x124a2</value>
         <object_component_ref idref="oc-a58"/>
      </symbol>
      <symbol id="sm-b65">
         <name>__mspabi_srll_6</name>
         <value>0x124ae</value>
         <object_component_ref idref="oc-a58"/>
      </symbol>
      <symbol id="sm-b66">
         <name>__mspabi_srll_7</name>
         <value>0x124aa</value>
         <object_component_ref idref="oc-a58"/>
      </symbol>
      <symbol id="sm-b67">
         <name>__mspabi_srll_4</name>
         <value>0x124b6</value>
         <object_component_ref idref="oc-a58"/>
      </symbol>
      <symbol id="sm-b68">
         <name>__mspabi_srll_5</name>
         <value>0x124b2</value>
         <object_component_ref idref="oc-a58"/>
      </symbol>
      <symbol id="sm-b69">
         <name>__mspabi_srll_2</name>
         <value>0x124be</value>
         <object_component_ref idref="oc-a58"/>
      </symbol>
      <symbol id="sm-b6a">
         <name>__mspabi_srll_3</name>
         <value>0x124ba</value>
         <object_component_ref idref="oc-a58"/>
      </symbol>
      <symbol id="sm-b6b">
         <name>__mspabi_srll_1</name>
         <value>0x124c2</value>
         <object_component_ref idref="oc-a58"/>
      </symbol>
      <symbol id="sm-b6c">
         <name>__mspabi_srll_15</name>
         <value>0x1248a</value>
         <object_component_ref idref="oc-a58"/>
      </symbol>
      <symbol id="sm-b6d">
         <name>__mspabi_srll_14</name>
         <value>0x1248e</value>
         <object_component_ref idref="oc-a58"/>
      </symbol>
      <symbol id="sm-b6e">
         <name>__mspabi_srll_13</name>
         <value>0x12492</value>
         <object_component_ref idref="oc-a58"/>
      </symbol>
      <symbol id="sm-b6f">
         <name>__mspabi_srll_12</name>
         <value>0x12496</value>
         <object_component_ref idref="oc-a58"/>
      </symbol>
      <symbol id="sm-b70">
         <name>__mspabi_srll_11</name>
         <value>0x1249a</value>
         <object_component_ref idref="oc-a58"/>
      </symbol>
      <symbol id="sm-b71">
         <name>__mspabi_srll_10</name>
         <value>0x1249e</value>
         <object_component_ref idref="oc-a58"/>
      </symbol>
      <symbol id="sm-b72">
         <name>__mspabi_srll</name>
         <value>0x129a8</value>
         <object_component_ref idref="oc-b2a"/>
      </symbol>
      <symbol id="sm-b82">
         <name>_stack</name>
         <value>0x2b60</value>
         <object_component_ref idref="oc-6c1"/>
      </symbol>
      <symbol id="sm-b83">
         <name>_c_int00_noargs</name>
         <value>0x4000</value>
         <object_component_ref idref="oc-6f4"/>
      </symbol>
      <symbol id="sm-b84">
         <name>_reset_vector</name>
         <value>0xfffe</value>
         <object_component_ref idref="oc-6c4"/>
      </symbol>
      <symbol id="sm-ba9">
         <name>__TI_auto_init_nobinit_nopinit_hold_wdt</name>
         <value>0x1220c</value>
         <object_component_ref idref="oc-7df"/>
      </symbol>
      <symbol id="sm-bb2">
         <name>_system_post_cinit</name>
         <value>0x12a72</value>
         <object_component_ref idref="oc-8de"/>
      </symbol>
      <symbol id="sm-bbb">
         <name>_system_pre_init</name>
         <value>0x12a6c</value>
         <object_component_ref idref="oc-738"/>
      </symbol>
      <symbol id="sm-bcb">
         <name>C$$EXIT</name>
         <value>0x12a60</value>
         <object_component_ref idref="oc-7bb"/>
      </symbol>
      <symbol id="sm-bcc">
         <name>abort</name>
         <value>0x12a60</value>
         <object_component_ref idref="oc-7bb"/>
      </symbol>
      <symbol id="sm-bdc">
         <name>memcpy</name>
         <value>0x12960</value>
         <object_component_ref idref="oc-6d0"/>
      </symbol>
      <symbol id="sm-bfd">
         <name>sprintf</name>
         <value>0x12386</value>
         <object_component_ref idref="oc-785"/>
      </symbol>
      <symbol id="sm-ce2">
         <name>__TI_printfi_nofloat</name>
         <value>0x10b5e</value>
         <object_component_ref idref="oc-86c"/>
      </symbol>
      <symbol id="sm-d15">
         <name>__mspabi_divull</name>
         <value>0x10810</value>
         <object_component_ref idref="oc-b02"/>
      </symbol>
      <symbol id="sm-d22">
         <name>__mspabi_sllll</name>
         <value>0x125ee</value>
         <object_component_ref idref="oc-b24"/>
      </symbol>
      <symbol id="sm-d2f">
         <name>__mspabi_srlll</name>
         <value>0x12628</value>
         <object_component_ref idref="oc-b0d"/>
      </symbol>
      <symbol id="sm-d42">
         <name>atoi</name>
         <value>0x120a2</value>
         <object_component_ref idref="oc-a6e"/>
      </symbol>
      <symbol id="sm-d4c">
         <name>_ctypes_</name>
         <value>0x431c</value>
         <object_component_ref idref="oc-acf"/>
      </symbol>
      <symbol id="sm-d53">
         <name>errno</name>
         <value>0x1c38</value>
         <object_component_ref idref="oc-a90"/>
      </symbol>
      <symbol id="sm-d62">
         <name>memccpy</name>
         <value>0x127a8</value>
         <object_component_ref idref="oc-a82"/>
      </symbol>
      <symbol id="sm-d70">
         <name>memset</name>
         <value>0x128f6</value>
         <object_component_ref idref="oc-a75"/>
      </symbol>
      <symbol id="sm-d7d">
         <name>strlen</name>
         <value>0x129f0</value>
         <object_component_ref idref="oc-994"/>
      </symbol>
      <symbol id="sm-d95">
         <name>wcslen</name>
         <value>0x12922</value>
         <object_component_ref idref="oc-a8a"/>
      </symbol>
   </symbol_table>
   <title>Link successful</title>
</link_info>
