<?xml version="1.0" encoding="ISO-8859-1" ?>
<link_info>
   <banner>MSP430 Linker PC v20.2.5.LTS</banner>
   <copyright>Copyright (c) 2003-2018 Texas Instruments Incorporated</copyright>
   <link_time>0x6261968f</link_time>
   <link_errors>0x0</link_errors>
   <output_file>project.out</output_file>
   <entry_point>
      <name>_c_int00_noargs</name>
      <address>0x4000</address>
   </entry_point>
   <input_file_list>
      <input_file id="fl-2">
         <path>.\</path>
         <kind>object</kind>
         <file>project.obj</file>
         <name>project.obj</name>
      </input_file>
      <input_file id="fl-3">
         <path>.\GrLib\fonts\</path>
         <kind>object</kind>
         <file>fontcm12.obj</file>
         <name>fontcm12.obj</name>
      </input_file>
      <input_file id="fl-4">
         <path>.\GrLib\fonts\</path>
         <kind>object</kind>
         <file>fontcm12b.obj</file>
         <name>fontcm12b.obj</name>
      </input_file>
      <input_file id="fl-5">
         <path>.\GrLib\fonts\</path>
         <kind>object</kind>
         <file>fontcm12i.obj</file>
         <name>fontcm12i.obj</name>
      </input_file>
      <input_file id="fl-6">
         <path>.\GrLib\fonts\</path>
         <kind>object</kind>
         <file>fontcm14.obj</file>
         <name>fontcm14.obj</name>
      </input_file>
      <input_file id="fl-7">
         <path>.\GrLib\fonts\</path>
         <kind>object</kind>
         <file>fontcm14b.obj</file>
         <name>fontcm14b.obj</name>
      </input_file>
      <input_file id="fl-8">
         <path>.\GrLib\fonts\</path>
         <kind>object</kind>
         <file>fontcm14i.obj</file>
         <name>fontcm14i.obj</name>
      </input_file>
      <input_file id="fl-9">
         <path>.\GrLib\fonts\</path>
         <kind>object</kind>
         <file>fontcm16.obj</file>
         <name>fontcm16.obj</name>
      </input_file>
      <input_file id="fl-a">
         <path>.\GrLib\fonts\</path>
         <kind>object</kind>
         <file>fontcm16b.obj</file>
         <name>fontcm16b.obj</name>
      </input_file>
      <input_file id="fl-b">
         <path>.\GrLib\fonts\</path>
         <kind>object</kind>
         <file>fontcm16i.obj</file>
         <name>fontcm16i.obj</name>
      </input_file>
      <input_file id="fl-c">
         <path>.\GrLib\fonts\</path>
         <kind>object</kind>
         <file>fontcm18.obj</file>
         <name>fontcm18.obj</name>
      </input_file>
      <input_file id="fl-d">
         <path>.\GrLib\fonts\</path>
         <kind>object</kind>
         <file>fontcm18b.obj</file>
         <name>fontcm18b.obj</name>
      </input_file>
      <input_file id="fl-e">
         <path>.\GrLib\fonts\</path>
         <kind>object</kind>
         <file>fontcm18i.obj</file>
         <name>fontcm18i.obj</name>
      </input_file>
      <input_file id="fl-f">
         <path>.\GrLib\fonts\</path>
         <kind>object</kind>
         <file>fontcm20.obj</file>
         <name>fontcm20.obj</name>
      </input_file>
      <input_file id="fl-10">
         <path>.\GrLib\fonts\</path>
         <kind>object</kind>
         <file>fontcm20b.obj</file>
         <name>fontcm20b.obj</name>
      </input_file>
      <input_file id="fl-11">
         <path>.\GrLib\fonts\</path>
         <kind>object</kind>
         <file>fontcm20i.obj</file>
         <name>fontcm20i.obj</name>
      </input_file>
      <input_file id="fl-12">
         <path>.\GrLib\fonts\</path>
         <kind>object</kind>
         <file>fontcm22.obj</file>
         <name>fontcm22.obj</name>
      </input_file>
      <input_file id="fl-13">
         <path>.\GrLib\fonts\</path>
         <kind>object</kind>
         <file>fontcm22b.obj</file>
         <name>fontcm22b.obj</name>
      </input_file>
      <input_file id="fl-14">
         <path>.\GrLib\fonts\</path>
         <kind>object</kind>
         <file>fontcm22i.obj</file>
         <name>fontcm22i.obj</name>
      </input_file>
      <input_file id="fl-15">
         <path>.\GrLib\fonts\</path>
         <kind>object</kind>
         <file>fontcm24.obj</file>
         <name>fontcm24.obj</name>
      </input_file>
      <input_file id="fl-16">
         <path>.\GrLib\fonts\</path>
         <kind>object</kind>
         <file>fontcm24b.obj</file>
         <name>fontcm24b.obj</name>
      </input_file>
      <input_file id="fl-17">
         <path>.\GrLib\fonts\</path>
         <kind>object</kind>
         <file>fontcm24i.obj</file>
         <name>fontcm24i.obj</name>
      </input_file>
      <input_file id="fl-18">
         <path>.\GrLib\fonts\</path>
         <kind>object</kind>
         <file>fontcm26.obj</file>
         <name>fontcm26.obj</name>
      </input_file>
      <input_file id="fl-19">
         <path>.\GrLib\fonts\</path>
         <kind>object</kind>
         <file>fontcm26b.obj</file>
         <name>fontcm26b.obj</name>
      </input_file>
      <input_file id="fl-1a">
         <path>.\GrLib\fonts\</path>
         <kind>object</kind>
         <file>fontcm26i.obj</file>
         <name>fontcm26i.obj</name>
      </input_file>
      <input_file id="fl-1b">
         <path>.\GrLib\fonts\</path>
         <kind>object</kind>
         <file>fontcm28.obj</file>
         <name>fontcm28.obj</name>
      </input_file>
      <input_file id="fl-1c">
         <path>.\GrLib\fonts\</path>
         <kind>object</kind>
         <file>fontcm28b.obj</file>
         <name>fontcm28b.obj</name>
      </input_file>
      <input_file id="fl-1d">
         <path>.\GrLib\fonts\</path>
         <kind>object</kind>
         <file>fontcm28i.obj</file>
         <name>fontcm28i.obj</name>
      </input_file>
      <input_file id="fl-1e">
         <path>.\GrLib\fonts\</path>
         <kind>object</kind>
         <file>fontcm30.obj</file>
         <name>fontcm30.obj</name>
      </input_file>
      <input_file id="fl-1f">
         <path>.\GrLib\fonts\</path>
         <kind>object</kind>
         <file>fontcm30b.obj</file>
         <name>fontcm30b.obj</name>
      </input_file>
      <input_file id="fl-20">
         <path>.\GrLib\fonts\</path>
         <kind>object</kind>
         <file>fontcm30i.obj</file>
         <name>fontcm30i.obj</name>
      </input_file>
      <input_file id="fl-21">
         <path>.\GrLib\fonts\</path>
         <kind>object</kind>
         <file>fontcm32.obj</file>
         <name>fontcm32.obj</name>
      </input_file>
      <input_file id="fl-22">
         <path>.\GrLib\fonts\</path>
         <kind>object</kind>
         <file>fontcm32b.obj</file>
         <name>fontcm32b.obj</name>
      </input_file>
      <input_file id="fl-23">
         <path>.\GrLib\fonts\</path>
         <kind>object</kind>
         <file>fontcm32i.obj</file>
         <name>fontcm32i.obj</name>
      </input_file>
      <input_file id="fl-24">
         <path>.\GrLib\fonts\</path>
         <kind>object</kind>
         <file>fontcm34.obj</file>
         <name>fontcm34.obj</name>
      </input_file>
      <input_file id="fl-25">
         <path>.\GrLib\fonts\</path>
         <kind>object</kind>
         <file>fontcm34b.obj</file>
         <name>fontcm34b.obj</name>
      </input_file>
      <input_file id="fl-26">
         <path>.\GrLib\fonts\</path>
         <kind>object</kind>
         <file>fontcm34i.obj</file>
         <name>fontcm34i.obj</name>
      </input_file>
      <input_file id="fl-27">
         <path>.\GrLib\fonts\</path>
         <kind>object</kind>
         <file>fontcm36.obj</file>
         <name>fontcm36.obj</name>
      </input_file>
      <input_file id="fl-28">
         <path>.\GrLib\fonts\</path>
         <kind>object</kind>
         <file>fontcm36b.obj</file>
         <name>fontcm36b.obj</name>
      </input_file>
      <input_file id="fl-29">
         <path>.\GrLib\fonts\</path>
         <kind>object</kind>
         <file>fontcm36i.obj</file>
         <name>fontcm36i.obj</name>
      </input_file>
      <input_file id="fl-2a">
         <path>.\GrLib\fonts\</path>
         <kind>object</kind>
         <file>fontcm38.obj</file>
         <name>fontcm38.obj</name>
      </input_file>
      <input_file id="fl-2b">
         <path>.\GrLib\fonts\</path>
         <kind>object</kind>
         <file>fontcm38b.obj</file>
         <name>fontcm38b.obj</name>
      </input_file>
      <input_file id="fl-2c">
         <path>.\GrLib\fonts\</path>
         <kind>object</kind>
         <file>fontcm38i.obj</file>
         <name>fontcm38i.obj</name>
      </input_file>
      <input_file id="fl-2d">
         <path>.\GrLib\fonts\</path>
         <kind>object</kind>
         <file>fontcm40.obj</file>
         <name>fontcm40.obj</name>
      </input_file>
      <input_file id="fl-2e">
         <path>.\GrLib\fonts\</path>
         <kind>object</kind>
         <file>fontcm40b.obj</file>
         <name>fontcm40b.obj</name>
      </input_file>
      <input_file id="fl-2f">
         <path>.\GrLib\fonts\</path>
         <kind>object</kind>
         <file>fontcm40i.obj</file>
         <name>fontcm40i.obj</name>
      </input_file>
      <input_file id="fl-30">
         <path>.\GrLib\fonts\</path>
         <kind>object</kind>
         <file>fontcm42.obj</file>
         <name>fontcm42.obj</name>
      </input_file>
      <input_file id="fl-31">
         <path>.\GrLib\fonts\</path>
         <kind>object</kind>
         <file>fontcm42b.obj</file>
         <name>fontcm42b.obj</name>
      </input_file>
      <input_file id="fl-32">
         <path>.\GrLib\fonts\</path>
         <kind>object</kind>
         <file>fontcm42i.obj</file>
         <name>fontcm42i.obj</name>
      </input_file>
      <input_file id="fl-33">
         <path>.\GrLib\fonts\</path>
         <kind>object</kind>
         <file>fontcm44.obj</file>
         <name>fontcm44.obj</name>
      </input_file>
      <input_file id="fl-34">
         <path>.\GrLib\fonts\</path>
         <kind>object</kind>
         <file>fontcm44b.obj</file>
         <name>fontcm44b.obj</name>
      </input_file>
      <input_file id="fl-35">
         <path>.\GrLib\fonts\</path>
         <kind>object</kind>
         <file>fontcm44i.obj</file>
         <name>fontcm44i.obj</name>
      </input_file>
      <input_file id="fl-36">
         <path>.\GrLib\fonts\</path>
         <kind>object</kind>
         <file>fontcm46.obj</file>
         <name>fontcm46.obj</name>
      </input_file>
      <input_file id="fl-37">
         <path>.\GrLib\fonts\</path>
         <kind>object</kind>
         <file>fontcm46b.obj</file>
         <name>fontcm46b.obj</name>
      </input_file>
      <input_file id="fl-38">
         <path>.\GrLib\fonts\</path>
         <kind>object</kind>
         <file>fontcm46i.obj</file>
         <name>fontcm46i.obj</name>
      </input_file>
      <input_file id="fl-39">
         <path>.\GrLib\fonts\</path>
         <kind>object</kind>
         <file>fontcm48.obj</file>
         <name>fontcm48.obj</name>
      </input_file>
      <input_file id="fl-3a">
         <path>.\GrLib\fonts\</path>
         <kind>object</kind>
         <file>fontcm48b.obj</file>
         <name>fontcm48b.obj</name>
      </input_file>
      <input_file id="fl-3b">
         <path>.\GrLib\fonts\</path>
         <kind>object</kind>
         <file>fontcm48i.obj</file>
         <name>fontcm48i.obj</name>
      </input_file>
      <input_file id="fl-3c">
         <path>.\GrLib\fonts\</path>
         <kind>object</kind>
         <file>fontcmsc12.obj</file>
         <name>fontcmsc12.obj</name>
      </input_file>
      <input_file id="fl-3d">
         <path>.\GrLib\fonts\</path>
         <kind>object</kind>
         <file>fontcmsc14.obj</file>
         <name>fontcmsc14.obj</name>
      </input_file>
      <input_file id="fl-3e">
         <path>.\GrLib\fonts\</path>
         <kind>object</kind>
         <file>fontcmsc16.obj</file>
         <name>fontcmsc16.obj</name>
      </input_file>
      <input_file id="fl-3f">
         <path>.\GrLib\fonts\</path>
         <kind>object</kind>
         <file>fontcmsc18.obj</file>
         <name>fontcmsc18.obj</name>
      </input_file>
      <input_file id="fl-40">
         <path>.\GrLib\fonts\</path>
         <kind>object</kind>
         <file>fontcmsc20.obj</file>
         <name>fontcmsc20.obj</name>
      </input_file>
      <input_file id="fl-41">
         <path>.\GrLib\fonts\</path>
         <kind>object</kind>
         <file>fontcmsc22.obj</file>
         <name>fontcmsc22.obj</name>
      </input_file>
      <input_file id="fl-42">
         <path>.\GrLib\fonts\</path>
         <kind>object</kind>
         <file>fontcmsc24.obj</file>
         <name>fontcmsc24.obj</name>
      </input_file>
      <input_file id="fl-43">
         <path>.\GrLib\fonts\</path>
         <kind>object</kind>
         <file>fontcmsc26.obj</file>
         <name>fontcmsc26.obj</name>
      </input_file>
      <input_file id="fl-44">
         <path>.\GrLib\fonts\</path>
         <kind>object</kind>
         <file>fontcmsc28.obj</file>
         <name>fontcmsc28.obj</name>
      </input_file>
      <input_file id="fl-45">
         <path>.\GrLib\fonts\</path>
         <kind>object</kind>
         <file>fontcmsc30.obj</file>
         <name>fontcmsc30.obj</name>
      </input_file>
      <input_file id="fl-46">
         <path>.\GrLib\fonts\</path>
         <kind>object</kind>
         <file>fontcmsc32.obj</file>
         <name>fontcmsc32.obj</name>
      </input_file>
      <input_file id="fl-47">
         <path>.\GrLib\fonts\</path>
         <kind>object</kind>
         <file>fontcmsc34.obj</file>
         <name>fontcmsc34.obj</name>
      </input_file>
      <input_file id="fl-48">
         <path>.\GrLib\fonts\</path>
         <kind>object</kind>
         <file>fontcmsc36.obj</file>
         <name>fontcmsc36.obj</name>
      </input_file>
      <input_file id="fl-49">
         <path>.\GrLib\fonts\</path>
         <kind>object</kind>
         <file>fontcmsc38.obj</file>
         <name>fontcmsc38.obj</name>
      </input_file>
      <input_file id="fl-4a">
         <path>.\GrLib\fonts\</path>
         <kind>object</kind>
         <file>fontcmsc40.obj</file>
         <name>fontcmsc40.obj</name>
      </input_file>
      <input_file id="fl-4b">
         <path>.\GrLib\fonts\</path>
         <kind>object</kind>
         <file>fontcmsc42.obj</file>
         <name>fontcmsc42.obj</name>
      </input_file>
      <input_file id="fl-4c">
         <path>.\GrLib\fonts\</path>
         <kind>object</kind>
         <file>fontcmsc44.obj</file>
         <name>fontcmsc44.obj</name>
      </input_file>
      <input_file id="fl-4d">
         <path>.\GrLib\fonts\</path>
         <kind>object</kind>
         <file>fontcmsc46.obj</file>
         <name>fontcmsc46.obj</name>
      </input_file>
      <input_file id="fl-4e">
         <path>.\GrLib\fonts\</path>
         <kind>object</kind>
         <file>fontcmsc48.obj</file>
         <name>fontcmsc48.obj</name>
      </input_file>
      <input_file id="fl-4f">
         <path>.\GrLib\fonts\</path>
         <kind>object</kind>
         <file>fontcmss12.obj</file>
         <name>fontcmss12.obj</name>
      </input_file>
      <input_file id="fl-50">
         <path>.\GrLib\fonts\</path>
         <kind>object</kind>
         <file>fontcmss12b.obj</file>
         <name>fontcmss12b.obj</name>
      </input_file>
      <input_file id="fl-51">
         <path>.\GrLib\fonts\</path>
         <kind>object</kind>
         <file>fontcmss12i.obj</file>
         <name>fontcmss12i.obj</name>
      </input_file>
      <input_file id="fl-52">
         <path>.\GrLib\fonts\</path>
         <kind>object</kind>
         <file>fontcmss14.obj</file>
         <name>fontcmss14.obj</name>
      </input_file>
      <input_file id="fl-53">
         <path>.\GrLib\fonts\</path>
         <kind>object</kind>
         <file>fontcmss14b.obj</file>
         <name>fontcmss14b.obj</name>
      </input_file>
      <input_file id="fl-54">
         <path>.\GrLib\fonts\</path>
         <kind>object</kind>
         <file>fontcmss14i.obj</file>
         <name>fontcmss14i.obj</name>
      </input_file>
      <input_file id="fl-55">
         <path>.\GrLib\fonts\</path>
         <kind>object</kind>
         <file>fontcmss16.obj</file>
         <name>fontcmss16.obj</name>
      </input_file>
      <input_file id="fl-56">
         <path>.\GrLib\fonts\</path>
         <kind>object</kind>
         <file>fontcmss16b.obj</file>
         <name>fontcmss16b.obj</name>
      </input_file>
      <input_file id="fl-57">
         <path>.\GrLib\fonts\</path>
         <kind>object</kind>
         <file>fontcmss16i.obj</file>
         <name>fontcmss16i.obj</name>
      </input_file>
      <input_file id="fl-58">
         <path>.\GrLib\fonts\</path>
         <kind>object</kind>
         <file>fontcmss18.obj</file>
         <name>fontcmss18.obj</name>
      </input_file>
      <input_file id="fl-59">
         <path>.\GrLib\fonts\</path>
         <kind>object</kind>
         <file>fontcmss18b.obj</file>
         <name>fontcmss18b.obj</name>
      </input_file>
      <input_file id="fl-5a">
         <path>.\GrLib\fonts\</path>
         <kind>object</kind>
         <file>fontcmss18i.obj</file>
         <name>fontcmss18i.obj</name>
      </input_file>
      <input_file id="fl-5b">
         <path>.\GrLib\fonts\</path>
         <kind>object</kind>
         <file>fontcmss20.obj</file>
         <name>fontcmss20.obj</name>
      </input_file>
      <input_file id="fl-5c">
         <path>.\GrLib\fonts\</path>
         <kind>object</kind>
         <file>fontcmss20b.obj</file>
         <name>fontcmss20b.obj</name>
      </input_file>
      <input_file id="fl-5d">
         <path>.\GrLib\fonts\</path>
         <kind>object</kind>
         <file>fontcmss20i.obj</file>
         <name>fontcmss20i.obj</name>
      </input_file>
      <input_file id="fl-5e">
         <path>.\GrLib\fonts\</path>
         <kind>object</kind>
         <file>fontcmss22.obj</file>
         <name>fontcmss22.obj</name>
      </input_file>
      <input_file id="fl-5f">
         <path>.\GrLib\fonts\</path>
         <kind>object</kind>
         <file>fontcmss22b.obj</file>
         <name>fontcmss22b.obj</name>
      </input_file>
      <input_file id="fl-60">
         <path>.\GrLib\fonts\</path>
         <kind>object</kind>
         <file>fontcmss22i.obj</file>
         <name>fontcmss22i.obj</name>
      </input_file>
      <input_file id="fl-61">
         <path>.\GrLib\fonts\</path>
         <kind>object</kind>
         <file>fontcmss24.obj</file>
         <name>fontcmss24.obj</name>
      </input_file>
      <input_file id="fl-62">
         <path>.\GrLib\fonts\</path>
         <kind>object</kind>
         <file>fontcmss24b.obj</file>
         <name>fontcmss24b.obj</name>
      </input_file>
      <input_file id="fl-63">
         <path>.\GrLib\fonts\</path>
         <kind>object</kind>
         <file>fontcmss24i.obj</file>
         <name>fontcmss24i.obj</name>
      </input_file>
      <input_file id="fl-64">
         <path>.\GrLib\fonts\</path>
         <kind>object</kind>
         <file>fontcmss26.obj</file>
         <name>fontcmss26.obj</name>
      </input_file>
      <input_file id="fl-65">
         <path>.\GrLib\fonts\</path>
         <kind>object</kind>
         <file>fontcmss26b.obj</file>
         <name>fontcmss26b.obj</name>
      </input_file>
      <input_file id="fl-66">
         <path>.\GrLib\fonts\</path>
         <kind>object</kind>
         <file>fontcmss26i.obj</file>
         <name>fontcmss26i.obj</name>
      </input_file>
      <input_file id="fl-67">
         <path>.\GrLib\fonts\</path>
         <kind>object</kind>
         <file>fontcmss28.obj</file>
         <name>fontcmss28.obj</name>
      </input_file>
      <input_file id="fl-68">
         <path>.\GrLib\fonts\</path>
         <kind>object</kind>
         <file>fontcmss28b.obj</file>
         <name>fontcmss28b.obj</name>
      </input_file>
      <input_file id="fl-69">
         <path>.\GrLib\fonts\</path>
         <kind>object</kind>
         <file>fontcmss28i.obj</file>
         <name>fontcmss28i.obj</name>
      </input_file>
      <input_file id="fl-6a">
         <path>.\GrLib\fonts\</path>
         <kind>object</kind>
         <file>fontcmss30.obj</file>
         <name>fontcmss30.obj</name>
      </input_file>
      <input_file id="fl-6b">
         <path>.\GrLib\fonts\</path>
         <kind>object</kind>
         <file>fontcmss30b.obj</file>
         <name>fontcmss30b.obj</name>
      </input_file>
      <input_file id="fl-6c">
         <path>.\GrLib\fonts\</path>
         <kind>object</kind>
         <file>fontcmss30i.obj</file>
         <name>fontcmss30i.obj</name>
      </input_file>
      <input_file id="fl-6d">
         <path>.\GrLib\fonts\</path>
         <kind>object</kind>
         <file>fontcmss32.obj</file>
         <name>fontcmss32.obj</name>
      </input_file>
      <input_file id="fl-6e">
         <path>.\GrLib\fonts\</path>
         <kind>object</kind>
         <file>fontcmss32b.obj</file>
         <name>fontcmss32b.obj</name>
      </input_file>
      <input_file id="fl-6f">
         <path>.\GrLib\fonts\</path>
         <kind>object</kind>
         <file>fontcmss32i.obj</file>
         <name>fontcmss32i.obj</name>
      </input_file>
      <input_file id="fl-70">
         <path>.\GrLib\fonts\</path>
         <kind>object</kind>
         <file>fontcmss34.obj</file>
         <name>fontcmss34.obj</name>
      </input_file>
      <input_file id="fl-71">
         <path>.\GrLib\fonts\</path>
         <kind>object</kind>
         <file>fontcmss34b.obj</file>
         <name>fontcmss34b.obj</name>
      </input_file>
      <input_file id="fl-72">
         <path>.\GrLib\fonts\</path>
         <kind>object</kind>
         <file>fontcmss34i.obj</file>
         <name>fontcmss34i.obj</name>
      </input_file>
      <input_file id="fl-73">
         <path>.\GrLib\fonts\</path>
         <kind>object</kind>
         <file>fontcmss36.obj</file>
         <name>fontcmss36.obj</name>
      </input_file>
      <input_file id="fl-74">
         <path>.\GrLib\fonts\</path>
         <kind>object</kind>
         <file>fontcmss36b.obj</file>
         <name>fontcmss36b.obj</name>
      </input_file>
      <input_file id="fl-75">
         <path>.\GrLib\fonts\</path>
         <kind>object</kind>
         <file>fontcmss36i.obj</file>
         <name>fontcmss36i.obj</name>
      </input_file>
      <input_file id="fl-76">
         <path>.\GrLib\fonts\</path>
         <kind>object</kind>
         <file>fontcmss38.obj</file>
         <name>fontcmss38.obj</name>
      </input_file>
      <input_file id="fl-77">
         <path>.\GrLib\fonts\</path>
         <kind>object</kind>
         <file>fontcmss38b.obj</file>
         <name>fontcmss38b.obj</name>
      </input_file>
      <input_file id="fl-78">
         <path>.\GrLib\fonts\</path>
         <kind>object</kind>
         <file>fontcmss38i.obj</file>
         <name>fontcmss38i.obj</name>
      </input_file>
      <input_file id="fl-79">
         <path>.\GrLib\fonts\</path>
         <kind>object</kind>
         <file>fontcmss40.obj</file>
         <name>fontcmss40.obj</name>
      </input_file>
      <input_file id="fl-7a">
         <path>.\GrLib\fonts\</path>
         <kind>object</kind>
         <file>fontcmss40b.obj</file>
         <name>fontcmss40b.obj</name>
      </input_file>
      <input_file id="fl-7b">
         <path>.\GrLib\fonts\</path>
         <kind>object</kind>
         <file>fontcmss40i.obj</file>
         <name>fontcmss40i.obj</name>
      </input_file>
      <input_file id="fl-7c">
         <path>.\GrLib\fonts\</path>
         <kind>object</kind>
         <file>fontcmss42.obj</file>
         <name>fontcmss42.obj</name>
      </input_file>
      <input_file id="fl-7d">
         <path>.\GrLib\fonts\</path>
         <kind>object</kind>
         <file>fontcmss42b.obj</file>
         <name>fontcmss42b.obj</name>
      </input_file>
      <input_file id="fl-7e">
         <path>.\GrLib\fonts\</path>
         <kind>object</kind>
         <file>fontcmss42i.obj</file>
         <name>fontcmss42i.obj</name>
      </input_file>
      <input_file id="fl-7f">
         <path>.\GrLib\fonts\</path>
         <kind>object</kind>
         <file>fontcmss44.obj</file>
         <name>fontcmss44.obj</name>
      </input_file>
      <input_file id="fl-80">
         <path>.\GrLib\fonts\</path>
         <kind>object</kind>
         <file>fontcmss44b.obj</file>
         <name>fontcmss44b.obj</name>
      </input_file>
      <input_file id="fl-81">
         <path>.\GrLib\fonts\</path>
         <kind>object</kind>
         <file>fontcmss44i.obj</file>
         <name>fontcmss44i.obj</name>
      </input_file>
      <input_file id="fl-82">
         <path>.\GrLib\fonts\</path>
         <kind>object</kind>
         <file>fontcmss46.obj</file>
         <name>fontcmss46.obj</name>
      </input_file>
      <input_file id="fl-83">
         <path>.\GrLib\fonts\</path>
         <kind>object</kind>
         <file>fontcmss46b.obj</file>
         <name>fontcmss46b.obj</name>
      </input_file>
      <input_file id="fl-84">
         <path>.\GrLib\fonts\</path>
         <kind>object</kind>
         <file>fontcmss46i.obj</file>
         <name>fontcmss46i.obj</name>
      </input_file>
      <input_file id="fl-85">
         <path>.\GrLib\fonts\</path>
         <kind>object</kind>
         <file>fontcmss48.obj</file>
         <name>fontcmss48.obj</name>
      </input_file>
      <input_file id="fl-86">
         <path>.\GrLib\fonts\</path>
         <kind>object</kind>
         <file>fontcmss48b.obj</file>
         <name>fontcmss48b.obj</name>
      </input_file>
      <input_file id="fl-87">
         <path>.\GrLib\fonts\</path>
         <kind>object</kind>
         <file>fontcmss48i.obj</file>
         <name>fontcmss48i.obj</name>
      </input_file>
      <input_file id="fl-88">
         <path>.\GrLib\fonts\</path>
         <kind>object</kind>
         <file>fontcmtt12.obj</file>
         <name>fontcmtt12.obj</name>
      </input_file>
      <input_file id="fl-89">
         <path>.\GrLib\fonts\</path>
         <kind>object</kind>
         <file>fontcmtt14.obj</file>
         <name>fontcmtt14.obj</name>
      </input_file>
      <input_file id="fl-8a">
         <path>.\GrLib\fonts\</path>
         <kind>object</kind>
         <file>fontcmtt16.obj</file>
         <name>fontcmtt16.obj</name>
      </input_file>
      <input_file id="fl-8b">
         <path>.\GrLib\fonts\</path>
         <kind>object</kind>
         <file>fontcmtt18.obj</file>
         <name>fontcmtt18.obj</name>
      </input_file>
      <input_file id="fl-8c">
         <path>.\GrLib\fonts\</path>
         <kind>object</kind>
         <file>fontcmtt20.obj</file>
         <name>fontcmtt20.obj</name>
      </input_file>
      <input_file id="fl-8d">
         <path>.\GrLib\fonts\</path>
         <kind>object</kind>
         <file>fontcmtt22.obj</file>
         <name>fontcmtt22.obj</name>
      </input_file>
      <input_file id="fl-8e">
         <path>.\GrLib\fonts\</path>
         <kind>object</kind>
         <file>fontcmtt24.obj</file>
         <name>fontcmtt24.obj</name>
      </input_file>
      <input_file id="fl-8f">
         <path>.\GrLib\fonts\</path>
         <kind>object</kind>
         <file>fontcmtt26.obj</file>
         <name>fontcmtt26.obj</name>
      </input_file>
      <input_file id="fl-90">
         <path>.\GrLib\fonts\</path>
         <kind>object</kind>
         <file>fontcmtt28.obj</file>
         <name>fontcmtt28.obj</name>
      </input_file>
      <input_file id="fl-91">
         <path>.\GrLib\fonts\</path>
         <kind>object</kind>
         <file>fontcmtt30.obj</file>
         <name>fontcmtt30.obj</name>
      </input_file>
      <input_file id="fl-92">
         <path>.\GrLib\fonts\</path>
         <kind>object</kind>
         <file>fontcmtt32.obj</file>
         <name>fontcmtt32.obj</name>
      </input_file>
      <input_file id="fl-93">
         <path>.\GrLib\fonts\</path>
         <kind>object</kind>
         <file>fontcmtt34.obj</file>
         <name>fontcmtt34.obj</name>
      </input_file>
      <input_file id="fl-94">
         <path>.\GrLib\fonts\</path>
         <kind>object</kind>
         <file>fontcmtt36.obj</file>
         <name>fontcmtt36.obj</name>
      </input_file>
      <input_file id="fl-95">
         <path>.\GrLib\fonts\</path>
         <kind>object</kind>
         <file>fontcmtt38.obj</file>
         <name>fontcmtt38.obj</name>
      </input_file>
      <input_file id="fl-96">
         <path>.\GrLib\fonts\</path>
         <kind>object</kind>
         <file>fontcmtt40.obj</file>
         <name>fontcmtt40.obj</name>
      </input_file>
      <input_file id="fl-97">
         <path>.\GrLib\fonts\</path>
         <kind>object</kind>
         <file>fontcmtt42.obj</file>
         <name>fontcmtt42.obj</name>
      </input_file>
      <input_file id="fl-98">
         <path>.\GrLib\fonts\</path>
         <kind>object</kind>
         <file>fontcmtt44.obj</file>
         <name>fontcmtt44.obj</name>
      </input_file>
      <input_file id="fl-99">
         <path>.\GrLib\fonts\</path>
         <kind>object</kind>
         <file>fontcmtt46.obj</file>
         <name>fontcmtt46.obj</name>
      </input_file>
      <input_file id="fl-9a">
         <path>.\GrLib\fonts\</path>
         <kind>object</kind>
         <file>fontcmtt48.obj</file>
         <name>fontcmtt48.obj</name>
      </input_file>
      <input_file id="fl-9b">
         <path>.\GrLib\fonts\</path>
         <kind>object</kind>
         <file>fontfixed6x8.obj</file>
         <name>fontfixed6x8.obj</name>
      </input_file>
      <input_file id="fl-9c">
         <path>.\GrLib\grlib\</path>
         <kind>object</kind>
         <file>button.obj</file>
         <name>button.obj</name>
      </input_file>
      <input_file id="fl-9d">
         <path>.\GrLib\grlib\</path>
         <kind>object</kind>
         <file>checkbox.obj</file>
         <name>checkbox.obj</name>
      </input_file>
      <input_file id="fl-9e">
         <path>.\GrLib\grlib\</path>
         <kind>object</kind>
         <file>circle.obj</file>
         <name>circle.obj</name>
      </input_file>
      <input_file id="fl-9f">
         <path>.\GrLib\grlib\</path>
         <kind>object</kind>
         <file>context.obj</file>
         <name>context.obj</name>
      </input_file>
      <input_file id="fl-a0">
         <path>.\GrLib\grlib\</path>
         <kind>object</kind>
         <file>display.obj</file>
         <name>display.obj</name>
      </input_file>
      <input_file id="fl-a1">
         <path>.\GrLib\grlib\</path>
         <kind>object</kind>
         <file>image.obj</file>
         <name>image.obj</name>
      </input_file>
      <input_file id="fl-a2">
         <path>.\GrLib\grlib\</path>
         <kind>object</kind>
         <file>imageButton.obj</file>
         <name>imageButton.obj</name>
      </input_file>
      <input_file id="fl-a3">
         <path>.\GrLib\grlib\</path>
         <kind>object</kind>
         <file>line.obj</file>
         <name>line.obj</name>
      </input_file>
      <input_file id="fl-a4">
         <path>.\GrLib\grlib\</path>
         <kind>object</kind>
         <file>radioButton.obj</file>
         <name>radioButton.obj</name>
      </input_file>
      <input_file id="fl-a5">
         <path>.\GrLib\grlib\</path>
         <kind>object</kind>
         <file>rectangle.obj</file>
         <name>rectangle.obj</name>
      </input_file>
      <input_file id="fl-a6">
         <path>.\GrLib\grlib\</path>
         <kind>object</kind>
         <file>string.obj</file>
         <name>string.obj</name>
      </input_file>
      <input_file id="fl-a7">
         <path>.\LcdDrivermsp430\</path>
         <kind>object</kind>
         <file>Crystalfontz128x128_ST7735.obj</file>
         <name>Crystalfontz128x128_ST7735.obj</name>
      </input_file>
      <input_file id="fl-a8">
         <path>.\LcdDrivermsp430\</path>
         <kind>object</kind>
         <file>HAL_MSP_EXP430FR5994_Crystalfontz128x128_ST7735.obj</file>
         <name>HAL_MSP_EXP430FR5994_Crystalfontz128x128_ST7735.obj</name>
      </input_file>
      <input_file id="fl-a9">
         <path>.\driverlib\MSP430FR5xx_6xx\</path>
         <kind>object</kind>
         <file>adc12_b.obj</file>
         <name>adc12_b.obj</name>
      </input_file>
      <input_file id="fl-aa">
         <path>.\driverlib\MSP430FR5xx_6xx\</path>
         <kind>object</kind>
         <file>aes256.obj</file>
         <name>aes256.obj</name>
      </input_file>
      <input_file id="fl-ab">
         <path>.\driverlib\MSP430FR5xx_6xx\</path>
         <kind>object</kind>
         <file>comp_e.obj</file>
         <name>comp_e.obj</name>
      </input_file>
      <input_file id="fl-ac">
         <path>.\driverlib\MSP430FR5xx_6xx\</path>
         <kind>object</kind>
         <file>crc.obj</file>
         <name>crc.obj</name>
      </input_file>
      <input_file id="fl-ad">
         <path>.\driverlib\MSP430FR5xx_6xx\</path>
         <kind>object</kind>
         <file>crc32.obj</file>
         <name>crc32.obj</name>
      </input_file>
      <input_file id="fl-ae">
         <path>.\driverlib\MSP430FR5xx_6xx\</path>
         <kind>object</kind>
         <file>cs.obj</file>
         <name>cs.obj</name>
      </input_file>
      <input_file id="fl-af">
         <path>.\driverlib\MSP430FR5xx_6xx\</path>
         <kind>object</kind>
         <file>dma.obj</file>
         <name>dma.obj</name>
      </input_file>
      <input_file id="fl-b0">
         <path>.\driverlib\MSP430FR5xx_6xx\</path>
         <kind>object</kind>
         <file>esi.obj</file>
         <name>esi.obj</name>
      </input_file>
      <input_file id="fl-b1">
         <path>.\driverlib\MSP430FR5xx_6xx\</path>
         <kind>object</kind>
         <file>eusci_a_spi.obj</file>
         <name>eusci_a_spi.obj</name>
      </input_file>
      <input_file id="fl-b2">
         <path>.\driverlib\MSP430FR5xx_6xx\</path>
         <kind>object</kind>
         <file>eusci_a_uart.obj</file>
         <name>eusci_a_uart.obj</name>
      </input_file>
      <input_file id="fl-b3">
         <path>.\driverlib\MSP430FR5xx_6xx\</path>
         <kind>object</kind>
         <file>eusci_b_i2c.obj</file>
         <name>eusci_b_i2c.obj</name>
      </input_file>
      <input_file id="fl-b4">
         <path>.\driverlib\MSP430FR5xx_6xx\</path>
         <kind>object</kind>
         <file>eusci_b_spi.obj</file>
         <name>eusci_b_spi.obj</name>
      </input_file>
      <input_file id="fl-b5">
         <path>.\driverlib\MSP430FR5xx_6xx\</path>
         <kind>object</kind>
         <file>framctl.obj</file>
         <name>framctl.obj</name>
      </input_file>
      <input_file id="fl-b6">
         <path>.\driverlib\MSP430FR5xx_6xx\</path>
         <kind>object</kind>
         <file>framctl_a.obj</file>
         <name>framctl_a.obj</name>
      </input_file>
      <input_file id="fl-b7">
         <path>.\driverlib\MSP430FR5xx_6xx\</path>
         <kind>object</kind>
         <file>gpio.obj</file>
         <name>gpio.obj</name>
      </input_file>
      <input_file id="fl-b8">
         <path>.\driverlib\MSP430FR5xx_6xx\</path>
         <kind>object</kind>
         <file>hspll.obj</file>
         <name>hspll.obj</name>
      </input_file>
      <input_file id="fl-b9">
         <path>.\driverlib\MSP430FR5xx_6xx\</path>
         <kind>object</kind>
         <file>lcd_c.obj</file>
         <name>lcd_c.obj</name>
      </input_file>
      <input_file id="fl-ba">
         <path>.\driverlib\MSP430FR5xx_6xx\</path>
         <kind>object</kind>
         <file>mpu.obj</file>
         <name>mpu.obj</name>
      </input_file>
      <input_file id="fl-bb">
         <path>.\driverlib\MSP430FR5xx_6xx\</path>
         <kind>object</kind>
         <file>mpy32.obj</file>
         <name>mpy32.obj</name>
      </input_file>
      <input_file id="fl-bc">
         <path>.\driverlib\MSP430FR5xx_6xx\</path>
         <kind>object</kind>
         <file>mtif.obj</file>
         <name>mtif.obj</name>
      </input_file>
      <input_file id="fl-bd">
         <path>.\driverlib\MSP430FR5xx_6xx\</path>
         <kind>object</kind>
         <file>pmm.obj</file>
         <name>pmm.obj</name>
      </input_file>
      <input_file id="fl-be">
         <path>.\driverlib\MSP430FR5xx_6xx\</path>
         <kind>object</kind>
         <file>ram.obj</file>
         <name>ram.obj</name>
      </input_file>
      <input_file id="fl-bf">
         <path>.\driverlib\MSP430FR5xx_6xx\</path>
         <kind>object</kind>
         <file>ref_a.obj</file>
         <name>ref_a.obj</name>
      </input_file>
      <input_file id="fl-c0">
         <path>.\driverlib\MSP430FR5xx_6xx\</path>
         <kind>object</kind>
         <file>rtc_b.obj</file>
         <name>rtc_b.obj</name>
      </input_file>
      <input_file id="fl-c1">
         <path>.\driverlib\MSP430FR5xx_6xx\</path>
         <kind>object</kind>
         <file>rtc_c.obj</file>
         <name>rtc_c.obj</name>
      </input_file>
      <input_file id="fl-c2">
         <path>.\driverlib\MSP430FR5xx_6xx\</path>
         <kind>object</kind>
         <file>saph.obj</file>
         <name>saph.obj</name>
      </input_file>
      <input_file id="fl-c3">
         <path>.\driverlib\MSP430FR5xx_6xx\</path>
         <kind>object</kind>
         <file>saph_a.obj</file>
         <name>saph_a.obj</name>
      </input_file>
      <input_file id="fl-c4">
         <path>.\driverlib\MSP430FR5xx_6xx\</path>
         <kind>object</kind>
         <file>sdhs.obj</file>
         <name>sdhs.obj</name>
      </input_file>
      <input_file id="fl-c5">
         <path>.\driverlib\MSP430FR5xx_6xx\</path>
         <kind>object</kind>
         <file>sfr.obj</file>
         <name>sfr.obj</name>
      </input_file>
      <input_file id="fl-c6">
         <path>.\driverlib\MSP430FR5xx_6xx\</path>
         <kind>object</kind>
         <file>sysctl.obj</file>
         <name>sysctl.obj</name>
      </input_file>
      <input_file id="fl-c7">
         <path>.\driverlib\MSP430FR5xx_6xx\</path>
         <kind>object</kind>
         <file>timer_a.obj</file>
         <name>timer_a.obj</name>
      </input_file>
      <input_file id="fl-c8">
         <path>.\driverlib\MSP430FR5xx_6xx\</path>
         <kind>object</kind>
         <file>timer_b.obj</file>
         <name>timer_b.obj</name>
      </input_file>
      <input_file id="fl-c9">
         <path>.\driverlib\MSP430FR5xx_6xx\</path>
         <kind>object</kind>
         <file>tlv.obj</file>
         <name>tlv.obj</name>
      </input_file>
      <input_file id="fl-ca">
         <path>.\driverlib\MSP430FR5xx_6xx\</path>
         <kind>object</kind>
         <file>uups.obj</file>
         <name>uups.obj</name>
      </input_file>
      <input_file id="fl-cb">
         <path>.\driverlib\MSP430FR5xx_6xx\</path>
         <kind>object</kind>
         <file>wdt_a.obj</file>
         <name>wdt_a.obj</name>
      </input_file>
      <input_file id="fl-d1">
         <kind>object</kind>
         <file>&lt;internal&gt;</file>
         <name>&lt;internal&gt;</name>
      </input_file>
      <input_file id="fl-ec">
         <path>C:\ti\ccs1040\ccs\tools\compiler\ti-cgt-msp430_20.2.5.LTS\lib\</path>
         <kind>archive</kind>
         <file>rts430x_lc_rd_eabi.lib</file>
         <name>copy_decompress_lzss.c.obj</name>
      </input_file>
      <input_file id="fl-ed">
         <path>C:\ti\ccs1040\ccs\tools\compiler\ti-cgt-msp430_20.2.5.LTS\lib\</path>
         <kind>archive</kind>
         <file>rts430x_lc_rd_eabi.lib</file>
         <name>copy_decompress_none.c.obj</name>
      </input_file>
      <input_file id="fl-ee">
         <path>C:\ti\ccs1040\ccs\tools\compiler\ti-cgt-msp430_20.2.5.LTS\lib\</path>
         <kind>archive</kind>
         <file>rts430x_lc_rd_eabi.lib</file>
         <name>int18.asm.obj</name>
      </input_file>
      <input_file id="fl-ef">
         <path>C:\ti\ccs1040\ccs\tools\compiler\ti-cgt-msp430_20.2.5.LTS\lib\</path>
         <kind>archive</kind>
         <file>rts430x_lc_rd_eabi.lib</file>
         <name>isr_trap.asm.obj</name>
      </input_file>
      <input_file id="fl-f0">
         <path>C:\ti\ccs1040\ccs\tools\compiler\ti-cgt-msp430_20.2.5.LTS\lib\</path>
         <kind>archive</kind>
         <file>rts430x_lc_rd_eabi.lib</file>
         <name>int19.asm.obj</name>
      </input_file>
      <input_file id="fl-f1">
         <path>C:\ti\ccs1040\ccs\tools\compiler\ti-cgt-msp430_20.2.5.LTS\lib\</path>
         <kind>archive</kind>
         <file>rts430x_lc_rd_eabi.lib</file>
         <name>int20.asm.obj</name>
      </input_file>
      <input_file id="fl-f2">
         <path>C:\ti\ccs1040\ccs\tools\compiler\ti-cgt-msp430_20.2.5.LTS\lib\</path>
         <kind>archive</kind>
         <file>rts430x_lc_rd_eabi.lib</file>
         <name>int21.asm.obj</name>
      </input_file>
      <input_file id="fl-f3">
         <path>C:\ti\ccs1040\ccs\tools\compiler\ti-cgt-msp430_20.2.5.LTS\lib\</path>
         <kind>archive</kind>
         <file>rts430x_lc_rd_eabi.lib</file>
         <name>int22.asm.obj</name>
      </input_file>
      <input_file id="fl-f4">
         <path>C:\ti\ccs1040\ccs\tools\compiler\ti-cgt-msp430_20.2.5.LTS\lib\</path>
         <kind>archive</kind>
         <file>rts430x_lc_rd_eabi.lib</file>
         <name>int23.asm.obj</name>
      </input_file>
      <input_file id="fl-f5">
         <path>C:\ti\ccs1040\ccs\tools\compiler\ti-cgt-msp430_20.2.5.LTS\lib\</path>
         <kind>archive</kind>
         <file>rts430x_lc_rd_eabi.lib</file>
         <name>int24.asm.obj</name>
      </input_file>
      <input_file id="fl-f6">
         <path>C:\ti\ccs1040\ccs\tools\compiler\ti-cgt-msp430_20.2.5.LTS\lib\</path>
         <kind>archive</kind>
         <file>rts430x_lc_rd_eabi.lib</file>
         <name>int25.asm.obj</name>
      </input_file>
      <input_file id="fl-f7">
         <path>C:\ti\ccs1040\ccs\tools\compiler\ti-cgt-msp430_20.2.5.LTS\lib\</path>
         <kind>archive</kind>
         <file>rts430x_lc_rd_eabi.lib</file>
         <name>int26.asm.obj</name>
      </input_file>
      <input_file id="fl-f8">
         <path>C:\ti\ccs1040\ccs\tools\compiler\ti-cgt-msp430_20.2.5.LTS\lib\</path>
         <kind>archive</kind>
         <file>rts430x_lc_rd_eabi.lib</file>
         <name>int27.asm.obj</name>
      </input_file>
      <input_file id="fl-f9">
         <path>C:\ti\ccs1040\ccs\tools\compiler\ti-cgt-msp430_20.2.5.LTS\lib\</path>
         <kind>archive</kind>
         <file>rts430x_lc_rd_eabi.lib</file>
         <name>int28.asm.obj</name>
      </input_file>
      <input_file id="fl-fa">
         <path>C:\ti\ccs1040\ccs\tools\compiler\ti-cgt-msp430_20.2.5.LTS\lib\</path>
         <kind>archive</kind>
         <file>rts430x_lc_rd_eabi.lib</file>
         <name>int29.asm.obj</name>
      </input_file>
      <input_file id="fl-fb">
         <path>C:\ti\ccs1040\ccs\tools\compiler\ti-cgt-msp430_20.2.5.LTS\lib\</path>
         <kind>archive</kind>
         <file>rts430x_lc_rd_eabi.lib</file>
         <name>int30.asm.obj</name>
      </input_file>
      <input_file id="fl-fc">
         <path>C:\ti\ccs1040\ccs\tools\compiler\ti-cgt-msp430_20.2.5.LTS\lib\</path>
         <kind>archive</kind>
         <file>rts430x_lc_rd_eabi.lib</file>
         <name>int31.asm.obj</name>
      </input_file>
      <input_file id="fl-fd">
         <path>C:\ti\ccs1040\ccs\tools\compiler\ti-cgt-msp430_20.2.5.LTS\lib\</path>
         <kind>archive</kind>
         <file>rts430x_lc_rd_eabi.lib</file>
         <name>int32.asm.obj</name>
      </input_file>
      <input_file id="fl-fe">
         <path>C:\ti\ccs1040\ccs\tools\compiler\ti-cgt-msp430_20.2.5.LTS\lib\</path>
         <kind>archive</kind>
         <file>rts430x_lc_rd_eabi.lib</file>
         <name>int33.asm.obj</name>
      </input_file>
      <input_file id="fl-ff">
         <path>C:\ti\ccs1040\ccs\tools\compiler\ti-cgt-msp430_20.2.5.LTS\lib\</path>
         <kind>archive</kind>
         <file>rts430x_lc_rd_eabi.lib</file>
         <name>int34.asm.obj</name>
      </input_file>
      <input_file id="fl-100">
         <path>C:\ti\ccs1040\ccs\tools\compiler\ti-cgt-msp430_20.2.5.LTS\lib\</path>
         <kind>archive</kind>
         <file>rts430x_lc_rd_eabi.lib</file>
         <name>int35.asm.obj</name>
      </input_file>
      <input_file id="fl-101">
         <path>C:\ti\ccs1040\ccs\tools\compiler\ti-cgt-msp430_20.2.5.LTS\lib\</path>
         <kind>archive</kind>
         <file>rts430x_lc_rd_eabi.lib</file>
         <name>int36.asm.obj</name>
      </input_file>
      <input_file id="fl-102">
         <path>C:\ti\ccs1040\ccs\tools\compiler\ti-cgt-msp430_20.2.5.LTS\lib\</path>
         <kind>archive</kind>
         <file>rts430x_lc_rd_eabi.lib</file>
         <name>int37.asm.obj</name>
      </input_file>
      <input_file id="fl-103">
         <path>C:\ti\ccs1040\ccs\tools\compiler\ti-cgt-msp430_20.2.5.LTS\lib\</path>
         <kind>archive</kind>
         <file>rts430x_lc_rd_eabi.lib</file>
         <name>int38.asm.obj</name>
      </input_file>
      <input_file id="fl-104">
         <path>C:\ti\ccs1040\ccs\tools\compiler\ti-cgt-msp430_20.2.5.LTS\lib\</path>
         <kind>archive</kind>
         <file>rts430x_lc_rd_eabi.lib</file>
         <name>int39.asm.obj</name>
      </input_file>
      <input_file id="fl-105">
         <path>C:\ti\ccs1040\ccs\tools\compiler\ti-cgt-msp430_20.2.5.LTS\lib\</path>
         <kind>archive</kind>
         <file>rts430x_lc_rd_eabi.lib</file>
         <name>int40.asm.obj</name>
      </input_file>
      <input_file id="fl-106">
         <path>C:\ti\ccs1040\ccs\tools\compiler\ti-cgt-msp430_20.2.5.LTS\lib\</path>
         <kind>archive</kind>
         <file>rts430x_lc_rd_eabi.lib</file>
         <name>int41.asm.obj</name>
      </input_file>
      <input_file id="fl-107">
         <path>C:\ti\ccs1040\ccs\tools\compiler\ti-cgt-msp430_20.2.5.LTS\lib\</path>
         <kind>archive</kind>
         <file>rts430x_lc_rd_eabi.lib</file>
         <name>int42.asm.obj</name>
      </input_file>
      <input_file id="fl-108">
         <path>C:\ti\ccs1040\ccs\tools\compiler\ti-cgt-msp430_20.2.5.LTS\lib\</path>
         <kind>archive</kind>
         <file>rts430x_lc_rd_eabi.lib</file>
         <name>int43.asm.obj</name>
      </input_file>
      <input_file id="fl-109">
         <path>C:\ti\ccs1040\ccs\tools\compiler\ti-cgt-msp430_20.2.5.LTS\lib\</path>
         <kind>archive</kind>
         <file>rts430x_lc_rd_eabi.lib</file>
         <name>int45.asm.obj</name>
      </input_file>
      <input_file id="fl-10a">
         <path>C:\ti\ccs1040\ccs\tools\compiler\ti-cgt-msp430_20.2.5.LTS\lib\</path>
         <kind>archive</kind>
         <file>rts430x_lc_rd_eabi.lib</file>
         <name>int46.asm.obj</name>
      </input_file>
      <input_file id="fl-10b">
         <path>C:\ti\ccs1040\ccs\tools\compiler\ti-cgt-msp430_20.2.5.LTS\lib\</path>
         <kind>archive</kind>
         <file>rts430x_lc_rd_eabi.lib</file>
         <name>int47.asm.obj</name>
      </input_file>
      <input_file id="fl-10c">
         <path>C:\ti\ccs1040\ccs\tools\compiler\ti-cgt-msp430_20.2.5.LTS\lib\</path>
         <kind>archive</kind>
         <file>rts430x_lc_rd_eabi.lib</file>
         <name>int48.asm.obj</name>
      </input_file>
      <input_file id="fl-10d">
         <path>C:\ti\ccs1040\ccs\tools\compiler\ti-cgt-msp430_20.2.5.LTS\lib\</path>
         <kind>archive</kind>
         <file>rts430x_lc_rd_eabi.lib</file>
         <name>int49.asm.obj</name>
      </input_file>
      <input_file id="fl-10e">
         <path>C:\ti\ccs1040\ccs\tools\compiler\ti-cgt-msp430_20.2.5.LTS\lib\</path>
         <kind>archive</kind>
         <file>rts430x_lc_rd_eabi.lib</file>
         <name>int50.asm.obj</name>
      </input_file>
      <input_file id="fl-10f">
         <path>C:\ti\ccs1040\ccs\tools\compiler\ti-cgt-msp430_20.2.5.LTS\lib\</path>
         <kind>archive</kind>
         <file>rts430x_lc_rd_eabi.lib</file>
         <name>int51.asm.obj</name>
      </input_file>
      <input_file id="fl-110">
         <path>C:\ti\ccs1040\ccs\tools\compiler\ti-cgt-msp430_20.2.5.LTS\lib\</path>
         <kind>archive</kind>
         <file>rts430x_lc_rd_eabi.lib</file>
         <name>int52.asm.obj</name>
      </input_file>
      <input_file id="fl-111">
         <path>C:\ti\ccs1040\ccs\tools\compiler\ti-cgt-msp430_20.2.5.LTS\lib\</path>
         <kind>archive</kind>
         <file>rts430x_lc_rd_eabi.lib</file>
         <name>int53.asm.obj</name>
      </input_file>
      <input_file id="fl-112">
         <path>C:\ti\ccs1040\ccs\tools\compiler\ti-cgt-msp430_20.2.5.LTS\lib\</path>
         <kind>archive</kind>
         <file>rts430x_lc_rd_eabi.lib</file>
         <name>int54.asm.obj</name>
      </input_file>
      <input_file id="fl-113">
         <path>C:\ti\ccs1040\ccs\tools\compiler\ti-cgt-msp430_20.2.5.LTS\lib\</path>
         <kind>archive</kind>
         <file>rts430x_lc_rd_eabi.lib</file>
         <name>copy_zero_init.c.obj</name>
      </input_file>
      <input_file id="fl-114">
         <path>C:\ti\ccs1040\ccs\tools\compiler\ti-cgt-msp430_20.2.5.LTS\lib\</path>
         <kind>archive</kind>
         <file>rts430x_lc_rd_eabi.lib</file>
         <name>div16s.asm.obj</name>
      </input_file>
      <input_file id="fl-115">
         <path>C:\ti\ccs1040\ccs\tools\compiler\ti-cgt-msp430_20.2.5.LTS\lib\</path>
         <kind>archive</kind>
         <file>rts430x_lc_rd_eabi.lib</file>
         <name>div32s.asm.obj</name>
      </input_file>
      <input_file id="fl-116">
         <path>C:\ti\ccs1040\ccs\tools\compiler\ti-cgt-msp430_20.2.5.LTS\lib\</path>
         <kind>archive</kind>
         <file>rts430x_lc_rd_eabi.lib</file>
         <name>div16u.asm.obj</name>
      </input_file>
      <input_file id="fl-117">
         <path>C:\ti\ccs1040\ccs\tools\compiler\ti-cgt-msp430_20.2.5.LTS\lib\</path>
         <kind>archive</kind>
         <file>rts430x_lc_rd_eabi.lib</file>
         <name>div32u.asm.obj</name>
      </input_file>
      <input_file id="fl-118">
         <path>C:\ti\ccs1040\ccs\tools\compiler\ti-cgt-msp430_20.2.5.LTS\lib\</path>
         <kind>archive</kind>
         <file>rts430x_lc_rd_eabi.lib</file>
         <name>mult16.asm.obj</name>
      </input_file>
      <input_file id="fl-119">
         <path>C:\ti\ccs1040\ccs\tools\compiler\ti-cgt-msp430_20.2.5.LTS\lib\</path>
         <kind>archive</kind>
         <file>rts430x_lc_rd_eabi.lib</file>
         <name>mult16_f5hw.asm.obj</name>
      </input_file>
      <input_file id="fl-11a">
         <path>C:\ti\ccs1040\ccs\tools\compiler\ti-cgt-msp430_20.2.5.LTS\lib\</path>
         <kind>archive</kind>
         <file>rts430x_lc_rd_eabi.lib</file>
         <name>mult32.asm.obj</name>
      </input_file>
      <input_file id="fl-11b">
         <path>C:\ti\ccs1040\ccs\tools\compiler\ti-cgt-msp430_20.2.5.LTS\lib\</path>
         <kind>archive</kind>
         <file>rts430x_lc_rd_eabi.lib</file>
         <name>mult32_f5hw.asm.obj</name>
      </input_file>
      <input_file id="fl-11c">
         <path>C:\ti\ccs1040\ccs\tools\compiler\ti-cgt-msp430_20.2.5.LTS\lib\</path>
         <kind>archive</kind>
         <file>rts430x_lc_rd_eabi.lib</file>
         <name>mult64_f5hw.asm.obj</name>
      </input_file>
      <input_file id="fl-11d">
         <path>C:\ti\ccs1040\ccs\tools\compiler\ti-cgt-msp430_20.2.5.LTS\lib\</path>
         <kind>archive</kind>
         <file>rts430x_lc_rd_eabi.lib</file>
         <name>mult1632_f5hw.asm.obj</name>
      </input_file>
      <input_file id="fl-11e">
         <path>C:\ti\ccs1040\ccs\tools\compiler\ti-cgt-msp430_20.2.5.LTS\lib\</path>
         <kind>archive</kind>
         <file>rts430x_lc_rd_eabi.lib</file>
         <name>mult3264_f5hw.asm.obj</name>
      </input_file>
      <input_file id="fl-11f">
         <path>C:\ti\ccs1040\ccs\tools\compiler\ti-cgt-msp430_20.2.5.LTS\lib\</path>
         <kind>archive</kind>
         <file>rts430x_lc_rd_eabi.lib</file>
         <name>lsl16.asm.obj</name>
      </input_file>
      <input_file id="fl-120">
         <path>C:\ti\ccs1040\ccs\tools\compiler\ti-cgt-msp430_20.2.5.LTS\lib\</path>
         <kind>archive</kind>
         <file>rts430x_lc_rd_eabi.lib</file>
         <name>asr16.asm.obj</name>
      </input_file>
      <input_file id="fl-121">
         <path>C:\ti\ccs1040\ccs\tools\compiler\ti-cgt-msp430_20.2.5.LTS\lib\</path>
         <kind>archive</kind>
         <file>rts430x_lc_rd_eabi.lib</file>
         <name>lsr16.asm.obj</name>
      </input_file>
      <input_file id="fl-122">
         <path>C:\ti\ccs1040\ccs\tools\compiler\ti-cgt-msp430_20.2.5.LTS\lib\</path>
         <kind>archive</kind>
         <file>rts430x_lc_rd_eabi.lib</file>
         <name>lsr32.asm.obj</name>
      </input_file>
      <input_file id="fl-123">
         <path>C:\ti\ccs1040\ccs\tools\compiler\ti-cgt-msp430_20.2.5.LTS\lib\</path>
         <kind>archive</kind>
         <file>rts430x_lc_rd_eabi.lib</file>
         <name>boot.c.obj</name>
      </input_file>
      <input_file id="fl-124">
         <path>C:\ti\ccs1040\ccs\tools\compiler\ti-cgt-msp430_20.2.5.LTS\lib\</path>
         <kind>archive</kind>
         <file>rts430x_lc_rd_eabi.lib</file>
         <name>mpu_init.c.obj</name>
      </input_file>
      <input_file id="fl-125">
         <path>C:\ti\ccs1040\ccs\tools\compiler\ti-cgt-msp430_20.2.5.LTS\lib\</path>
         <kind>archive</kind>
         <file>rts430x_lc_rd_eabi.lib</file>
         <name>args_main.c.obj</name>
      </input_file>
      <input_file id="fl-126">
         <path>C:\ti\ccs1040\ccs\tools\compiler\ti-cgt-msp430_20.2.5.LTS\lib\</path>
         <kind>archive</kind>
         <file>rts430x_lc_rd_eabi.lib</file>
         <name>autoinit.c.obj</name>
      </input_file>
      <input_file id="fl-127">
         <path>C:\ti\ccs1040\ccs\tools\compiler\ti-cgt-msp430_20.2.5.LTS\lib\</path>
         <kind>archive</kind>
         <file>rts430x_lc_rd_eabi.lib</file>
         <name>startup.c.obj</name>
      </input_file>
      <input_file id="fl-128">
         <path>C:\ti\ccs1040\ccs\tools\compiler\ti-cgt-msp430_20.2.5.LTS\lib\</path>
         <kind>archive</kind>
         <file>rts430x_lc_rd_eabi.lib</file>
         <name>pre_init.c.obj</name>
      </input_file>
      <input_file id="fl-129">
         <path>C:\ti\ccs1040\ccs\tools\compiler\ti-cgt-msp430_20.2.5.LTS\lib\</path>
         <kind>archive</kind>
         <file>rts430x_lc_rd_eabi.lib</file>
         <name>cpy_tbl.c.obj</name>
      </input_file>
      <input_file id="fl-12a">
         <path>C:\ti\ccs1040\ccs\tools\compiler\ti-cgt-msp430_20.2.5.LTS\lib\</path>
         <kind>archive</kind>
         <file>rts430x_lc_rd_eabi.lib</file>
         <name>exit.c.obj</name>
      </input_file>
      <input_file id="fl-12b">
         <path>C:\ti\ccs1040\ccs\tools\compiler\ti-cgt-msp430_20.2.5.LTS\lib\</path>
         <kind>archive</kind>
         <file>rts430x_lc_rd_eabi.lib</file>
         <name>exit_gvars.c.obj</name>
      </input_file>
      <input_file id="fl-12c">
         <path>C:\ti\ccs1040\ccs\tools\compiler\ti-cgt-msp430_20.2.5.LTS\lib\</path>
         <kind>archive</kind>
         <file>rts430x_lc_rd_eabi.lib</file>
         <name>_lock.c.obj</name>
      </input_file>
      <input_file id="fl-12d">
         <path>C:\ti\ccs1040\ccs\tools\compiler\ti-cgt-msp430_20.2.5.LTS\lib\</path>
         <kind>archive</kind>
         <file>rts430x_lc_rd_eabi.lib</file>
         <name>memcpy.c.obj</name>
      </input_file>
      <input_file id="fl-12e">
         <path>C:\ti\ccs1040\ccs\tools\compiler\ti-cgt-msp430_20.2.5.LTS\lib\</path>
         <kind>archive</kind>
         <file>rts430x_lc_rd_eabi.lib</file>
         <name>sprintf.c.obj</name>
      </input_file>
      <input_file id="fl-12f">
         <path>C:\ti\ccs1040\ccs\tools\compiler\ti-cgt-msp430_20.2.5.LTS\lib\</path>
         <kind>archive</kind>
         <file>rts430x_lc_rd_eabi.lib</file>
         <name>_printfi.c.obj</name>
      </input_file>
      <input_file id="fl-130">
         <path>C:\ti\ccs1040\ccs\tools\compiler\ti-cgt-msp430_20.2.5.LTS\lib\</path>
         <kind>archive</kind>
         <file>rts430x_lc_rd_eabi.lib</file>
         <name>_ltoa.c.obj</name>
      </input_file>
      <input_file id="fl-131">
         <path>C:\ti\ccs1040\ccs\tools\compiler\ti-cgt-msp430_20.2.5.LTS\lib\</path>
         <kind>archive</kind>
         <file>rts430x_lc_rd_eabi.lib</file>
         <name>cmpd.c.obj</name>
      </input_file>
      <input_file id="fl-132">
         <path>C:\ti\ccs1040\ccs\tools\compiler\ti-cgt-msp430_20.2.5.LTS\lib\</path>
         <kind>archive</kind>
         <file>rts430x_lc_rd_eabi.lib</file>
         <name>divd.c.obj</name>
      </input_file>
      <input_file id="fl-133">
         <path>C:\ti\ccs1040\ccs\tools\compiler\ti-cgt-msp430_20.2.5.LTS\lib\</path>
         <kind>archive</kind>
         <file>rts430x_lc_rd_eabi.lib</file>
         <name>frcdivd.c.obj</name>
      </input_file>
      <input_file id="fl-134">
         <path>C:\ti\ccs1040\ccs\tools\compiler\ti-cgt-msp430_20.2.5.LTS\lib\</path>
         <kind>archive</kind>
         <file>rts430x_lc_rd_eabi.lib</file>
         <name>div64u.c.obj</name>
      </input_file>
      <input_file id="fl-135">
         <path>C:\ti\ccs1040\ccs\tools\compiler\ti-cgt-msp430_20.2.5.LTS\lib\</path>
         <kind>archive</kind>
         <file>rts430x_lc_rd_eabi.lib</file>
         <name>fixdi.c.obj</name>
      </input_file>
      <input_file id="fl-136">
         <path>C:\ti\ccs1040\ccs\tools\compiler\ti-cgt-msp430_20.2.5.LTS\lib\</path>
         <kind>archive</kind>
         <file>rts430x_lc_rd_eabi.lib</file>
         <name>fixdli.c.obj</name>
      </input_file>
      <input_file id="fl-137">
         <path>C:\ti\ccs1040\ccs\tools\compiler\ti-cgt-msp430_20.2.5.LTS\lib\</path>
         <kind>archive</kind>
         <file>rts430x_lc_rd_eabi.lib</file>
         <name>fltid.c.obj</name>
      </input_file>
      <input_file id="fl-138">
         <path>C:\ti\ccs1040\ccs\tools\compiler\ti-cgt-msp430_20.2.5.LTS\lib\</path>
         <kind>archive</kind>
         <file>rts430x_lc_rd_eabi.lib</file>
         <name>fltlid.c.obj</name>
      </input_file>
      <input_file id="fl-139">
         <path>C:\ti\ccs1040\ccs\tools\compiler\ti-cgt-msp430_20.2.5.LTS\lib\</path>
         <kind>archive</kind>
         <file>rts430x_lc_rd_eabi.lib</file>
         <name>mpyd.c.obj</name>
      </input_file>
      <input_file id="fl-13a">
         <path>C:\ti\ccs1040\ccs\tools\compiler\ti-cgt-msp430_20.2.5.LTS\lib\</path>
         <kind>archive</kind>
         <file>rts430x_lc_rd_eabi.lib</file>
         <name>frcmpyd.c.obj</name>
      </input_file>
      <input_file id="fl-13b">
         <path>C:\ti\ccs1040\ccs\tools\compiler\ti-cgt-msp430_20.2.5.LTS\lib\</path>
         <kind>archive</kind>
         <file>rts430x_lc_rd_eabi.lib</file>
         <name>mult64.asm.obj</name>
      </input_file>
      <input_file id="fl-13c">
         <path>C:\ti\ccs1040\ccs\tools\compiler\ti-cgt-msp430_20.2.5.LTS\lib\</path>
         <kind>archive</kind>
         <file>rts430x_lc_rd_eabi.lib</file>
         <name>mult1632.asm.obj</name>
      </input_file>
      <input_file id="fl-13d">
         <path>C:\ti\ccs1040\ccs\tools\compiler\ti-cgt-msp430_20.2.5.LTS\lib\</path>
         <kind>archive</kind>
         <file>rts430x_lc_rd_eabi.lib</file>
         <name>mult3264.asm.obj</name>
      </input_file>
      <input_file id="fl-13e">
         <path>C:\ti\ccs1040\ccs\tools\compiler\ti-cgt-msp430_20.2.5.LTS\lib\</path>
         <kind>archive</kind>
         <file>rts430x_lc_rd_eabi.lib</file>
         <name>negd.c.obj</name>
      </input_file>
      <input_file id="fl-13f">
         <path>C:\ti\ccs1040\ccs\tools\compiler\ti-cgt-msp430_20.2.5.LTS\lib\</path>
         <kind>archive</kind>
         <file>rts430x_lc_rd_eabi.lib</file>
         <name>lsl32.asm.obj</name>
      </input_file>
      <input_file id="fl-140">
         <path>C:\ti\ccs1040\ccs\tools\compiler\ti-cgt-msp430_20.2.5.LTS\lib\</path>
         <kind>archive</kind>
         <file>rts430x_lc_rd_eabi.lib</file>
         <name>lsl64.c.obj</name>
      </input_file>
      <input_file id="fl-141">
         <path>C:\ti\ccs1040\ccs\tools\compiler\ti-cgt-msp430_20.2.5.LTS\lib\</path>
         <kind>archive</kind>
         <file>rts430x_lc_rd_eabi.lib</file>
         <name>asr32.asm.obj</name>
      </input_file>
      <input_file id="fl-142">
         <path>C:\ti\ccs1040\ccs\tools\compiler\ti-cgt-msp430_20.2.5.LTS\lib\</path>
         <kind>archive</kind>
         <file>rts430x_lc_rd_eabi.lib</file>
         <name>lsr64.c.obj</name>
      </input_file>
      <input_file id="fl-143">
         <path>C:\ti\ccs1040\ccs\tools\compiler\ti-cgt-msp430_20.2.5.LTS\lib\</path>
         <kind>archive</kind>
         <file>rts430x_lc_rd_eabi.lib</file>
         <name>subd.c.obj</name>
      </input_file>
      <input_file id="fl-144">
         <path>C:\ti\ccs1040\ccs\tools\compiler\ti-cgt-msp430_20.2.5.LTS\lib\</path>
         <kind>archive</kind>
         <file>rts430x_lc_rd_eabi.lib</file>
         <name>addd.c.obj</name>
      </input_file>
      <input_file id="fl-145">
         <path>C:\ti\ccs1040\ccs\tools\compiler\ti-cgt-msp430_20.2.5.LTS\lib\</path>
         <kind>archive</kind>
         <file>rts430x_lc_rd_eabi.lib</file>
         <name>asr64.c.obj</name>
      </input_file>
      <input_file id="fl-146">
         <path>C:\ti\ccs1040\ccs\tools\compiler\ti-cgt-msp430_20.2.5.LTS\lib\</path>
         <kind>archive</kind>
         <file>rts430x_lc_rd_eabi.lib</file>
         <name>abs.c.obj</name>
      </input_file>
      <input_file id="fl-147">
         <path>C:\ti\ccs1040\ccs\tools\compiler\ti-cgt-msp430_20.2.5.LTS\lib\</path>
         <kind>archive</kind>
         <file>rts430x_lc_rd_eabi.lib</file>
         <name>atoi.c.obj</name>
      </input_file>
      <input_file id="fl-148">
         <path>C:\ti\ccs1040\ccs\tools\compiler\ti-cgt-msp430_20.2.5.LTS\lib\</path>
         <kind>archive</kind>
         <file>rts430x_lc_rd_eabi.lib</file>
         <name>ctype.c.obj</name>
      </input_file>
      <input_file id="fl-149">
         <path>C:\ti\ccs1040\ccs\tools\compiler\ti-cgt-msp430_20.2.5.LTS\lib\</path>
         <kind>archive</kind>
         <file>rts430x_lc_rd_eabi.lib</file>
         <name>errno.c.obj</name>
      </input_file>
      <input_file id="fl-14a">
         <path>C:\ti\ccs1040\ccs\tools\compiler\ti-cgt-msp430_20.2.5.LTS\lib\</path>
         <kind>archive</kind>
         <file>rts430x_lc_rd_eabi.lib</file>
         <name>s_frexp.c.obj</name>
      </input_file>
      <input_file id="fl-14b">
         <path>C:\ti\ccs1040\ccs\tools\compiler\ti-cgt-msp430_20.2.5.LTS\lib\</path>
         <kind>archive</kind>
         <file>rts430x_lc_rd_eabi.lib</file>
         <name>s_scalbn.c.obj</name>
      </input_file>
      <input_file id="fl-14c">
         <path>C:\ti\ccs1040\ccs\tools\compiler\ti-cgt-msp430_20.2.5.LTS\lib\</path>
         <kind>archive</kind>
         <file>rts430x_lc_rd_eabi.lib</file>
         <name>s_copysign.c.obj</name>
      </input_file>
      <input_file id="fl-14d">
         <path>C:\ti\ccs1040\ccs\tools\compiler\ti-cgt-msp430_20.2.5.LTS\lib\</path>
         <kind>archive</kind>
         <file>rts430x_lc_rd_eabi.lib</file>
         <name>memccpy.c.obj</name>
      </input_file>
      <input_file id="fl-14e">
         <path>C:\ti\ccs1040\ccs\tools\compiler\ti-cgt-msp430_20.2.5.LTS\lib\</path>
         <kind>archive</kind>
         <file>rts430x_lc_rd_eabi.lib</file>
         <name>memset.c.obj</name>
      </input_file>
      <input_file id="fl-14f">
         <path>C:\ti\ccs1040\ccs\tools\compiler\ti-cgt-msp430_20.2.5.LTS\lib\</path>
         <kind>archive</kind>
         <file>rts430x_lc_rd_eabi.lib</file>
         <name>strchr.c.obj</name>
      </input_file>
      <input_file id="fl-150">
         <path>C:\ti\ccs1040\ccs\tools\compiler\ti-cgt-msp430_20.2.5.LTS\lib\</path>
         <kind>archive</kind>
         <file>rts430x_lc_rd_eabi.lib</file>
         <name>strlen.c.obj</name>
      </input_file>
      <input_file id="fl-151">
         <path>C:\ti\ccs1040\ccs\tools\compiler\ti-cgt-msp430_20.2.5.LTS\lib\</path>
         <kind>archive</kind>
         <file>rts430x_lc_rd_eabi.lib</file>
         <name>toupper.c.obj</name>
      </input_file>
      <input_file id="fl-152">
         <path>C:\ti\ccs1040\ccs\tools\compiler\ti-cgt-msp430_20.2.5.LTS\lib\</path>
         <kind>archive</kind>
         <file>rts430x_lc_rd_eabi.lib</file>
         <name>wcslen.c.obj</name>
      </input_file>
   </input_file_list>
   <object_component_list>
      <object_component id="oc-d20">
         <name>__TI_handler_table</name>
         <load_address>0x45cc</load_address>
         <run_address>0x45cc</run_address>
         <size>0xc</size>
      </object_component>
      <object_component id="oc-d23">
         <name>.cinit..data.load</name>
         <load_address>0x45d8</load_address>
         <run_address>0x45d8</run_address>
         <size>0x7</size>
      </object_component>
      <object_component id="oc-d22">
         <name>.cinit..bss.load</name>
         <load_address>0x45e0</load_address>
         <run_address>0x45e0</run_address>
         <size>0x6</size>
      </object_component>
      <object_component id="oc-d21">
         <name>__TI_cinit_table</name>
         <load_address>0x45e6</load_address>
         <run_address>0x45e6</run_address>
         <size>0x10</size>
      </object_component>
      <object_component id="oc-caf">
         <name>.binit</name>
         <load_address>0x4000</load_address>
         <run_address>0x4000</run_address>
         <size>0x0</size>
      </object_component>
      <object_component id="oc-6fa">
         <name>.text:_isr:_c_int00_noargs</name>
         <load_address>0x4000</load_address>
         <run_address>0x4000</run_address>
         <size>0x1c</size>
         <input_file_ref idref="fl-123"/>
      </object_component>
      <object_component id="oc-6e2">
         <name>.text:_isr:motorISR</name>
         <load_address>0x401c</load_address>
         <run_address>0x401c</run_address>
         <size>0x12</size>
         <input_file_ref idref="fl-2"/>
      </object_component>
      <object_component id="oc-6dd">
         <name>.text:_isr:__TI_ISR_TRAP</name>
         <load_address>0x402e</load_address>
         <run_address>0x402e</run_address>
         <size>0x8</size>
         <input_file_ref idref="fl-ef"/>
      </object_component>
      <object_component id="oc-9e5">
         <name>.const:.string:g_pucFontFixed6x8Data</name>
         <load_address>0x4036</load_address>
         <run_address>0x4036</run_address>
         <size>0x2f8</size>
         <input_file_ref idref="fl-9b"/>
      </object_component>
      <object_component id="oc-b24">
         <name>.const:.string:_ctypes_</name>
         <load_address>0x432e</load_address>
         <run_address>0x432e</run_address>
         <size>0x101</size>
         <input_file_ref idref="fl-148"/>
      </object_component>
      <object_component id="oc-8f7">
         <name>.const:g_sFontFixed6x8</name>
         <load_address>0x4430</load_address>
         <run_address>0x4430</run_address>
         <size>0xc8</size>
         <input_file_ref idref="fl-9b"/>
      </object_component>
      <object_component id="oc-8e2">
         <name>.const:g_sCrystalfontz128x128</name>
         <load_address>0x44f8</load_address>
         <run_address>0x44f8</run_address>
         <size>0x2c</size>
         <input_file_ref idref="fl-a7"/>
      </object_component>
      <object_component id="oc-acf">
         <name>.const:.string</name>
         <load_address>0x4524</load_address>
         <run_address>0x4524</run_address>
         <size>0x26</size>
         <input_file_ref idref="fl-12f"/>
      </object_component>
      <object_component id="oc-7db">
         <name>.const:.string</name>
         <load_address>0x454a</load_address>
         <run_address>0x454a</run_address>
         <size>0x24</size>
         <input_file_ref idref="fl-2"/>
      </object_component>
      <object_component id="oc-837">
         <name>.const:GPIO_PORT_TO_BASE</name>
         <load_address>0x456e</load_address>
         <run_address>0x456e</run_address>
         <size>0x1c</size>
         <input_file_ref idref="fl-b7"/>
      </object_component>
      <object_component id="oc-a7c">
         <name>.const:$P$T0$1</name>
         <load_address>0x458a</load_address>
         <run_address>0x458a</run_address>
         <size>0x12</size>
         <input_file_ref idref="fl-a8"/>
      </object_component>
      <object_component id="oc-8b4">
         <name>.const:$P$T0$1</name>
         <load_address>0x459c</load_address>
         <run_address>0x459c</run_address>
         <size>0xa</size>
         <input_file_ref idref="fl-2"/>
      </object_component>
      <object_component id="oc-8c9">
         <name>.const:$P$T1$2</name>
         <load_address>0x45a6</load_address>
         <run_address>0x45a6</run_address>
         <size>0xa</size>
         <input_file_ref idref="fl-2"/>
      </object_component>
      <object_component id="oc-8d2">
         <name>.const:$P$T2$3</name>
         <load_address>0x45b0</load_address>
         <run_address>0x45b0</run_address>
         <size>0xa</size>
         <input_file_ref idref="fl-2"/>
      </object_component>
      <object_component id="oc-857">
         <name>.const:.string:stepArray</name>
         <load_address>0x45ba</load_address>
         <run_address>0x45ba</run_address>
         <size>0xa</size>
         <input_file_ref idref="fl-2"/>
      </object_component>
      <object_component id="oc-ab3">
         <name>.const:$P$T0$1</name>
         <load_address>0x45c4</load_address>
         <run_address>0x45c4</run_address>
         <size>0x8</size>
         <input_file_ref idref="fl-a7"/>
      </object_component>
      <object_component id="oc-926">
         <name>.text:Graphics_drawString</name>
         <load_address>0x10000</load_address>
         <run_address>0x10000</run_address>
         <size>0x810</size>
         <input_file_ref idref="fl-a6"/>
      </object_component>
      <object_component id="oc-c5e">
         <name>.text:__mspabi_addd</name>
         <load_address>0x10810</load_address>
         <run_address>0x10810</run_address>
         <size>0x72a</size>
         <input_file_ref idref="fl-144"/>
      </object_component>
      <object_component id="oc-c2e">
         <name>.text:__TI_frcdivd</name>
         <load_address>0x10f3a</load_address>
         <run_address>0x10f3a</run_address>
         <size>0x466</size>
         <input_file_ref idref="fl-133"/>
      </object_component>
      <object_component id="oc-b82">
         <name>.text:__mspabi_divull</name>
         <load_address>0x113a0</load_address>
         <run_address>0x113a0</run_address>
         <size>0x34e</size>
         <input_file_ref idref="fl-134"/>
      </object_component>
      <object_component id="oc-913">
         <name>.text:__TI_printfi</name>
         <load_address>0x116ee</load_address>
         <run_address>0x116ee</run_address>
         <size>0x2a6</size>
         <input_file_ref idref="fl-12f"/>
      </object_component>
      <object_component id="oc-bbc">
         <name>.text:__mspabi_mpyd</name>
         <load_address>0x11994</load_address>
         <run_address>0x11994</run_address>
         <size>0x298</size>
         <input_file_ref idref="fl-139"/>
      </object_component>
      <object_component id="oc-a01">
         <name>.text:_setfield</name>
         <load_address>0x11c2c</load_address>
         <run_address>0x11c2c</run_address>
         <size>0x27a</size>
         <input_file_ref idref="fl-12f"/>
      </object_component>
      <object_component id="oc-ad6">
         <name>.text:_pproc_fgea</name>
         <load_address>0x11ea6</load_address>
         <run_address>0x11ea6</run_address>
         <size>0x268</size>
         <input_file_ref idref="fl-12f"/>
      </object_component>
      <object_component id="oc-bcf">
         <name>.text:acvt</name>
         <load_address>0x1210e</load_address>
         <run_address>0x1210e</run_address>
         <size>0x224</size>
         <input_file_ref idref="fl-12f"/>
      </object_component>
      <object_component id="oc-bc2">
         <name>.text:__mspabi_divd</name>
         <load_address>0x12332</load_address>
         <run_address>0x12332</run_address>
         <size>0x222</size>
         <input_file_ref idref="fl-132"/>
      </object_component>
      <object_component id="oc-b2b">
         <name>.text:_getarg_diouxp</name>
         <load_address>0x12554</load_address>
         <run_address>0x12554</run_address>
         <size>0x20c</size>
         <input_file_ref idref="fl-12f"/>
      </object_component>
      <object_component id="oc-b9c">
         <name>.text:ecvt</name>
         <load_address>0x12760</load_address>
         <run_address>0x12760</run_address>
         <size>0x1e6</size>
         <input_file_ref idref="fl-12f"/>
      </object_component>
      <object_component id="oc-baf">
         <name>.text:fcvt</name>
         <load_address>0x12946</load_address>
         <run_address>0x12946</run_address>
         <size>0x1c8</size>
         <input_file_ref idref="fl-12f"/>
      </object_component>
      <object_component id="oc-b55">
         <name>.text:_pconv_e</name>
         <load_address>0x12b0e</load_address>
         <run_address>0x12b0e</run_address>
         <size>0x1a2</size>
         <input_file_ref idref="fl-12f"/>
      </object_component>
      <object_component id="oc-751">
         <name>.text:main</name>
         <load_address>0x12cb0</load_address>
         <run_address>0x12cb0</run_address>
         <size>0x174</size>
         <input_file_ref idref="fl-2"/>
      </object_component>
      <object_component id="oc-b5b">
         <name>.text:_pconv_a</name>
         <load_address>0x12e24</load_address>
         <run_address>0x12e24</run_address>
         <size>0x170</size>
         <input_file_ref idref="fl-12f"/>
      </object_component>
      <object_component id="oc-c26">
         <name>.text:__TI_frcmpyd</name>
         <load_address>0x12f94</load_address>
         <run_address>0x12f94</run_address>
         <size>0x164</size>
         <input_file_ref idref="fl-13a"/>
      </object_component>
      <object_component id="oc-c3d">
         <name>.text:scalbn</name>
         <load_address>0x130f8</load_address>
         <run_address>0x130f8</run_address>
         <size>0x15a</size>
         <input_file_ref idref="fl-14b"/>
      </object_component>
      <object_component id="oc-ad0">
         <name>.text:_pproc_diouxp</name>
         <load_address>0x13252</load_address>
         <run_address>0x13252</run_address>
         <size>0x148</size>
         <input_file_ref idref="fl-12f"/>
      </object_component>
      <object_component id="oc-9af">
         <name>.text:Crystalfontz128x128_PixelDrawMultiple</name>
         <load_address>0x1339a</load_address>
         <run_address>0x1339a</run_address>
         <size>0x13e</size>
         <input_file_ref idref="fl-a7"/>
      </object_component>
      <object_component id="oc-736">
         <name>.text:myMotorController</name>
         <load_address>0x134d8</load_address>
         <run_address>0x134d8</run_address>
         <size>0x132</size>
         <input_file_ref idref="fl-2"/>
      </object_component>
      <object_component id="oc-b31">
         <name>.text:_ltostr</name>
         <load_address>0x1360a</load_address>
         <run_address>0x1360a</run_address>
         <size>0x128</size>
         <input_file_ref idref="fl-12f"/>
      </object_component>
      <object_component id="oc-8d6">
         <name>.text:Crystalfontz128x128_Init</name>
         <load_address>0x13732</load_address>
         <run_address>0x13732</run_address>
         <size>0x122</size>
         <input_file_ref idref="fl-a7"/>
      </object_component>
      <object_component id="oc-b49">
         <name>.text:_pconv_g</name>
         <load_address>0x13854</load_address>
         <run_address>0x13854</run_address>
         <size>0xfc</size>
         <input_file_ref idref="fl-12f"/>
      </object_component>
      <object_component id="oc-9fb">
         <name>.text:_pproc_fwp</name>
         <load_address>0x13950</load_address>
         <run_address>0x13950</run_address>
         <size>0xea</size>
         <input_file_ref idref="fl-12f"/>
      </object_component>
      <object_component id="oc-a33">
         <name>.text:Graphics_drawLineH</name>
         <load_address>0x13a3a</load_address>
         <run_address>0x13a3a</run_address>
         <size>0xdc</size>
         <input_file_ref idref="fl-a3"/>
      </object_component>
      <object_component id="oc-b61">
         <name>.text:__mspabi_cmpd</name>
         <load_address>0x13b16</load_address>
         <run_address>0x13b16</run_address>
         <size>0xd8</size>
         <input_file_ref idref="fl-131"/>
      </object_component>
      <object_component id="oc-7cf">
         <name>.text:ADC_init</name>
         <load_address>0x13bee</load_address>
         <run_address>0x13bee</run_address>
         <size>0xd0</size>
         <input_file_ref idref="fl-2"/>
      </object_component>
      <object_component id="oc-a0d">
         <name>.text:_pproc_wstr</name>
         <load_address>0x13cbe</load_address>
         <run_address>0x13cbe</run_address>
         <size>0xc8</size>
         <input_file_ref idref="fl-12f"/>
      </object_component>
      <object_component id="oc-91b">
         <name>.text:Graphics_getStringWidth</name>
         <load_address>0x13d86</load_address>
         <run_address>0x13d86</run_address>
         <size>0xc2</size>
         <input_file_ref idref="fl-a6"/>
      </object_component>
      <object_component id="oc-9a0">
         <name>.text:Crystalfontz128x128_SetDrawFrame</name>
         <load_address>0x13e48</load_address>
         <run_address>0x13e48</run_address>
         <size>0xa8</size>
         <input_file_ref idref="fl-a7"/>
      </object_component>
      <object_component id="oc-a07">
         <name>.text:_pproc_str</name>
         <load_address>0x13ef0</load_address>
         <run_address>0x13ef0</run_address>
         <size>0xa6</size>
         <input_file_ref idref="fl-12f"/>
      </object_component>
      <object_component id="oc-bc9">
         <name>.text:frexp</name>
         <load_address>0x13f96</load_address>
         <run_address>0x13f96</run_address>
         <size>0xa6</size>
         <input_file_ref idref="fl-14a"/>
      </object_component>
      <object_component id="oc-7c3">
         <name>.text:configIO</name>
         <load_address>0x1403c</load_address>
         <run_address>0x1403c</run_address>
         <size>0xa0</size>
         <input_file_ref idref="fl-2"/>
      </object_component>
      <object_component id="oc-c09">
         <name>.text:__mspabi_fltlid</name>
         <load_address>0x140dc</load_address>
         <run_address>0x140dc</run_address>
         <size>0x9e</size>
         <input_file_ref idref="fl-138"/>
      </object_component>
      <object_component id="oc-8b7">
         <name>.text:ADC12_B_init</name>
         <load_address>0x1417a</load_address>
         <run_address>0x1417a</run_address>
         <size>0x98</size>
         <input_file_ref idref="fl-a9"/>
      </object_component>
      <object_component id="oc-ba2">
         <name>.text:_ecpy</name>
         <load_address>0x14212</load_address>
         <run_address>0x14212</run_address>
         <size>0x90</size>
         <input_file_ref idref="fl-12f"/>
      </object_component>
      <object_component id="oc-ba8">
         <name>.text:_mcpy</name>
         <load_address>0x142a2</load_address>
         <run_address>0x142a2</run_address>
         <size>0x90</size>
         <input_file_ref idref="fl-12f"/>
      </object_component>
      <object_component id="oc-c03">
         <name>.text:__TI_ltoa</name>
         <load_address>0x14332</load_address>
[...]
         <value>0xffd2</value>
         <object_component_ref idref="oc-9f"/>
      </symbol>
      <symbol id="sm-b3e">
         <name>__TI_int34</name>
         <value>0xffd4</value>
         <object_component_ref idref="oc-a0"/>
      </symbol>
      <symbol id="sm-b41">
         <name>__TI_int35</name>
         <value>0xffd6</value>
         <object_component_ref idref="oc-a1"/>
      </symbol>
      <symbol id="sm-b44">
         <name>__TI_int36</name>
         <value>0xffd8</value>
         <object_component_ref idref="oc-a2"/>
      </symbol>
      <symbol id="sm-b47">
         <name>__TI_int37</name>
         <value>0xffda</value>
         <object_component_ref idref="oc-a3"/>
      </symbol>
      <symbol id="sm-b4a">
         <name>__TI_int38</name>
         <value>0xffdc</value>
         <object_component_ref idref="oc-a4"/>
      </symbol>
      <symbol id="sm-b4d">
         <name>__TI_int39</name>
         <value>0xffde</value>
         <object_component_ref idref="oc-a5"/>
      </symbol>
      <symbol id="sm-b50">
         <name>__TI_int40</name>
         <value>0xffe0</value>
         <object_component_ref idref="oc-a6"/>
      </symbol>
      <symbol id="sm-b53">
         <name>__TI_int41</name>
         <value>0xffe2</value>
         <object_component_ref idref="oc-a7"/>
      </symbol>
      <symbol id="sm-b56">
         <name>__TI_int42</name>
         <value>0xffe4</value>
         <object_component_ref idref="oc-a8"/>
      </symbol>
      <symbol id="sm-b59">
         <name>__TI_int43</name>
         <value>0xffe6</value>
         <object_component_ref idref="oc-a9"/>
      </symbol>
      <symbol id="sm-b5c">
         <name>__TI_int45</name>
         <value>0xffea</value>
         <object_component_ref idref="oc-ab"/>
      </symbol>
      <symbol id="sm-b5f">
         <name>__TI_int46</name>
         <value>0xffec</value>
         <object_component_ref idref="oc-ac"/>
      </symbol>
      <symbol id="sm-b62">
         <name>__TI_int47</name>
         <value>0xffee</value>
         <object_component_ref idref="oc-ad"/>
      </symbol>
      <symbol id="sm-b65">
         <name>__TI_int48</name>
         <value>0xfff0</value>
         <object_component_ref idref="oc-ae"/>
      </symbol>
      <symbol id="sm-b68">
         <name>__TI_int49</name>
         <value>0xfff2</value>
         <object_component_ref idref="oc-af"/>
      </symbol>
      <symbol id="sm-b6b">
         <name>__TI_int50</name>
         <value>0xfff4</value>
         <object_component_ref idref="oc-b0"/>
      </symbol>
      <symbol id="sm-b6e">
         <name>__TI_int51</name>
         <value>0xfff6</value>
         <object_component_ref idref="oc-b1"/>
      </symbol>
      <symbol id="sm-b71">
         <name>__TI_int52</name>
         <value>0xfff8</value>
         <object_component_ref idref="oc-b2"/>
      </symbol>
      <symbol id="sm-b74">
         <name>__TI_int53</name>
         <value>0xfffa</value>
         <object_component_ref idref="oc-b3"/>
      </symbol>
      <symbol id="sm-b77">
         <name>__TI_int54</name>
         <value>0xfffc</value>
         <object_component_ref idref="oc-b4"/>
      </symbol>
      <symbol id="sm-b8a">
         <name>__TI_zero_init_nomemset</name>
         <value>0x15238</value>
         <object_component_ref idref="oc-6e8"/>
      </symbol>
      <symbol id="sm-b97">
         <name>__mspabi_remli</name>
         <value>0x14cca</value>
         <object_component_ref idref="oc-921"/>
      </symbol>
      <symbol id="sm-b98">
         <name>__mspabi_divli</name>
         <value>0x14cca</value>
         <object_component_ref idref="oc-921"/>
      </symbol>
      <symbol id="sm-ba2">
         <name>__mspabi_remu</name>
         <value>0x153dc</value>
         <object_component_ref idref="oc-b88"/>
      </symbol>
      <symbol id="sm-ba3">
         <name>__mspabi_divu</name>
         <value>0x153dc</value>
         <object_component_ref idref="oc-b88"/>
      </symbol>
      <symbol id="sm-bb1">
         <name>__mspabi_remul</name>
         <value>0x147f6</value>
         <object_component_ref idref="oc-a22"/>
      </symbol>
      <symbol id="sm-bb2">
         <name>__mspabi_divul</name>
         <value>0x147f6</value>
         <object_component_ref idref="oc-a22"/>
      </symbol>
      <symbol id="sm-bbb">
         <name>__mspabi_mpyi_f5hw</name>
         <value>0x15398</value>
         <object_component_ref idref="oc-a63"/>
      </symbol>
      <symbol id="sm-bc4">
         <name>__mspabi_mpyl_f5hw</name>
         <value>0x1525c</value>
         <object_component_ref idref="oc-c74"/>
      </symbol>
      <symbol id="sm-bcc">
         <name>__mspabi_mpyll_f5hw</name>
         <value>0x14740</value>
         <object_component_ref idref="oc-c67"/>
      </symbol>
      <symbol id="sm-bd5">
         <name>__mspabi_mpyull_f5hw</name>
         <value>0x15126</value>
         <object_component_ref idref="oc-c6c"/>
      </symbol>
      <symbol id="sm-bde">
         <name>__mspabi_slli</name>
         <value>0x15524</value>
         <object_component_ref idref="oc-a28"/>
      </symbol>
      <symbol id="sm-be8">
         <name>__mspabi_srli</name>
         <value>0x1552e</value>
         <object_component_ref idref="oc-aa3"/>
      </symbol>
      <symbol id="sm-bf8">
         <name>__mspabi_srll_8</name>
         <value>0x14de0</value>
         <object_component_ref idref="oc-aac"/>
      </symbol>
      <symbol id="sm-bf9">
         <name>__mspabi_srll_9</name>
         <value>0x14ddc</value>
         <object_component_ref idref="oc-aac"/>
      </symbol>
      <symbol id="sm-bfa">
         <name>__mspabi_srll_6</name>
         <value>0x14de8</value>
         <object_component_ref idref="oc-aac"/>
      </symbol>
      <symbol id="sm-bfb">
         <name>__mspabi_srll_7</name>
         <value>0x14de4</value>
         <object_component_ref idref="oc-aac"/>
      </symbol>
      <symbol id="sm-bfc">
         <name>__mspabi_srll_4</name>
         <value>0x14df0</value>
         <object_component_ref idref="oc-aac"/>
      </symbol>
      <symbol id="sm-bfd">
         <name>__mspabi_srll_5</name>
         <value>0x14dec</value>
         <object_component_ref idref="oc-aac"/>
      </symbol>
      <symbol id="sm-bfe">
         <name>__mspabi_srll_2</name>
         <value>0x14df8</value>
         <object_component_ref idref="oc-aac"/>
      </symbol>
      <symbol id="sm-bff">
         <name>__mspabi_srll_3</name>
         <value>0x14df4</value>
         <object_component_ref idref="oc-aac"/>
      </symbol>
      <symbol id="sm-c00">
         <name>__mspabi_srll_1</name>
         <value>0x14dfc</value>
         <object_component_ref idref="oc-aac"/>
      </symbol>
      <symbol id="sm-c01">
         <name>__mspabi_srll_15</name>
         <value>0x14dc4</value>
         <object_component_ref idref="oc-aac"/>
      </symbol>
      <symbol id="sm-c02">
         <name>__mspabi_srll_14</name>
         <value>0x14dc8</value>
         <object_component_ref idref="oc-aac"/>
      </symbol>
      <symbol id="sm-c03">
         <name>__mspabi_srll_13</name>
         <value>0x14dcc</value>
         <object_component_ref idref="oc-aac"/>
      </symbol>
      <symbol id="sm-c04">
         <name>__mspabi_srll_12</name>
         <value>0x14dd0</value>
         <object_component_ref idref="oc-aac"/>
      </symbol>
      <symbol id="sm-c05">
         <name>__mspabi_srll_11</name>
         <value>0x14dd4</value>
         <object_component_ref idref="oc-aac"/>
      </symbol>
      <symbol id="sm-c06">
         <name>__mspabi_srll_10</name>
         <value>0x14dd8</value>
         <object_component_ref idref="oc-aac"/>
      </symbol>
      <symbol id="sm-c07">
         <name>__mspabi_srll</name>
         <value>0x1548a</value>
         <object_component_ref idref="oc-bed"/>
      </symbol>
      <symbol id="sm-c17">
         <name>_stack</name>
         <value>0x2b60</value>
         <object_component_ref idref="oc-6c1"/>
      </symbol>
      <symbol id="sm-c18">
         <name>_c_int00_noargs</name>
         <value>0x4000</value>
         <object_component_ref idref="oc-6fa"/>
      </symbol>
      <symbol id="sm-c19">
         <name>_reset_vector</name>
         <value>0xfffe</value>
         <object_component_ref idref="oc-6c4"/>
      </symbol>
      <symbol id="sm-c3e">
         <name>__TI_auto_init_nobinit_nopinit_hold_wdt</name>
         <value>0x148a4</value>
         <object_component_ref idref="oc-81c"/>
      </symbol>
      <symbol id="sm-c47">
         <name>_system_post_cinit</name>
         <value>0x15562</value>
         <object_component_ref idref="oc-942"/>
      </symbol>
      <symbol id="sm-c50">
         <name>_system_pre_init</name>
         <value>0x1555c</value>
         <object_component_ref idref="oc-74b"/>
      </symbol>
      <symbol id="sm-c60">
         <name>C$$EXIT</name>
         <value>0x15556</value>
         <object_component_ref idref="oc-7f8"/>
      </symbol>
      <symbol id="sm-c61">
         <name>abort</name>
         <value>0x15556</value>
         <object_component_ref idref="oc-7f8"/>
      </symbol>
      <symbol id="sm-c71">
         <name>memcpy</name>
         <value>0x15430</value>
         <object_component_ref idref="oc-6d0"/>
      </symbol>
      <symbol id="sm-c92">
         <name>sprintf</name>
         <value>0x14afc</value>
         <object_component_ref idref="oc-7dc"/>
      </symbol>
      <symbol id="sm-e61">
         <name>__TI_printfi</name>
         <value>0x116ee</value>
         <object_component_ref idref="oc-913"/>
      </symbol>
      <symbol id="sm-e70">
         <name>__TI_ltoa</name>
         <value>0x14332</value>
         <object_component_ref idref="oc-c03"/>
      </symbol>
      <symbol id="sm-e8f">
         <name>__mspabi_cmpd</name>
         <value>0x13b16</value>
         <object_component_ref idref="oc-b61"/>
      </symbol>
      <symbol id="sm-eb0">
         <name>__mspabi_divd</name>
         <value>0x12332</value>
         <object_component_ref idref="oc-bc2"/>
      </symbol>
      <symbol id="sm-ecb">
         <name>__TI_frcdivd</name>
         <value>0x10f3a</value>
         <object_component_ref idref="oc-c2e"/>
      </symbol>
      <symbol id="sm-efe">
         <name>__mspabi_divull</name>
         <value>0x113a0</value>
         <object_component_ref idref="oc-b82"/>
      </symbol>
      <symbol id="sm-f0b">
         <name>__mspabi_fixdi</name>
         <value>0x1517c</value>
         <object_component_ref idref="oc-c15"/>
      </symbol>
      <symbol id="sm-f1a">
         <name>__mspabi_fixdli</name>
         <value>0x14678</value>
         <object_component_ref idref="oc-bfd"/>
      </symbol>
      <symbol id="sm-f23">
         <name>__mspabi_fltid</name>
         <value>0x15504</value>
         <object_component_ref idref="oc-c49"/>
      </symbol>
      <symbol id="sm-f3b">
         <name>__mspabi_fltlid</name>
         <value>0x140dc</value>
         <object_component_ref idref="oc-c09"/>
      </symbol>
      <symbol id="sm-f61">
         <name>__mspabi_mpyd</name>
         <value>0x11994</value>
         <object_component_ref idref="oc-bbc"/>
      </symbol>
      <symbol id="sm-f6c">
         <name>__TI_frcmpyd</name>
         <value>0x12f94</value>
         <object_component_ref idref="oc-c26"/>
      </symbol>
      <symbol id="sm-f78">
         <name>__mspabi_negd</name>
         <value>0x1509e</value>
         <object_component_ref idref="oc-b43"/>
      </symbol>
      <symbol id="sm-f80">
         <name>__mspabi_slll_9</name>
         <value>0x14d9e</value>
         <object_component_ref idref="oc-c54"/>
      </symbol>
      <symbol id="sm-f81">
         <name>__mspabi_slll_8</name>
         <value>0x14da2</value>
         <object_component_ref idref="oc-c54"/>
      </symbol>
      <symbol id="sm-f82">
         <name>__mspabi_slll_7</name>
         <value>0x14da6</value>
         <object_component_ref idref="oc-c54"/>
      </symbol>
      <symbol id="sm-f83">
         <name>__mspabi_slll_6</name>
         <value>0x14daa</value>
         <object_component_ref idref="oc-c54"/>
      </symbol>
      <symbol id="sm-f84">
         <name>__mspabi_slll_5</name>
         <value>0x14dae</value>
         <object_component_ref idref="oc-c54"/>
      </symbol>
      <symbol id="sm-f85">
         <name>__mspabi_slll_4</name>
         <value>0x14db2</value>
         <object_component_ref idref="oc-c54"/>
      </symbol>
      <symbol id="sm-f86">
         <name>__mspabi_slll_3</name>
         <value>0x14db6</value>
         <object_component_ref idref="oc-c54"/>
      </symbol>
      <symbol id="sm-f87">
         <name>__mspabi_slll_2</name>
         <value>0x14dba</value>
         <object_component_ref idref="oc-c54"/>
      </symbol>
      <symbol id="sm-f88">
         <name>__mspabi_slll_1</name>
         <value>0x14dbe</value>
         <object_component_ref idref="oc-c54"/>
      </symbol>
      <symbol id="sm-f89">
         <name>__mspabi_slll_15</name>
         <value>0x14d86</value>
         <object_component_ref idref="oc-c54"/>
      </symbol>
      <symbol id="sm-f8a">
         <name>__mspabi_slll_14</name>
         <value>0x14d8a</value>
         <object_component_ref idref="oc-c54"/>
      </symbol>
      <symbol id="sm-f8b">
         <name>__mspabi_slll_13</name>
         <value>0x14d8e</value>
         <object_component_ref idref="oc-c54"/>
      </symbol>
      <symbol id="sm-f8c">
         <name>__mspabi_slll_12</name>
         <value>0x14d92</value>
         <object_component_ref idref="oc-c54"/>
      </symbol>
      <symbol id="sm-f8d">
         <name>__mspabi_slll_11</name>
         <value>0x14d96</value>
         <object_component_ref idref="oc-c54"/>
      </symbol>
      <symbol id="sm-f8e">
         <name>__mspabi_slll_10</name>
         <value>0x14d9a</value>
         <object_component_ref idref="oc-c54"/>
      </symbol>
      <symbol id="sm-f9b">
         <name>__mspabi_sllll</name>
         <value>0x14f28</value>
         <object_component_ref idref="oc-be7"/>
      </symbol>
      <symbol id="sm-fa3">
         <name>__mspabi_sral_15</name>
         <value>0x14d48</value>
         <object_component_ref idref="oc-c79"/>
      </symbol>
      <symbol id="sm-fa4">
         <name>__mspabi_sral_14</name>
         <value>0x14d4c</value>
         <object_component_ref idref="oc-c79"/>
      </symbol>
      <symbol id="sm-fa5">
         <name>__mspabi_sral_13</name>
         <value>0x14d50</value>
         <object_component_ref idref="oc-c79"/>
      </symbol>
      <symbol id="sm-fa6">
         <name>__mspabi_sral_12</name>
         <value>0x14d54</value>
         <object_component_ref idref="oc-c79"/>
      </symbol>
      <symbol id="sm-fa7">
         <name>__mspabi_sral_11</name>
         <value>0x14d58</value>
         <object_component_ref idref="oc-c79"/>
      </symbol>
      <symbol id="sm-fa8">
         <name>__mspabi_sral_10</name>
         <value>0x14d5c</value>
         <object_component_ref idref="oc-c79"/>
      </symbol>
      <symbol id="sm-fa9">
         <name>__mspabi_sral_8</name>
         <value>0x14d64</value>
         <object_component_ref idref="oc-c79"/>
      </symbol>
      <symbol id="sm-faa">
         <name>__mspabi_sral_9</name>
         <value>0x14d60</value>
         <object_component_ref idref="oc-c79"/>
      </symbol>
      <symbol id="sm-fab">
         <name>__mspabi_sral_6</name>
         <value>0x14d6c</value>
         <object_component_ref idref="oc-c79"/>
      </symbol>
      <symbol id="sm-fac">
         <name>__mspabi_sral_7</name>
         <value>0x14d68</value>
         <object_component_ref idref="oc-c79"/>
      </symbol>
      <symbol id="sm-fad">
         <name>__mspabi_sral_4</name>
         <value>0x14d74</value>
         <object_component_ref idref="oc-c79"/>
      </symbol>
      <symbol id="sm-fae">
         <name>__mspabi_sral_5</name>
         <value>0x14d70</value>
         <object_component_ref idref="oc-c79"/>
      </symbol>
      <symbol id="sm-faf">
         <name>__mspabi_sral_2</name>
         <value>0x14d7c</value>
         <object_component_ref idref="oc-c79"/>
      </symbol>
      <symbol id="sm-fb0">
         <name>__mspabi_sral_3</name>
         <value>0x14d78</value>
         <object_component_ref idref="oc-c79"/>
      </symbol>
      <symbol id="sm-fb1">
         <name>__mspabi_sral_1</name>
         <value>0x14d80</value>
         <object_component_ref idref="oc-c79"/>
      </symbol>
      <symbol id="sm-fbe">
         <name>__mspabi_srlll</name>
         <value>0x14f62</value>
         <object_component_ref idref="oc-b8d"/>
      </symbol>
      <symbol id="sm-fc7">
         <name>__mspabi_subd</name>
         <value>0x1503e</value>
         <object_component_ref idref="oc-c0f"/>
      </symbol>
      <symbol id="sm-1001">
         <name>__mspabi_addd</name>
         <value>0x10810</value>
         <object_component_ref idref="oc-c5e"/>
      </symbol>
      <symbol id="sm-100e">
         <name>__mspabi_srall</name>
         <value>0x14c8a</value>
         <object_component_ref idref="oc-c99"/>
      </symbol>
      <symbol id="sm-1018">
         <name>abs</name>
         <value>0x1551a</value>
         <object_component_ref idref="oc-c1c"/>
      </symbol>
      <symbol id="sm-102b">
         <name>atoi</name>
         <value>0x146de</value>
         <object_component_ref idref="oc-ac2"/>
      </symbol>
      <symbol id="sm-1035">
         <name>_ctypes_</name>
         <value>0x432e</value>
         <object_component_ref idref="oc-b24"/>
      </symbol>
      <symbol id="sm-103c">
         <name>errno</name>
         <value>0x1c3c</value>
         <object_component_ref idref="oc-aea"/>
      </symbol>
      <symbol id="sm-1058">
         <name>frexpl</name>
         <value>0x13f96</value>
         <object_component_ref idref="oc-bc9"/>
      </symbol>
      <symbol id="sm-1059">
         <name>frexp</name>
         <value>0x13f96</value>
         <object_component_ref idref="oc-bc9"/>
      </symbol>
      <symbol id="sm-1072">
         <name>scalbn</name>
         <value>0x130f8</value>
         <object_component_ref idref="oc-c3d"/>
      </symbol>
      <symbol id="sm-1073">
         <name>scalbnl</name>
         <value>0x130f8</value>
         <object_component_ref idref="oc-c3d"/>
      </symbol>
      <symbol id="sm-1074">
         <name>ldexpl</name>
         <value>0x130f8</value>
         <object_component_ref idref="oc-c3d"/>
      </symbol>
      <symbol id="sm-1075">
         <name>ldexp</name>
         <value>0x130f8</value>
         <object_component_ref idref="oc-c3d"/>
      </symbol>
      <symbol id="sm-107e">
         <name>copysign</name>
         <value>0x150cc</value>
         <object_component_ref idref="oc-c89"/>
      </symbol>
      <symbol id="sm-107f">
         <name>copysignl</name>
         <value>0x150cc</value>
         <object_component_ref idref="oc-c89"/>
      </symbol>
      <symbol id="sm-108e">
         <name>memccpy</name>
         <value>0x151ca</value>
         <object_component_ref idref="oc-adc"/>
      </symbol>
      <symbol id="sm-109c">
         <name>memset</name>
         <value>0x153c6</value>
         <object_component_ref idref="oc-ac9"/>
      </symbol>
      <symbol id="sm-10ab">
         <name>strchr</name>
         <value>0x15332</value>
         <object_component_ref idref="oc-c43"/>
      </symbol>
      <symbol id="sm-10b8">
         <name>strlen</name>
         <value>0x154d2</value>
         <object_component_ref idref="oc-9f5"/>
      </symbol>
      <symbol id="sm-10c5">
         <name>toupper</name>
         <value>0x15468</value>
         <object_component_ref idref="oc-b3d"/>
      </symbol>
      <symbol id="sm-10dd">
         <name>wcslen</name>
         <value>0x153f2</value>
         <object_component_ref idref="oc-ae4"/>
      </symbol>
   </symbol_table>
   <title>Link successful</title>
</link_info>
